Component: ARM Compiler 5.06 update 6 (build 750) Tool: armlink [4d35ed]

==============================================================================

Section Cross References

    startup_stm32f40_41xxx.o(STACK) refers (Special) to heapauxi.o(.text) for __use_two_region_memory
    startup_stm32f40_41xxx.o(HEAP) refers (Special) to heapauxi.o(.text) for __use_two_region_memory
    startup_stm32f40_41xxx.o(RESET) refers (Special) to heapauxi.o(.text) for __use_two_region_memory
    startup_stm32f40_41xxx.o(RESET) refers to startup_stm32f40_41xxx.o(STACK) for __initial_sp
    startup_stm32f40_41xxx.o(RESET) refers to startup_stm32f40_41xxx.o(.text) for Reset_Handler
    startup_stm32f40_41xxx.o(RESET) refers to stm32f4xx_it.o(i.NMI_Handler) for NMI_Handler
    startup_stm32f40_41xxx.o(RESET) refers to stm32f4xx_it.o(i.HardFault_Handler) for HardFault_Handler
    startup_stm32f40_41xxx.o(RESET) refers to stm32f4xx_it.o(i.MemManage_Handler) for MemManage_Handler
    startup_stm32f40_41xxx.o(RESET) refers to stm32f4xx_it.o(i.BusFault_Handler) for BusFault_Handler
    startup_stm32f40_41xxx.o(RESET) refers to stm32f4xx_it.o(i.UsageFault_Handler) for UsageFault_Handler
    startup_stm32f40_41xxx.o(RESET) refers to stm32f4xx_it.o(i.SVC_Handler) for SVC_Handler
    startup_stm32f40_41xxx.o(RESET) refers to stm32f4xx_it.o(i.DebugMon_Handler) for DebugMon_Handler
    startup_stm32f40_41xxx.o(RESET) refers to stm32f4xx_it.o(i.PendSV_Handler) for PendSV_Handler
    startup_stm32f40_41xxx.o(RESET) refers to stm32f4xx_it.o(i.SysTick_Handler) for SysTick_Handler
    startup_stm32f40_41xxx.o(RESET) refers to timer.o(i.TIM3_IRQHandler) for TIM3_IRQHandler
    startup_stm32f40_41xxx.o(RESET) refers to uart.o(i.USART1_IRQHandler) for USART1_IRQHandler
    startup_stm32f40_41xxx.o(RESET) refers to lan8720.o(i.ETH_IRQHandler) for ETH_IRQHandler
    startup_stm32f40_41xxx.o(.text) refers (Special) to heapauxi.o(.text) for __use_two_region_memory
    startup_stm32f40_41xxx.o(.text) refers to system_stm32f4xx.o(i.SystemInit) for SystemInit
    startup_stm32f40_41xxx.o(.text) refers to __main.o(!!!main) for __main
    startup_stm32f40_41xxx.o(.text) refers to startup_stm32f40_41xxx.o(HEAP) for Heap_Mem
    startup_stm32f40_41xxx.o(.text) refers to startup_stm32f40_41xxx.o(STACK) for Stack_Mem
    system_stm32f4xx.o(i.SystemCoreClockUpdate) refers to system_stm32f4xx.o(.data) for SystemCoreClock
    system_stm32f4xx.o(i.SystemInit) refers to system_stm32f4xx.o(i.SetSysClock) for SetSysClock
    main.o(i.main) refers to delay.o(i.delay_init) for delay_init
    main.o(i.main) refers to misc.o(i.NVIC_PriorityGroupConfig) for NVIC_PriorityGroupConfig
    main.o(i.main) refers to uart.o(i.uart_init) for uart_init
    main.o(i.main) refers to malloc.o(i.my_mem_init) for my_mem_init
    main.o(i.main) refers to timer.o(i.TIM3_Int_Init) for TIM3_Int_Init
    main.o(i.main) refers to lwip_comm.o(i.lwip_comm_init) for lwip_comm_init
    main.o(i.main) refers to lwip_comm.o(i.lwip_periodic_handle) for lwip_periodic_handle
    main.o(i.main) refers to lwip_comm.o(.bss) for lwipdev
    delay.o(i.delay_init) refers to delay.o(.data) for fac_us
    delay.o(i.delay_ms) refers to delay.o(i.delay_xms) for delay_xms
    delay.o(i.delay_us) refers to delay.o(.data) for fac_us
    delay.o(i.delay_xms) refers to delay.o(.data) for fac_ms
    uart.o(.rev16_text) refers (Special) to use_no_semi_2.o(.text) for __use_no_semihosting
    uart.o(.revsh_text) refers (Special) to use_no_semi_2.o(.text) for __use_no_semihosting
    uart.o(.rrx_text) refers (Special) to use_no_semi_2.o(.text) for __use_no_semihosting
    uart.o(i.USART1_IRQHandler) refers (Special) to use_no_semi_2.o(.text) for __use_no_semihosting
    uart.o(i.USART1_IRQHandler) refers to stm32f4xx_usart.o(i.USART_GetITStatus) for USART_GetITStatus
    uart.o(i.USART1_IRQHandler) refers to stm32f4xx_usart.o(i.USART_ReceiveData) for USART_ReceiveData
    uart.o(i.USART1_IRQHandler) refers to uart.o(.data) for USART_RX_STA
    uart.o(i.USART1_IRQHandler) refers to uart.o(.bss) for USART_RX_BUF
    uart.o(i._sys_exit) refers (Special) to use_no_semi_2.o(.text) for __use_no_semihosting
    uart.o(i.fputc) refers (Special) to use_no_semi_2.o(.text) for __use_no_semihosting
    uart.o(i.uart_init) refers (Special) to use_no_semi_2.o(.text) for __use_no_semihosting
    uart.o(i.uart_init) refers to stm32f4xx_rcc.o(i.RCC_AHB1PeriphClockCmd) for RCC_AHB1PeriphClockCmd
    uart.o(i.uart_init) refers to stm32f4xx_rcc.o(i.RCC_APB2PeriphClockCmd) for RCC_APB2PeriphClockCmd
    uart.o(i.uart_init) refers to stm32f4xx_gpio.o(i.GPIO_PinAFConfig) for GPIO_PinAFConfig
    uart.o(i.uart_init) refers to stm32f4xx_gpio.o(i.GPIO_Init) for GPIO_Init
    uart.o(i.uart_init) refers to stm32f4xx_usart.o(i.USART_Init) for USART_Init
    uart.o(i.uart_init) refers to stm32f4xx_usart.o(i.USART_Cmd) for USART_Cmd
    uart.o(i.uart_init) refers to stm32f4xx_usart.o(i.USART_ITConfig) for USART_ITConfig
[...]
    _printf_truncate_signed                   - Undefined Weak Reference
    _printf_truncate_unsigned                 - Undefined Weak Reference
    _rand_init                                - Undefined Weak Reference
    _signal_finish                            - Undefined Weak Reference
    _signal_init                              - Undefined Weak Reference
    _terminate_alloc                          - Undefined Weak Reference
    _terminate_user_alloc                     - Undefined Weak Reference
    _terminateio                              - Undefined Weak Reference
    __Vectors_Size                           0x00000188   Number         0  startup_stm32f40_41xxx.o ABSOLUTE
    __Vectors                                0x08000000   Data           4  startup_stm32f40_41xxx.o(RESET)
    __Vectors_End                            0x08000188   Data           0  startup_stm32f40_41xxx.o(RESET)
    __main                                   0x08000189   Thumb Code     8  __main.o(!!!main)
    __scatterload                            0x08000191   Thumb Code     0  __scatter.o(!!!scatter)
    __scatterload_rt2                        0x08000191   Thumb Code    44  __scatter.o(!!!scatter)
    __scatterload_rt2_thumb_only             0x08000191   Thumb Code     0  __scatter.o(!!!scatter)
    __scatterload_null                       0x0800019f   Thumb Code     0  __scatter.o(!!!scatter)
    __scatterload_copy                       0x080001c5   Thumb Code    26  __scatter_copy.o(!!handler_copy)
    __scatterload_zeroinit                   0x080001e1   Thumb Code    28  __scatter_zi.o(!!handler_zi)
    _printf_d                                0x080001fd   Thumb Code     0  _printf_d.o(.ARM.Collect$$_printf_percent$$00000009)
    _printf_percent                          0x080001fd   Thumb Code     0  _printf_percent.o(.ARM.Collect$$_printf_percent$$00000000)
    _printf_s                                0x08000203   Thumb Code     0  _printf_s.o(.ARM.Collect$$_printf_percent$$00000014)
    _printf_percent_end                      0x08000209   Thumb Code     0  _printf_percent_end.o(.ARM.Collect$$_printf_percent$$00000017)
    __rt_lib_init                            0x0800020d   Thumb Code     0  libinit.o(.ARM.Collect$$libinit$$00000000)
    __rt_lib_init_fp_1                       0x0800020f   Thumb Code     0  libinit2.o(.ARM.Collect$$libinit$$00000001)
    __rt_lib_init_alloca_1                   0x08000213   Thumb Code     0  libinit2.o(.ARM.Collect$$libinit$$0000002E)
    __rt_lib_init_argv_1                     0x08000213   Thumb Code     0  libinit2.o(.ARM.Collect$$libinit$$0000002C)
    __rt_lib_init_atexit_1                   0x08000213   Thumb Code     0  libinit2.o(.ARM.Collect$$libinit$$0000001B)
    __rt_lib_init_clock_1                    0x08000213   Thumb Code     0  libinit2.o(.ARM.Collect$$libinit$$00000021)
    __rt_lib_init_cpp_1                      0x08000213   Thumb Code     0  libinit2.o(.ARM.Collect$$libinit$$00000032)
    __rt_lib_init_exceptions_1               0x08000213   Thumb Code     0  libinit2.o(.ARM.Collect$$libinit$$00000030)
    __rt_lib_init_fp_trap_1                  0x08000213   Thumb Code     0  libinit2.o(.ARM.Collect$$libinit$$0000001F)
    __rt_lib_init_getenv_1                   0x08000213   Thumb Code     0  libinit2.o(.ARM.Collect$$libinit$$00000023)
    __rt_lib_init_heap_1                     0x08000213   Thumb Code     0  libinit2.o(.ARM.Collect$$libinit$$0000000A)
    __rt_lib_init_lc_collate_1               0x08000213   Thumb Code     0  libinit2.o(.ARM.Collect$$libinit$$00000011)
    __rt_lib_init_lc_ctype_1                 0x08000213   Thumb Code     0  libinit2.o(.ARM.Collect$$libinit$$00000013)
    __rt_lib_init_lc_monetary_1              0x08000213   Thumb Code     0  libinit2.o(.ARM.Collect$$libinit$$00000015)
    __rt_lib_init_lc_numeric_1               0x08000213   Thumb Code     0  libinit2.o(.ARM.Collect$$libinit$$00000017)
    __rt_lib_init_lc_time_1                  0x08000213   Thumb Code     0  libinit2.o(.ARM.Collect$$libinit$$00000019)
    __rt_lib_init_preinit_1                  0x08000213   Thumb Code     0  libinit2.o(.ARM.Collect$$libinit$$00000004)
    __rt_lib_init_rand_1                     0x08000213   Thumb Code     0  libinit2.o(.ARM.Collect$$libinit$$0000000E)
    __rt_lib_init_return                     0x08000213   Thumb Code     0  libinit2.o(.ARM.Collect$$libinit$$00000033)
    __rt_lib_init_signal_1                   0x08000213   Thumb Code     0  libinit2.o(.ARM.Collect$$libinit$$0000001D)
    __rt_lib_init_stdio_1                    0x08000213   Thumb Code     0  libinit2.o(.ARM.Collect$$libinit$$00000025)
    __rt_lib_init_user_alloc_1               0x08000213   Thumb Code     0  libinit2.o(.ARM.Collect$$libinit$$0000000C)
    __rt_lib_shutdown                        0x08000215   Thumb Code     0  libshutdown.o(.ARM.Collect$$libshutdown$$00000000)
    __rt_lib_shutdown_cpp_1                  0x08000217   Thumb Code     0  libshutdown2.o(.ARM.Collect$$libshutdown$$00000002)
    __rt_lib_shutdown_fp_trap_1              0x08000217   Thumb Code     0  libshutdown2.o(.ARM.Collect$$libshutdown$$00000007)
    __rt_lib_shutdown_heap_1                 0x08000217   Thumb Code     0  libshutdown2.o(.ARM.Collect$$libshutdown$$0000000F)
    __rt_lib_shutdown_return                 0x08000217   Thumb Code     0  libshutdown2.o(.ARM.Collect$$libshutdown$$00000010)
    __rt_lib_shutdown_signal_1               0x08000217   Thumb Code     0  libshutdown2.o(.ARM.Collect$$libshutdown$$0000000A)
    __rt_lib_shutdown_stdio_1                0x08000217   Thumb Code     0  libshutdown2.o(.ARM.Collect$$libshutdown$$00000004)
    __rt_lib_shutdown_user_alloc_1           0x08000217   Thumb Code     0  libshutdown2.o(.ARM.Collect$$libshutdown$$0000000C)
    __rt_entry                               0x08000219   Thumb Code     0  __rtentry.o(.ARM.Collect$$rtentry$$00000000)
    __rt_entry_presh_1                       0x08000219   Thumb Code     0  __rtentry2.o(.ARM.Collect$$rtentry$$00000002)
    __rt_entry_sh                            0x08000219   Thumb Code     0  __rtentry4.o(.ARM.Collect$$rtentry$$00000004)
    __rt_entry_li                            0x0800021f   Thumb Code     0  __rtentry2.o(.ARM.Collect$$rtentry$$0000000A)
    __rt_entry_postsh_1                      0x0800021f   Thumb Code     0  __rtentry2.o(.ARM.Collect$$rtentry$$00000009)
    __rt_entry_main                          0x08000223   Thumb Code     0  __rtentry2.o(.ARM.Collect$$rtentry$$0000000D)
    __rt_entry_postli_1                      0x08000223   Thumb Code     0  __rtentry2.o(.ARM.Collect$$rtentry$$0000000C)
    __rt_exit                                0x0800022b   Thumb Code     0  rtexit.o(.ARM.Collect$$rtexit$$00000000)
    __rt_exit_ls                             0x0800022d   Thumb Code     0  rtexit2.o(.ARM.Collect$$rtexit$$00000003)
    __rt_exit_prels_1                        0x0800022d   Thumb Code     0  rtexit2.o(.ARM.Collect$$rtexit$$00000002)
    __rt_exit_exit                           0x08000231   Thumb Code     0  rtexit2.o(.ARM.Collect$$rtexit$$00000004)
    Reset_Handler                            0x08000239   Thumb Code     8  startup_stm32f40_41xxx.o(.text)
    ADC_IRQHandler                           0x08000253   Thumb Code     0  startup_stm32f40_41xxx.o(.text)
    CAN1_RX0_IRQHandler                      0x08000253   Thumb Code     0  startup_stm32f40_41xxx.o(.text)
    CAN1_RX1_IRQHandler                      0x08000253   Thumb Code     0  startup_stm32f40_41xxx.o(.text)
    CAN1_SCE_IRQHandler                      0x08000253   Thumb Code     0  startup_stm32f40_41xxx.o(.text)
    CAN1_TX_IRQHandler                       0x08000253   Thumb Code     0  startup_stm32f40_41xxx.o(.text)
    CAN2_RX0_IRQHandler                      0x08000253   Thumb Code     0  startup_stm32f40_41xxx.o(.text)
    CAN2_RX1_IRQHandler                      0x08000253   Thumb Code     0  startup_stm32f40_41xxx.o(.text)
    CAN2_SCE_IRQHandler                      0x08000253   Thumb Code     0  startup_stm32f40_41xxx.o(.text)
    CAN2_TX_IRQHandler                       0x08000253   Thumb Code     0  startup_stm32f40_41xxx.o(.text)
    CRYP_IRQHandler                          0x08000253   Thumb Code     0  startup_stm32f40_41xxx.o(.text)
    DCMI_IRQHandler                          0x08000253   Thumb Code     0  startup_stm32f40_41xxx.o(.text)
    DMA1_Stream0_IRQHandler                  0x08000253   Thumb Code     0  startup_stm32f40_41xxx.o(.text)
    DMA1_Stream1_IRQHandler                  0x08000253   Thumb Code     0  startup_stm32f40_41xxx.o(.text)
    DMA1_Stream2_IRQHandler                  0x08000253   Thumb Code     0  startup_stm32f40_41xxx.o(.text)
    DMA1_Stream3_IRQHandler                  0x08000253   Thumb Code     0  startup_stm32f40_41xxx.o(.text)
    DMA1_Stream4_IRQHandler                  0x08000253   Thumb Code     0  startup_stm32f40_41xxx.o(.text)
    DMA1_Stream5_IRQHandler                  0x08000253   Thumb Code     0  startup_stm32f40_41xxx.o(.text)
    DMA1_Stream6_IRQHandler                  0x08000253   Thumb Code     0  startup_stm32f40_41xxx.o(.text)
    DMA1_Stream7_IRQHandler                  0x08000253   Thumb Code     0  startup_stm32f40_41xxx.o(.text)
    DMA2_Stream0_IRQHandler                  0x08000253   Thumb Code     0  startup_stm32f40_41xxx.o(.text)
    DMA2_Stream1_IRQHandler                  0x08000253   Thumb Code     0  startup_stm32f40_41xxx.o(.text)
    DMA2_Stream2_IRQHandler                  0x08000253   Thumb Code     0  startup_stm32f40_41xxx.o(.text)
    DMA2_Stream3_IRQHandler                  0x08000253   Thumb Code     0  startup_stm32f40_41xxx.o(.text)
    DMA2_Stream4_IRQHandler                  0x08000253   Thumb Code     0  startup_stm32f40_41xxx.o(.text)
    DMA2_Stream5_IRQHandler                  0x08000253   Thumb Code     0  startup_stm32f40_41xxx.o(.text)
    DMA2_Stream6_IRQHandler                  0x08000253   Thumb Code     0  startup_stm32f40_41xxx.o(.text)
    DMA2_Stream7_IRQHandler                  0x08000253   Thumb Code     0  startup_stm32f40_41xxx.o(.text)
    ETH_WKUP_IRQHandler                      0x08000253   Thumb Code     0  startup_stm32f40_41xxx.o(.text)
    EXTI0_IRQHandler                         0x08000253   Thumb Code     0  startup_stm32f40_41xxx.o(.text)
    EXTI15_10_IRQHandler                     0x08000253   Thumb Code     0  startup_stm32f40_41xxx.o(.text)
    EXTI1_IRQHandler                         0x08000253   Thumb Code     0  startup_stm32f40_41xxx.o(.text)
    EXTI2_IRQHandler                         0x08000253   Thumb Code     0  startup_stm32f40_41xxx.o(.text)
    EXTI3_IRQHandler                         0x08000253   Thumb Code     0  startup_stm32f40_41xxx.o(.text)
    EXTI4_IRQHandler                         0x08000253   Thumb Code     0  startup_stm32f40_41xxx.o(.text)
    EXTI9_5_IRQHandler                       0x08000253   Thumb Code     0  startup_stm32f40_41xxx.o(.text)
    FLASH_IRQHandler                         0x08000253   Thumb Code     0  startup_stm32f40_41xxx.o(.text)
    FPU_IRQHandler                           0x08000253   Thumb Code     0  startup_stm32f40_41xxx.o(.text)
    FSMC_IRQHandler                          0x08000253   Thumb Code     0  startup_stm32f40_41xxx.o(.text)
    HASH_RNG_IRQHandler                      0x08000253   Thumb Code     0  startup_stm32f40_41xxx.o(.text)
    I2C1_ER_IRQHandler                       0x08000253   Thumb Code     0  startup_stm32f40_41xxx.o(.text)
    I2C1_EV_IRQHandler                       0x08000253   Thumb Code     0  startup_stm32f40_41xxx.o(.text)
    I2C2_ER_IRQHandler                       0x08000253   Thumb Code     0  startup_stm32f40_41xxx.o(.text)
    I2C2_EV_IRQHandler                       0x08000253   Thumb Code     0  startup_stm32f40_41xxx.o(.text)
    I2C3_ER_IRQHandler                       0x08000253   Thumb Code     0  startup_stm32f40_41xxx.o(.text)
    I2C3_EV_IRQHandler                       0x08000253   Thumb Code     0  startup_stm32f40_41xxx.o(.text)
    OTG_FS_IRQHandler                        0x08000253   Thumb Code     0  startup_stm32f40_41xxx.o(.text)
    OTG_FS_WKUP_IRQHandler                   0x08000253   Thumb Code     0  startup_stm32f40_41xxx.o(.text)
    OTG_HS_EP1_IN_IRQHandler                 0x08000253   Thumb Code     0  startup_stm32f40_41xxx.o(.text)
    OTG_HS_EP1_OUT_IRQHandler                0x08000253   Thumb Code     0  startup_stm32f40_41xxx.o(.text)
    OTG_HS_IRQHandler                        0x08000253   Thumb Code     0  startup_stm32f40_41xxx.o(.text)
    OTG_HS_WKUP_IRQHandler                   0x08000253   Thumb Code     0  startup_stm32f40_41xxx.o(.text)
    PVD_IRQHandler                           0x08000253   Thumb Code     0  startup_stm32f40_41xxx.o(.text)
    RCC_IRQHandler                           0x08000253   Thumb Code     0  startup_stm32f40_41xxx.o(.text)
    RTC_Alarm_IRQHandler                     0x08000253   Thumb Code     0  startup_stm32f40_41xxx.o(.text)
    RTC_WKUP_IRQHandler                      0x08000253   Thumb Code     0  startup_stm32f40_41xxx.o(.text)
    SDIO_IRQHandler                          0x08000253   Thumb Code     0  startup_stm32f40_41xxx.o(.text)
    SPI1_IRQHandler                          0x08000253   Thumb Code     0  startup_stm32f40_41xxx.o(.text)
    SPI2_IRQHandler                          0x08000253   Thumb Code     0  startup_stm32f40_41xxx.o(.text)
    SPI3_IRQHandler                          0x08000253   Thumb Code     0  startup_stm32f40_41xxx.o(.text)
    TAMP_STAMP_IRQHandler                    0x08000253   Thumb Code     0  startup_stm32f40_41xxx.o(.text)
    TIM1_BRK_TIM9_IRQHandler                 0x08000253   Thumb Code     0  startup_stm32f40_41xxx.o(.text)
    TIM1_CC_IRQHandler                       0x08000253   Thumb Code     0  startup_stm32f40_41xxx.o(.text)
    TIM1_TRG_COM_TIM11_IRQHandler            0x08000253   Thumb Code     0  startup_stm32f40_41xxx.o(.text)
    TIM1_UP_TIM10_IRQHandler                 0x08000253   Thumb Code     0  startup_stm32f40_41xxx.o(.text)
    TIM2_IRQHandler                          0x08000253   Thumb Code     0  startup_stm32f40_41xxx.o(.text)
    TIM4_IRQHandler                          0x08000253   Thumb Code     0  startup_stm32f40_41xxx.o(.text)
    TIM5_IRQHandler                          0x08000253   Thumb Code     0  startup_stm32f40_41xxx.o(.text)
    TIM6_DAC_IRQHandler                      0x08000253   Thumb Code     0  startup_stm32f40_41xxx.o(.text)
    TIM7_IRQHandler                          0x08000253   Thumb Code     0  startup_stm32f40_41xxx.o(.text)
    TIM8_BRK_TIM12_IRQHandler                0x08000253   Thumb Code     0  startup_stm32f40_41xxx.o(.text)
    TIM8_CC_IRQHandler                       0x08000253   Thumb Code     0  startup_stm32f40_41xxx.o(.text)
    TIM8_TRG_COM_TIM14_IRQHandler            0x08000253   Thumb Code     0  startup_stm32f40_41xxx.o(.text)
    TIM8_UP_TIM13_IRQHandler                 0x08000253   Thumb Code     0  startup_stm32f40_41xxx.o(.text)
    UART4_IRQHandler                         0x08000253   Thumb Code     0  startup_stm32f40_41xxx.o(.text)
    UART5_IRQHandler                         0x08000253   Thumb Code     0  startup_stm32f40_41xxx.o(.text)
    USART2_IRQHandler                        0x08000253   Thumb Code     0  startup_stm32f40_41xxx.o(.text)
    USART3_IRQHandler                        0x08000253   Thumb Code     0  startup_stm32f40_41xxx.o(.text)
    USART6_IRQHandler                        0x08000253   Thumb Code     0  startup_stm32f40_41xxx.o(.text)
    WWDG_IRQHandler                          0x08000253   Thumb Code     0  startup_stm32f40_41xxx.o(.text)
    __user_initial_stackheap                 0x08000255   Thumb Code     0  startup_stm32f40_41xxx.o(.text)
    __use_no_semihosting                     0x08000279   Thumb Code     2  use_no_semi_2.o(.text)
    __2printf                                0x0800027d   Thumb Code    20  noretval__2printf.o(.text)
    __printf                                 0x08000295   Thumb Code   104  __printf.o(.text)
    _printf_str                              0x080002fd   Thumb Code    82  _printf_str.o(.text)
    _printf_int_dec                          0x08000351   Thumb Code   104  _printf_dec.o(.text)
    memcmp                                   0x080003c9   Thumb Code    88  memcmp.o(.text)
    __aeabi_memcpy                           0x08000421   Thumb Code     0  rt_memcpy_v6.o(.text)
    __rt_memcpy                              0x08000421   Thumb Code   138  rt_memcpy_v6.o(.text)
    _memcpy_lastbytes                        0x08000487   Thumb Code     0  rt_memcpy_v6.o(.text)
    __aeabi_memclr4                          0x080004ab   Thumb Code     0  rt_memclr_w.o(.text)
    __aeabi_memclr8                          0x080004ab   Thumb Code     0  rt_memclr_w.o(.text)
    __rt_memclr_w                            0x080004ab   Thumb Code    78  rt_memclr_w.o(.text)
    _memset_w                                0x080004af   Thumb Code     0  rt_memclr_w.o(.text)
    __use_two_region_memory                  0x080004f9   Thumb Code     2  heapauxi.o(.text)
    __rt_heap_escrow$2region                 0x080004fb   Thumb Code     2  heapauxi.o(.text)
    __rt_heap_expand$2region                 0x080004fd   Thumb Code     2  heapauxi.o(.text)
    __I$use$semihosting                      0x080004ff   Thumb Code     0  use_no_semi.o(.text)
    __use_no_semihosting_swi                 0x080004ff   Thumb Code     2  use_no_semi.o(.text)
    _printf_int_common                       0x08000501   Thumb Code   178  _printf_intcommon.o(.text)
    _printf_cs_common                        0x080005b3   Thumb Code    20  _printf_char.o(.text)
    _printf_char                             0x080005c7   Thumb Code    16  _printf_char.o(.text)
    _printf_string                           0x080005d7   Thumb Code     8  _printf_char.o(.text)
    _printf_char_file                        0x080005e1   Thumb Code    32  _printf_char_file.o(.text)
    __aeabi_memcpy4                          0x08000605   Thumb Code     0  rt_memcpy_w.o(.text)
    __aeabi_memcpy8                          0x08000605   Thumb Code     0  rt_memcpy_w.o(.text)
    __rt_memcpy_w                            0x08000605   Thumb Code   100  rt_memcpy_w.o(.text)
    _memcpy_lastbytes_aligned                0x0800064d   Thumb Code     0  rt_memcpy_w.o(.text)
    _printf_char_common                      0x08000673   Thumb Code    32  _printf_char_common.o(.text)
    ferror                                   0x08000699   Thumb Code     8  ferror.o(.text)
    __user_setup_stackheap                   0x080006a1   Thumb Code    74  sys_stackheap_outer.o(.text)
    exit                                     0x080006eb   Thumb Code    18  exit.o(.text)
    __user_libspace                          0x080006fd   Thumb Code     8  libspace.o(.text)
    __user_perproc_libspace                  0x080006fd   Thumb Code     0  libspace.o(.text)
    __user_perthread_libspace                0x080006fd   Thumb Code     0  libspace.o(.text)
    BusFault_Handler                         0x08000705   Thumb Code     4  stm32f4xx_it.o(i.BusFault_Handler)
    DebugMon_Handler                         0x08000709   Thumb Code     2  stm32f4xx_it.o(i.DebugMon_Handler)
    ETH_DMAClearITPendingBit                 0x0800072d   Thumb Code     6  stm32f4x7_eth.o(i.ETH_DMAClearITPendingBit)
    ETH_DMAITConfig                          0x08000739   Thumb Code    26  stm32f4x7_eth.o(i.ETH_DMAITConfig)
    ETH_DMAReceptionCmd                      0x08000759   Thumb Code    30  stm32f4x7_eth.o(i.ETH_DMAReceptionCmd)
    ETH_DMARxDescChainInit                   0x0800077d   Thumb Code    82  stm32f4x7_eth.o(i.ETH_DMARxDescChainInit)
    ETH_DMATransmissionCmd                   0x080007e1   Thumb Code    30  stm32f4x7_eth.o(i.ETH_DMATransmissionCmd)
    ETH_DMATxDescChainInit                   0x08000805   Thumb Code    70  stm32f4x7_eth.o(i.ETH_DMATxDescChainInit)
    ETH_DMATxDescChecksumInsertionConfig     0x08000855   Thumb Code     8  stm32f4x7_eth.o(i.ETH_DMATxDescChecksumInsertionConfig)
    ETH_DeInit                               0x0800085d   Thumb Code    22  stm32f4x7_eth.o(i.ETH_DeInit)
    ETH_FlushTransmitFIFO                    0x08000891   Thumb Code    40  stm32f4x7_eth.o(i.ETH_FlushTransmitFIFO)
    ETH_GetCurrentTxBuffer                   0x080008bd   Thumb Code     8  lan8720.o(i.ETH_GetCurrentTxBuffer)
    ETH_GetDMARxDescFrameLength              0x080008c9   Thumb Code    10  stm32f4x7_eth.o(i.ETH_GetDMARxDescFrameLength)
    ETH_GetRxPktSize                         0x080008d3   Thumb Code    42  stm32f4x7_eth.o(i.ETH_GetRxPktSize)
    ETH_GetSoftwareResetStatus               0x080008fd   Thumb Code    20  stm32f4x7_eth.o(i.ETH_GetSoftwareResetStatus)
    ETH_IRQHandler                           0x08000915   Thumb Code    36  lan8720.o(i.ETH_IRQHandler)
    ETH_Init                                 0x0800093d   Thumb Code   762  stm32f4x7_eth.o(i.ETH_Init)
    ETH_MACAddressConfig                     0x08000c65   Thumb Code    46  stm32f4x7_eth.o(i.ETH_MACAddressConfig)
    ETH_MACDMA_Config                        0x08000c99   Thumb Code   136  lan8720.o(i.ETH_MACDMA_Config)
    ETH_MACReceptionCmd                      0x08000d25   Thumb Code    58  stm32f4x7_eth.o(i.ETH_MACReceptionCmd)
    ETH_MACTransmissionCmd                   0x08000d65   Thumb Code    58  stm32f4x7_eth.o(i.ETH_MACTransmissionCmd)
    ETH_Mem_Free                             0x08000da5   Thumb Code    44  lan8720.o(i.ETH_Mem_Free)
    ETH_Mem_Malloc                           0x08000de1   Thumb Code    90  lan8720.o(i.ETH_Mem_Malloc)
    ETH_ReadPHYRegister                      0x08000e4d   Thumb Code    98  stm32f4x7_eth.o(i.ETH_ReadPHYRegister)
    ETH_Rx_Packet                            0x08000eb9   Thumb Code   148  lan8720.o(i.ETH_Rx_Packet)
    ETH_SoftwareReset                        0x08000f55   Thumb Code    14  stm32f4x7_eth.o(i.ETH_SoftwareReset)
    ETH_Start                                0x08000f69   Thumb Code    32  stm32f4x7_eth.o(i.ETH_Start)
    ETH_StructInit                           0x08000f89   Thumb Code   178  stm32f4x7_eth.o(i.ETH_StructInit)
    ETH_Tx_Packet                            0x0800103d   Thumb Code    94  lan8720.o(i.ETH_Tx_Packet)
    ETH_WritePHYRegister                     0x080010a5   Thumb Code    96  stm32f4x7_eth.o(i.ETH_WritePHYRegister)
    GPIO_Init                                0x0800110d   Thumb Code   144  stm32f4xx_gpio.o(i.GPIO_Init)
    GPIO_PinAFConfig                         0x0800119d   Thumb Code    70  stm32f4xx_gpio.o(i.GPIO_PinAFConfig)
    GPIO_WriteBit                            0x080011e3   Thumb Code    10  stm32f4xx_gpio.o(i.GPIO_WriteBit)
    HardFault_Handler                        0x080011ed   Thumb Code     4  stm32f4xx_it.o(i.HardFault_Handler)
    LAN8720_Init                             0x080011f1   Thumb Code   256  lan8720.o(i.LAN8720_Init)
    MemManage_Handler                        0x08001301   Thumb Code     4  stm32f4xx_it.o(i.MemManage_Handler)
    NMI_Handler                              0x08001305   Thumb Code     2  stm32f4xx_it.o(i.NMI_Handler)
    NVIC_Init                                0x08001309   Thumb Code   106  misc.o(i.NVIC_Init)
    NVIC_PriorityGroupConfig                 0x08001381   Thumb Code    10  misc.o(i.NVIC_PriorityGroupConfig)
    PendSV_Handler                           0x08001395   Thumb Code     2  stm32f4xx_it.o(i.PendSV_Handler)
    RCC_AHB1PeriphClockCmd                   0x08001399   Thumb Code    26  stm32f4xx_rcc.o(i.RCC_AHB1PeriphClockCmd)
    RCC_AHB1PeriphResetCmd                   0x080013b9   Thumb Code    26  stm32f4xx_rcc.o(i.RCC_AHB1PeriphResetCmd)
    RCC_APB1PeriphClockCmd                   0x080013d9   Thumb Code    26  stm32f4xx_rcc.o(i.RCC_APB1PeriphClockCmd)
    RCC_APB2PeriphClockCmd                   0x080013f9   Thumb Code    26  stm32f4xx_rcc.o(i.RCC_APB2PeriphClockCmd)
    RCC_GetClocksFreq                        0x08001419   Thumb Code   214  stm32f4xx_rcc.o(i.RCC_GetClocksFreq)
    SVC_Handler                              0x08001501   Thumb Code     2  stm32f4xx_it.o(i.SVC_Handler)
    SYSCFG_ETH_MediaInterfaceConfig          0x08001505   Thumb Code     6  stm32f4xx_syscfg.o(i.SYSCFG_ETH_MediaInterfaceConfig)
    SysTick_Handler                          0x080015fd   Thumb Code     2  stm32f4xx_it.o(i.SysTick_Handler)
    SystemInit                               0x08001601   Thumb Code    88  system_stm32f4xx.o(i.SystemInit)
    TIM3_IRQHandler                          0x08001669   Thumb Code    34  timer.o(i.TIM3_IRQHandler)
    TIM3_Int_Init                            0x08001695   Thumb Code    88  timer.o(i.TIM3_Int_Init)
    TIM_ClearITPendingBit                    0x080016f1   Thumb Code     6  stm32f4xx_tim.o(i.TIM_ClearITPendingBit)
    TIM_Cmd                                  0x080016f7   Thumb Code    24  stm32f4xx_tim.o(i.TIM_Cmd)
    TIM_GetITStatus                          0x0800170f   Thumb Code    34  stm32f4xx_tim.o(i.TIM_GetITStatus)
    TIM_ITConfig                             0x08001731   Thumb Code    18  stm32f4xx_tim.o(i.TIM_ITConfig)
    TIM_TimeBaseInit                         0x08001745   Thumb Code   104  stm32f4xx_tim.o(i.TIM_TimeBaseInit)
    USART1_IRQHandler                        0x080017c9   Thumb Code   122  uart.o(i.USART1_IRQHandler)
    USART_Cmd                                0x08001851   Thumb Code    24  stm32f4xx_usart.o(i.USART_Cmd)
    USART_GetITStatus                        0x08001869   Thumb Code    84  stm32f4xx_usart.o(i.USART_GetITStatus)
    USART_ITConfig                           0x080018bd   Thumb Code    74  stm32f4xx_usart.o(i.USART_ITConfig)
    USART_Init                               0x08001909   Thumb Code   204  stm32f4xx_usart.o(i.USART_Init)
    USART_ReceiveData                        0x080019dd   Thumb Code    10  stm32f4xx_usart.o(i.USART_ReceiveData)
    UsageFault_Handler                       0x080019e7   Thumb Code     4  stm32f4xx_it.o(i.UsageFault_Handler)
    _sys_exit                                0x080019eb   Thumb Code     4  uart.o(i._sys_exit)
    delay_init                               0x08001a0d   Thumb Code    56  delay.o(i.delay_init)
    delay_ms                                 0x08001a4d   Thumb Code    56  delay.o(i.delay_ms)
    delay_xms                                0x08001a85   Thumb Code    56  delay.o(i.delay_xms)
    dhcp_arp_reply                           0x08001ac1   Thumb Code    66  dhcp.o(i.dhcp_arp_reply)
    dhcp_coarse_tmr                          0x08001d4d   Thumb Code    62  dhcp.o(i.dhcp_coarse_tmr)
    dhcp_fine_tmr                            0x080022fd   Thumb Code    64  dhcp.o(i.dhcp_fine_tmr)
    dhcp_release                             0x08003089   Thumb Code   162  dhcp.o(i.dhcp_release)
    dhcp_renew                               0x08003131   Thumb Code   134  dhcp.o(i.dhcp_renew)
    dhcp_start                               0x080032bd   Thumb Code   268  dhcp.o(i.dhcp_start)
    dhcp_stop                                0x0800346d   Thumb Code   102  dhcp.o(i.dhcp_stop)
    etharp_cleanup_netif                     0x08003831   Thumb Code    52  etharp.o(i.etharp_cleanup_netif)
    etharp_output                            0x08003b89   Thumb Code   376  etharp.o(i.etharp_output)
    etharp_query                             0x08003eb9   Thumb Code   436  etharp.o(i.etharp_query)
    etharp_request                           0x080042c9   Thumb Code    36  etharp.o(i.etharp_request)
    etharp_tmr                               0x080043ad   Thumb Code   136  etharp.o(i.etharp_tmr)
    ethernet_input                           0x08004591   Thumb Code   198  etharp.o(i.ethernet_input)
    ethernetif_init                          0x080046e1   Thumb Code    58  ethernetif.o(i.ethernetif_init)
    ethernetif_input                         0x08004795   Thumb Code    44  ethernetif.o(i.ethernetif_input)
    fputc                                    0x080047c1   Thumb Code    22  uart.o(i.fputc)
    icmp_dest_unreach                        0x080047dd   Thumb Code    18  icmp.o(i.icmp_dest_unreach)
    icmp_input                               0x080047f1   Thumb Code   454  icmp.o(i.icmp_input)
    icmp_time_exceeded                       0x08004c29   Thumb Code    18  icmp.o(i.icmp_time_exceeded)
    inet_chksum                              0x08004c3b   Thumb Code    20  inet_chksum.o(i.inet_chksum)
    inet_chksum_pbuf                         0x08004c4f   Thumb Code    86  inet_chksum.o(i.inet_chksum_pbuf)
    ip4_addr_isbroadcast                     0x08004ca5   Thumb Code    78  ip_addr.o(i.ip4_addr_isbroadcast)
    ip_frag                                  0x08004cf5   Thumb Code   448  ip_frag.o(i.ip_frag)
    ip_input                                 0x08004fe9   Thumb Code   420  ip.o(i.ip_input)
    ip_output                                0x080051a1   Thumb Code    80  ip.o(i.ip_output)
    ip_output_if                             0x0800525d   Thumb Code   240  ip.o(i.ip_output_if)
    ip_reass                                 0x080053ed   Thumb Code   386  ip_frag.o(i.ip_reass)
    ip_reass_tmr                             0x08005c29   Thumb Code    48  ip_frag.o(i.ip_reass_tmr)
    ip_route                                 0x08005c5d   Thumb Code    76  ip.o(i.ip_route)
    lwip_comm_default_ip_set                 0x08005ed5   Thumb Code    90  lwip_comm.o(i.lwip_comm_default_ip_set)
    lwip_comm_init                           0x08005f35   Thumb Code   114  lwip_comm.o(i.lwip_comm_init)
    lwip_comm_mem_free                       0x08005fb9   Thumb Code    24  lwip_comm.o(i.lwip_comm_mem_free)
    lwip_comm_mem_malloc                     0x08005fd9   Thumb Code    60  lwip_comm.o(i.lwip_comm_mem_malloc)
    lwip_dhcp_process_handle                 0x0800601d   Thumb Code   418  lwip_comm.o(i.lwip_dhcp_process_handle)
    lwip_htonl                               0x08006369   Thumb Code    26  def.o(i.lwip_htonl)
    lwip_htons                               0x08006383   Thumb Code    12  def.o(i.lwip_htons)
    lwip_init                                0x0800638f   Thumb Code    28  init.o(i.lwip_init)
    lwip_ntohl                               0x080063ab   Thumb Code    12  def.o(i.lwip_ntohl)
    lwip_ntohs                               0x080063b7   Thumb Code    12  def.o(i.lwip_ntohs)
    lwip_periodic_handle                     0x080063c5   Thumb Code   138  lwip_comm.o(i.lwip_periodic_handle)
    lwip_pkt_handle                          0x08006469   Thumb Code    10  lwip_comm.o(i.lwip_pkt_handle)
    main                                     0x080064d9   Thumb Code    92  main.o(i.main)
    mem_free                                 0x08006539   Thumb Code   150  mem.o(i.mem_free)
    mem_init                                 0x08006689   Thumb Code    78  mem.o(i.mem_init)
    mem_malloc                               0x080066e9   Thumb Code   366  mem.o(i.mem_malloc)
    mem_trim                                 0x08006961   Thumb Code   308  mem.o(i.mem_trim)
    memp_free                                0x08006b35   Thumb Code    60  memp.o(i.memp_free)
    memp_get_memorysize                      0x08006bf5   Thumb Code     8  memp.o(i.memp_get_memorysize)
    memp_init                                0x08006bfd   Thumb Code    86  memp.o(i.memp_init)
    memp_malloc                              0x08006c65   Thumb Code    88  memp.o(i.memp_malloc)
    my_mem_free                              0x08006d65   Thumb Code    96  malloc.o(i.my_mem_free)
    my_mem_init                              0x08006dd1   Thumb Code    54  malloc.o(i.my_mem_init)
    my_mem_malloc                            0x08006e15   Thumb Code   156  malloc.o(i.my_mem_malloc)
    my_mem_perused                           0x08006ebd   Thumb Code    54  malloc.o(i.my_mem_perused)
    myfree                                   0x08006efd   Thumb Code    30  malloc.o(i.myfree)
    mymalloc                                 0x08006f21   Thumb Code    34  malloc.o(i.mymalloc)
    mymemset                                 0x08006f49   Thumb Code    20  malloc.o(i.mymemset)
    netif_add                                0x08006f5d   Thumb Code   122  netif.o(i.netif_add)
    netif_init                               0x08007059   Thumb Code     2  netif.o(i.netif_init)
    netif_set_addr                           0x0800705b   Thumb Code    40  netif.o(i.netif_set_addr)
    netif_set_default                        0x08007085   Thumb Code     6  netif.o(i.netif_set_default)
    netif_set_down                           0x08007091   Thumb Code    42  netif.o(i.netif_set_down)
    netif_set_gw                             0x080070bb   Thumb Code    12  netif.o(i.netif_set_gw)
    netif_set_ipaddr                         0x080070c9   Thumb Code   110  netif.o(i.netif_set_ipaddr)
    netif_set_netmask                        0x08007141   Thumb Code    12  netif.o(i.netif_set_netmask)
    netif_set_up                             0x0800714d   Thumb Code    54  netif.o(i.netif_set_up)
    pbuf_alloc                               0x08007185   Thumb Code   638  pbuf.o(i.pbuf_alloc)
    pbuf_alloced_custom                      0x080075a5   Thumb Code   140  pbuf.o(i.pbuf_alloced_custom)
    pbuf_cat                                 0x080076b5   Thumb Code   126  pbuf.o(i.pbuf_cat)
    pbuf_chain                               0x0800780d   Thumb Code    22  pbuf.o(i.pbuf_chain)
    pbuf_clen                                0x08007823   Thumb Code    18  pbuf.o(i.pbuf_clen)
    pbuf_copy                                0x08007835   Thumb Code   320  pbuf.o(i.pbuf_copy)
    pbuf_copy_partial                        0x08007a75   Thumb Code   182  pbuf.o(i.pbuf_copy_partial)
    pbuf_free                                0x08007bd1   Thumb Code   248  pbuf.o(i.pbuf_free)
    pbuf_header                              0x08007d89   Thumb Code   192  pbuf.o(i.pbuf_header)
    pbuf_realloc                             0x08007ee5   Thumb Code   252  pbuf.o(i.pbuf_realloc)
    pbuf_ref                                 0x080080bd   Thumb Code    10  pbuf.o(i.pbuf_ref)
    raw_input                                0x08008289   Thumb Code   102  raw.o(i.raw_input)
    sys_now                                  0x080082fd   Thumb Code     6  sys_arch.o(i.sys_now)
    sys_timeout                              0x08008309   Thumb Code   174  timers.o(i.sys_timeout)
    sys_timeouts_init                        0x0800845d   Thumb Code    60  timers.o(i.sys_timeouts_init)
    tcp_abandon                              0x080084ad   Thumb Code   160  tcp.o(i.tcp_abandon)
    tcp_abort                                0x080085e9   Thumb Code    14  tcp.o(i.tcp_abort)
    tcp_alloc                                0x080085f9   Thumb Code   172  tcp.o(i.tcp_alloc)
    tcp_close                                0x080086b5   Thumb Code    28  tcp.o(i.tcp_close)
    tcp_eff_send_mss                         0x080089d5   Thumb Code    46  tcp.o(i.tcp_eff_send_mss)
    tcp_enqueue_flags                        0x08008a05   Thumb Code   396  tcp_out.o(i.tcp_enqueue_flags)
    tcp_fasttmr                              0x08008c9d   Thumb Code   110  tcp.o(i.tcp_fasttmr)
    tcp_init                                 0x08008d19   Thumb Code     2  tcp.o(i.tcp_init)
    tcp_input                                0x08008d1d   Thumb Code  1672  tcp_in.o(i.tcp_input)
    tcp_keepalive                            0x080093cd   Thumb Code    68  tcp_out.o(i.tcp_keepalive)
    tcp_next_iss                             0x080095d1   Thumb Code    20  tcp.o(i.tcp_next_iss)
    tcp_output                               0x080095ed   Thumb Code   492  tcp_out.o(i.tcp_output)
    tcp_pcb_purge                            0x08009b29   Thumb Code    64  tcp.o(i.tcp_pcb_purge)
    tcp_pcb_remove                           0x08009b69   Thumb Code   184  tcp.o(i.tcp_pcb_remove)
    tcp_process_refused_data                 0x0800a331   Thumb Code   140  tcp.o(i.tcp_process_refused_data)
    tcp_recv_null                            0x0800acb1   Thumb Code    46  tcp.o(i.tcp_recv_null)
    tcp_recved                               0x0800ace1   Thumb Code   124  tcp.o(i.tcp_recved)
    tcp_rexmit                               0x0800ae05   Thumb Code    90  tcp_out.o(i.tcp_rexmit)
    tcp_rexmit_fast                          0x0800ae5f   Thumb Code   112  tcp_out.o(i.tcp_rexmit_fast)
    tcp_rexmit_rto                           0x0800aecf   Thumb Code    58  tcp_out.o(i.tcp_rexmit_rto)
    tcp_rst                                  0x0800af09   Thumb Code   148  tcp_out.o(i.tcp_rst)
    tcp_seg_free                             0x0800b02d   Thumb Code    26  tcp.o(i.tcp_seg_free)
    tcp_segs_free                            0x0800b047   Thumb Code    24  tcp.o(i.tcp_segs_free)
    tcp_send_empty_ack                       0x0800b05f   Thumb Code    78  tcp_out.o(i.tcp_send_empty_ack)
    tcp_send_fin                             0x0800b0ad   Thumb Code    74  tcp_out.o(i.tcp_send_fin)
    tcp_slowtmr                              0x0800b0f9   Thumb Code  1436  tcp.o(i.tcp_slowtmr)
    tcp_timer_needed                         0x0800b6c1   Thumb Code    38  timers.o(i.tcp_timer_needed)
    tcp_tmr                                  0x0800b7a5   Thumb Code    30  tcp.o(i.tcp_tmr)
    tcp_update_rcv_ann_wnd                   0x0800b7c9   Thumb Code   102  tcp.o(i.tcp_update_rcv_ann_wnd)
    tcp_zero_window_probe                    0x0800b8a9   Thumb Code   164  tcp_out.o(i.tcp_zero_window_probe)
    uart_init                                0x0800b985   Thumb Code   164  uart.o(i.uart_init)
    udp_bind                                 0x0800ba31   Thumb Code   146  udp.o(i.udp_bind)
    udp_connect                              0x0800bb31   Thumb Code    94  udp.o(i.udp_connect)
    udp_init                                 0x0800bb95   Thumb Code     2  udp.o(i.udp_init)
    udp_input                                0x0800bb99   Thumb Code   492  udp.o(i.udp_input)
    udp_new                                  0x0800be15   Thumb Code    28  udp.o(i.udp_new)
    udp_recv                                 0x0800be89   Thumb Code     6  udp.o(i.udp_recv)
    udp_remove                               0x0800be91   Thumb Code    60  udp.o(i.udp_remove)
    udp_sendto_if                            0x0800bed1   Thumb Code   230  udp.o(i.udp_sendto_if)
    _fp_init                                 0x0800c045   Thumb Code    10  fpinit.o(x$fpl$fpinit)
    __fplib_config_fpu_vfp                   0x0800c04d   Thumb Code     0  fpinit.o(x$fpl$fpinit)
    __fplib_config_pureend_doubles           0x0800c04d   Thumb Code     0  fpinit.o(x$fpl$fpinit)
    memtblsize                               0x0800c050   Data          12  malloc.o(.constdata)
    memblksize                               0x0800c05c   Data          12  malloc.o(.constdata)
    memsize                                  0x0800c068   Data          12  malloc.o(.constdata)
    ethbroadcast                             0x0800c074   Data           6  etharp.o(.constdata)
    ethzero                                  0x0800c07a   Data           6  etharp.o(.constdata)
    ip_addr_any                              0x0800c080   Data           4  ip_addr.o(.constdata)
    ip_addr_broadcast                        0x0800c084   Data           4  ip_addr.o(.constdata)
    tcp_state_str                            0x0800c0b0   Data          44  tcp.o(.constdata)
    tcp_backoff                              0x0800c0dc   Data          13  tcp.o(.constdata)
    tcp_persist_backoff                      0x0800c0e9   Data           7  tcp.o(.constdata)
    tcp_pcb_lists                            0x0800c0f0   Data          16  tcp.o(.constdata)
    Region$$Table$$Base                      0x0800c2a0   Number         0  anon$$obj.o(Region$$Table)
    Region$$Table$$Limit                     0x0800c2c0   Number         0  anon$$obj.o(Region$$Table)
    mem3base                                 0x10000000   Data       61440  malloc.o(.ARM.__AT_0x10000000)
    mem3mapbase                              0x1000f000   Data        3840  malloc.o(.ARM.__AT_0x1000F000)
    USART_RX_STA                             0x20000004   Data           2  uart.o(.data)
    __stdout                                 0x20000008   Data           4  uart.o(.data)
    mallco_dev                               0x2000000c   Data          36  malloc.o(.data)
    DMARxDscrTab                             0x20000030   Data           4  lan8720.o(.data)
    DMATxDscrTab                             0x20000034   Data           4  lan8720.o(.data)
    Rx_Buff                                  0x20000038   Data           4  lan8720.o(.data)
    Tx_Buff                                  0x2000003c   Data           4  lan8720.o(.data)
    DMATxDescToSet                           0x20000050   Data           4  stm32f4x7_eth.o(.data)
    DMARxDescToGet                           0x20000054   Data           4  stm32f4x7_eth.o(.data)
    DMA_RX_FRAME_infos                       0x20000058   Data           4  stm32f4x7_eth.o(.data)
    Frame_Rx_index                           0x2000005c   Data           4  stm32f4x7_eth.o(.data)
    current_netif                            0x20000064   Data           4  ip.o(.data)
    current_header                           0x20000068   Data           4  ip.o(.data)
    current_iphdr_src                        0x2000006c   Data           4  ip.o(.data)
    current_iphdr_dest                       0x20000070   Data           4  ip.o(.data)
    ram_heap                                 0x20000084   Data           4  mem.o(.data)
    memp_memory                              0x20000094   Data           4  memp.o(.data)
    netif_list                               0x20000098   Data           4  netif.o(.data)
    netif_default                            0x2000009c   Data           4  netif.o(.data)
    tcp_ticks                                0x200000ac   Data           4  tcp.o(.data)
    tcp_bound_pcbs                           0x200000b0   Data           4  tcp.o(.data)
    tcp_listen_pcbs                          0x200000b4   Data           4  tcp.o(.data)
    tcp_active_pcbs                          0x200000b8   Data           4  tcp.o(.data)
    tcp_tw_pcbs                              0x200000bc   Data           4  tcp.o(.data)
    tcp_tmp_pcb                              0x200000c0   Data           4  tcp.o(.data)
    tcp_active_pcbs_changed                  0x200000c4   Data           1  tcp.o(.data)
    tcp_input_pcb                            0x200000e8   Data           4  tcp_in.o(.data)
    udp_pcbs                                 0x200000fc   Data           4  udp.o(.data)
    TCPTimer                                 0x20000100   Data           4  lwip_comm.o(.data)
    ARPTimer                                 0x20000104   Data           4  lwip_comm.o(.data)
    lwip_localtime                           0x20000108   Data           4  lwip_comm.o(.data)
    DHCPfineTimer                            0x2000010c   Data           4  lwip_comm.o(.data)
    DHCPcoarseTimer                          0x20000110   Data           4  lwip_comm.o(.data)
    USART_RX_BUF                             0x20000114   Data         200  uart.o(.bss)
    mem1base                                 0x200001e0   Data       102400  malloc.o(.bss)
    mem1mapbase                              0x200191e0   Data        6400  malloc.o(.bss)
    RX_Frame_Descriptor                      0x2001aae0   Data          12  stm32f4x7_eth.o(.bss)
    dhcp_rx_options_val                      0x2001abb4   Data          40  dhcp.o(.bss)
    dhcp_rx_options_given                    0x2001abdc   Data          10  dhcp.o(.bss)
    lwipdev                                  0x2001ac20   Data          23  lwip_comm.o(.bss)
    lwip_netif                               0x2001ac38   Data          52  lwip_comm.o(.bss)
    __libspace_start                         0x2001ac6c   Data          96  libspace.o(.bss)
    __temporary_stack_top$libspace           0x2001accc   Data           0  libspace.o(.bss)
    mem2base                                 0x68000000   Data       983040  malloc.o(.ARM.__AT_0x68000000)
    mem2mapbase                              0x680f0000   Data       61440  malloc.o(.ARM.__AT_0x680F0000)



==============================================================================

Memory Map of the image

  Image Entry point : 0x08000189

  Load Region LR_IROM1 (Base: 0x08000000, Size: 0x0000c3d4, Max: 0x00100000, ABSOLUTE)

    Execution Region ER_IROM1 (Exec base: 0x08000000, Load base: 0x08000000, Size: 0x0000c2c0, Max: 0x00100000, ABSOLUTE)

    Exec Addr    Load Addr    Size         Type   Attr      Idx    E Section Name        Object

    0x08000000   0x08000000   0x00000188   Data   RO            3    RESET               startup_stm32f40_41xxx.o
    0x08000188   0x08000188   0x00000008   Code   RO         4608  * !!!main             c_w.l(__main.o)
    0x08000190   0x08000190   0x00000034   Code   RO         4780    !!!scatter          c_w.l(__scatter.o)
    0x080001c4   0x080001c4   0x0000001a   Code   RO         4782    !!handler_copy      c_w.l(__scatter_copy.o)
    0x080001de   0x080001de   0x00000002   PAD
    0x080001e0   0x080001e0   0x0000001c   Code   RO         4784    !!handler_zi        c_w.l(__scatter_zi.o)
    0x080001fc   0x080001fc   0x00000000   Code   RO         4595    .ARM.Collect$$_printf_percent$$00000000  c_w.l(_printf_percent.o)
    0x080001fc   0x080001fc   0x00000006   Code   RO         4594    .ARM.Collect$$_printf_percent$$00000009  c_w.l(_printf_d.o)
    0x08000202   0x08000202   0x00000006   Code   RO         4593    .ARM.Collect$$_printf_percent$$00000014  c_w.l(_printf_s.o)
    0x08000208   0x08000208   0x00000004   Code   RO         4619    .ARM.Collect$$_printf_percent$$00000017  c_w.l(_printf_percent_end.o)
    0x0800020c   0x0800020c   0x00000002   Code   RO         4654    .ARM.Collect$$libinit$$00000000  c_w.l(libinit.o)
    0x0800020e   0x0800020e   0x00000004   Code   RO         4660    .ARM.Collect$$libinit$$00000001  c_w.l(libinit2.o)
    0x08000212   0x08000212   0x00000000   Code   RO         4663    .ARM.Collect$$libinit$$00000004  c_w.l(libinit2.o)
    0x08000212   0x08000212   0x00000000   Code   RO         4666    .ARM.Collect$$libinit$$0000000A  c_w.l(libinit2.o)
    0x08000212   0x08000212   0x00000000   Code   RO         4668    .ARM.Collect$$libinit$$0000000C  c_w.l(libinit2.o)
    0x08000212   0x08000212   0x00000000   Code   RO         4670    .ARM.Collect$$libinit$$0000000E  c_w.l(libinit2.o)
    0x08000212   0x08000212   0x00000000   Code   RO         4673    .ARM.Collect$$libinit$$00000011  c_w.l(libinit2.o)
    0x08000212   0x08000212   0x00000000   Code   RO         4675    .ARM.Collect$$libinit$$00000013  c_w.l(libinit2.o)
    0x08000212   0x08000212   0x00000000   Code   RO         4677    .ARM.Collect$$libinit$$00000015  c_w.l(libinit2.o)
    0x08000212   0x08000212   0x00000000   Code   RO         4679    .ARM.Collect$$libinit$$00000017  c_w.l(libinit2.o)
    0x08000212   0x08000212   0x00000000   Code   RO         4681    .ARM.Collect$$libinit$$00000019  c_w.l(libinit2.o)
    0x08000212   0x08000212   0x00000000   Code   RO         4683    .ARM.Collect$$libinit$$0000001B  c_w.l(libinit2.o)
    0x08000212   0x08000212   0x00000000   Code   RO         4685    .ARM.Collect$$libinit$$0000001D  c_w.l(libinit2.o)
    0x08000212   0x08000212   0x00000000   Code   RO         4687    .ARM.Collect$$libinit$$0000001F  c_w.l(libinit2.o)
    0x08000212   0x08000212   0x00000000   Code   RO         4689    .ARM.Collect$$libinit$$00000021  c_w.l(libinit2.o)
    0x08000212   0x08000212   0x00000000   Code   RO         4691    .ARM.Collect$$libinit$$00000023  c_w.l(libinit2.o)
    0x08000212   0x08000212   0x00000000   Code   RO         4693    .ARM.Collect$$libinit$$00000025  c_w.l(libinit2.o)
    0x08000212   0x08000212   0x00000000   Code   RO         4697    .ARM.Collect$$libinit$$0000002C  c_w.l(libinit2.o)
    0x08000212   0x08000212   0x00000000   Code   RO         4699    .ARM.Collect$$libinit$$0000002E  c_w.l(libinit2.o)
    0x08000212   0x08000212   0x00000000   Code   RO         4701    .ARM.Collect$$libinit$$00000030  c_w.l(libinit2.o)
    0x08000212   0x08000212   0x00000000   Code   RO         4703    .ARM.Collect$$libinit$$00000032  c_w.l(libinit2.o)
    0x08000212   0x08000212   0x00000002   Code   RO         4704    .ARM.Collect$$libinit$$00000033  c_w.l(libinit2.o)
    0x08000214   0x08000214   0x00000002   Code   RO         4722    .ARM.Collect$$libshutdown$$00000000  c_w.l(libshutdown.o)
    0x08000216   0x08000216   0x00000000   Code   RO         4732    .ARM.Collect$$libshutdown$$00000002  c_w.l(libshutdown2.o)
    0x08000216   0x08000216   0x00000000   Code   RO         4734    .ARM.Collect$$libshutdown$$00000004  c_w.l(libshutdown2.o)
    0x08000216   0x08000216   0x00000000   Code   RO         4737    .ARM.Collect$$libshutdown$$00000007  c_w.l(libshutdown2.o)
    0x08000216   0x08000216   0x00000000   Code   RO         4740    .ARM.Collect$$libshutdown$$0000000A  c_w.l(libshutdown2.o)
    0x08000216   0x08000216   0x00000000   Code   RO         4742    .ARM.Collect$$libshutdown$$0000000C  c_w.l(libshutdown2.o)
    0x08000216   0x08000216   0x00000000   Code   RO         4745    .ARM.Collect$$libshutdown$$0000000F  c_w.l(libshutdown2.o)
    0x08000216   0x08000216   0x00000002   Code   RO         4746    .ARM.Collect$$libshutdown$$00000010  c_w.l(libshutdown2.o)
    0x08000218   0x08000218   0x00000000   Code   RO         4612    .ARM.Collect$$rtentry$$00000000  c_w.l(__rtentry.o)
    0x08000218   0x08000218   0x00000000   Code   RO         4623    .ARM.Collect$$rtentry$$00000002  c_w.l(__rtentry2.o)
    0x08000218   0x08000218   0x00000006   Code   RO         4635    .ARM.Collect$$rtentry$$00000004  c_w.l(__rtentry4.o)
    0x0800021e   0x0800021e   0x00000000   Code   RO         4625    .ARM.Collect$$rtentry$$00000009  c_w.l(__rtentry2.o)
    0x0800021e   0x0800021e   0x00000004   Code   RO         4626    .ARM.Collect$$rtentry$$0000000A  c_w.l(__rtentry2.o)
    0x08000222   0x08000222   0x00000000   Code   RO         4628    .ARM.Collect$$rtentry$$0000000C  c_w.l(__rtentry2.o)
    0x08000222   0x08000222   0x00000008   Code   RO         4629    .ARM.Collect$$rtentry$$0000000D  c_w.l(__rtentry2.o)
    0x0800022a   0x0800022a   0x00000002   Code   RO         4658    .ARM.Collect$$rtexit$$00000000  c_w.l(rtexit.o)
    0x0800022c   0x0800022c   0x00000000   Code   RO         4706    .ARM.Collect$$rtexit$$00000002  c_w.l(rtexit2.o)
    0x0800022c   0x0800022c   0x00000004   Code   RO         4707    .ARM.Collect$$rtexit$$00000003  c_w.l(rtexit2.o)
    0x08000230   0x08000230   0x00000006   Code   RO         4708    .ARM.Collect$$rtexit$$00000004  c_w.l(rtexit2.o)
    0x08000236   0x08000236   0x00000002   PAD
    0x08000238   0x08000238   0x00000040   Code   RO            4    .text               startup_stm32f40_41xxx.o
    0x08000278   0x08000278   0x00000002   Code   RO         4561    .text               c_w.l(use_no_semi_2.o)
    0x0800027a   0x0800027a   0x00000002   PAD
    0x0800027c   0x0800027c   0x00000018   Code   RO         4565    .text               c_w.l(noretval__2printf.o)
    0x08000294   0x08000294   0x00000068   Code   RO         4567    .text               c_w.l(__printf.o)
    0x080002fc   0x080002fc   0x00000052   Code   RO         4569    .text               c_w.l(_printf_str.o)
    0x0800034e   0x0800034e   0x00000002   PAD
    0x08000350   0x08000350   0x00000078   Code   RO         4571    .text               c_w.l(_printf_dec.o)
    0x080003c8   0x080003c8   0x00000058   Code   RO         4596    .text               c_w.l(memcmp.o)
    0x08000420   0x08000420   0x0000008a   Code   RO         4600    .text               c_w.l(rt_memcpy_v6.o)
    0x080004aa   0x080004aa   0x0000004e   Code   RO         4604    .text               c_w.l(rt_memclr_w.o)
    0x080004f8   0x080004f8   0x00000006   Code   RO         4606    .text               c_w.l(heapauxi.o)
    0x080004fe   0x080004fe   0x00000002   Code   RO         4610    .text               c_w.l(use_no_semi.o)
    0x08000500   0x08000500   0x000000b2   Code   RO         4613    .text               c_w.l(_printf_intcommon.o)
    0x080005b2   0x080005b2   0x0000002c   Code   RO         4615    .text               c_w.l(_printf_char.o)
    0x080005de   0x080005de   0x00000002   PAD
    0x080005e0   0x080005e0   0x00000024   Code   RO         4617    .text               c_w.l(_printf_char_file.o)
    0x08000604   0x08000604   0x00000064   Code   RO         4620    .text               c_w.l(rt_memcpy_w.o)
    0x08000668   0x08000668   0x00000030   Code   RO         4637    .text               c_w.l(_printf_char_common.o)
    0x08000698   0x08000698   0x00000008   Code   RO         4639    .text               c_w.l(ferror.o)
    0x080006a0   0x080006a0   0x0000004a   Code   RO         4643    .text               c_w.l(sys_stackheap_outer.o)
    0x080006ea   0x080006ea   0x00000012   Code   RO         4647    .text               c_w.l(exit.o)
    0x080006fc   0x080006fc   0x00000008   Code   RO         4655    .text               c_w.l(libspace.o)
    0x08000704   0x08000704   0x00000004   Code   RO          354    i.BusFault_Handler  stm32f4xx_it.o
    0x08000708   0x08000708   0x00000002   Code   RO          355    i.DebugMon_Handler  stm32f4xx_it.o
    0x0800070a   0x0800070a   0x00000020   Code   RO          548    i.ETHERNET_NVICConfiguration  lan8720.o
    0x0800072a   0x0800072a   0x00000002   PAD
    0x0800072c   0x0800072c   0x0000000c   Code   RO         2080    i.ETH_DMAClearITPendingBit  stm32f4x7_eth.o
    0x08000738   0x08000738   0x00000020   Code   RO         2081    i.ETH_DMAITConfig   stm32f4x7_eth.o
    0x08000758   0x08000758   0x00000024   Code   RO         2082    i.ETH_DMAReceptionCmd  stm32f4x7_eth.o
    0x0800077c   0x0800077c   0x00000064   Code   RO         2083    i.ETH_DMARxDescChainInit  stm32f4x7_eth.o
    0x080007e0   0x080007e0   0x00000024   Code   RO         2085    i.ETH_DMATransmissionCmd  stm32f4x7_eth.o
    0x08000804   0x08000804   0x00000050   Code   RO         2088    i.ETH_DMATxDescChainInit  stm32f4x7_eth.o
    0x08000854   0x08000854   0x00000008   Code   RO         2089    i.ETH_DMATxDescChecksumInsertionConfig  stm32f4x7_eth.o
    0x0800085c   0x0800085c   0x00000016   Code   RO         2094    i.ETH_DeInit        stm32f4x7_eth.o
    0x08000872   0x08000872   0x0000001c   Code   RO         2095    i.ETH_Delay         stm32f4x7_eth.o
    0x0800088e   0x0800088e   0x00000002   PAD
    0x08000890   0x08000890   0x0000002c   Code   RO         2097    i.ETH_FlushTransmitFIFO  stm32f4x7_eth.o
    0x080008bc   0x080008bc   0x0000000c   Code   RO          549    i.ETH_GetCurrentTxBuffer  lan8720.o
    0x080008c8   0x080008c8   0x0000000a   Code   RO         2109    i.ETH_GetDMARxDescFrameLength  stm32f4x7_eth.o
    0x080008d2   0x080008d2   0x0000002a   Code   RO         2122    i.ETH_GetRxPktSize  stm32f4x7_eth.o
    0x080008fc   0x080008fc   0x00000018   Code   RO         2123    i.ETH_GetSoftwareResetStatus  stm32f4x7_eth.o
    0x08000914   0x08000914   0x00000028   Code   RO          550    i.ETH_IRQHandler    lan8720.o
    0x0800093c   0x0800093c   0x00000328   Code   RO         2128    i.ETH_Init          stm32f4x7_eth.o
    0x08000c64   0x08000c64   0x00000034   Code   RO         2130    i.ETH_MACAddressConfig  stm32f4x7_eth.o
    0x08000c98   0x08000c98   0x0000008c   Code   RO          551    i.ETH_MACDMA_Config  lan8720.o
    0x08000d24   0x08000d24   0x00000040   Code   RO         2135    i.ETH_MACReceptionCmd  stm32f4x7_eth.o
    0x08000d64   0x08000d64   0x00000040   Code   RO         2136    i.ETH_MACTransmissionCmd  stm32f4x7_eth.o
    0x08000da4   0x08000da4   0x0000003c   Code   RO          552    i.ETH_Mem_Free      lan8720.o
    0x08000de0   0x08000de0   0x0000006c   Code   RO          553    i.ETH_Mem_Malloc    lan8720.o
    0x08000e4c   0x08000e4c   0x0000006c   Code   RO         2148    i.ETH_ReadPHYRegister  stm32f4x7_eth.o
    0x08000eb8   0x08000eb8   0x0000009c   Code   RO          554    i.ETH_Rx_Packet     lan8720.o
    0x08000f54   0x08000f54   0x00000014   Code   RO         2156    i.ETH_SoftwareReset  stm32f4x7_eth.o
    0x08000f68   0x08000f68   0x00000020   Code   RO         2157    i.ETH_Start         stm32f4x7_eth.o
    0x08000f88   0x08000f88   0x000000b2   Code   RO         2159    i.ETH_StructInit    stm32f4x7_eth.o
    0x0800103a   0x0800103a   0x00000002   PAD
    0x0800103c   0x0800103c   0x00000068   Code   RO          555    i.ETH_Tx_Packet     lan8720.o
    0x080010a4   0x080010a4   0x00000068   Code   RO         2161    i.ETH_WritePHYRegister  stm32f4x7_eth.o
    0x0800110c   0x0800110c   0x00000090   Code   RO          877    i.GPIO_Init         stm32f4xx_gpio.o
    0x0800119c   0x0800119c   0x00000046   Code   RO          878    i.GPIO_PinAFConfig  stm32f4xx_gpio.o
    0x080011e2   0x080011e2   0x0000000a   Code   RO          889    i.GPIO_WriteBit     stm32f4xx_gpio.o
    0x080011ec   0x080011ec   0x00000004   Code   RO          356    i.HardFault_Handler  stm32f4xx_it.o
    0x080011f0   0x080011f0   0x00000110   Code   RO          557    i.LAN8720_Init      lan8720.o
    0x08001300   0x08001300   0x00000004   Code   RO          357    i.MemManage_Handler  stm32f4xx_it.o
    0x08001304   0x08001304   0x00000002   Code   RO          358    i.NMI_Handler       stm32f4xx_it.o
    0x08001306   0x08001306   0x00000002   PAD
    0x08001308   0x08001308   0x00000078   Code   RO          636    i.NVIC_Init         misc.o
    0x08001380   0x08001380   0x00000014   Code   RO          637    i.NVIC_PriorityGroupConfig  misc.o
    0x08001394   0x08001394   0x00000002   Code   RO          359    i.PendSV_Handler    stm32f4xx_it.o
    0x08001396   0x08001396   0x00000002   PAD
    0x08001398   0x08001398   0x00000020   Code   RO          978    i.RCC_AHB1PeriphClockCmd  stm32f4xx_rcc.o
    0x080013b8   0x080013b8   0x00000020   Code   RO          980    i.RCC_AHB1PeriphResetCmd  stm32f4xx_rcc.o
    0x080013d8   0x080013d8   0x00000020   Code   RO          987    i.RCC_APB1PeriphClockCmd  stm32f4xx_rcc.o
    0x080013f8   0x080013f8   0x00000020   Code   RO          990    i.RCC_APB2PeriphClockCmd  stm32f4xx_rcc.o
    0x08001418   0x08001418   0x000000e8   Code   RO          999    i.RCC_GetClocksFreq  stm32f4xx_rcc.o
    0x08001500   0x08001500   0x00000002   Code   RO          360    i.SVC_Handler       stm32f4xx_it.o
    0x08001502   0x08001502   0x00000002   PAD
    0x08001504   0x08001504   0x0000000c   Code   RO         1453    i.SYSCFG_ETH_MediaInterfaceConfig  stm32f4xx_syscfg.o
    0x08001510   0x08001510   0x000000ec   Code   RO           13    i.SetSysClock       system_stm32f4xx.o
    0x080015fc   0x080015fc   0x00000002   Code   RO          361    i.SysTick_Handler   stm32f4xx_it.o
    0x080015fe   0x080015fe   0x00000002   PAD
    0x08001600   0x08001600   0x00000068   Code   RO           15    i.SystemInit        system_stm32f4xx.o
    0x08001668   0x08001668   0x0000002c   Code   RO          429    i.TIM3_IRQHandler   timer.o
    0x08001694   0x08001694   0x0000005c   Code   RO          430    i.TIM3_Int_Init     timer.o
    0x080016f0   0x080016f0   0x00000006   Code   RO         1522    i.TIM_ClearITPendingBit  stm32f4xx_tim.o
    0x080016f6   0x080016f6   0x00000018   Code   RO         1527    i.TIM_Cmd           stm32f4xx_tim.o
    0x0800170e   0x0800170e   0x00000022   Code   RO         1548    i.TIM_GetITStatus   stm32f4xx_tim.o
    0x08001730   0x08001730   0x00000012   Code   RO         1552    i.TIM_ITConfig      stm32f4xx_tim.o
    0x08001742   0x08001742   0x00000002   PAD
    0x08001744   0x08001744   0x00000084   Code   RO         1599    i.TIM_TimeBaseInit  stm32f4xx_tim.o
    0x080017c8   0x080017c8   0x00000088   Code   RO          301    i.USART1_IRQHandler  uart.o
    0x08001850   0x08001850   0x00000018   Code   RO          688    i.USART_Cmd         stm32f4xx_usart.o
    0x08001868   0x08001868   0x00000054   Code   RO          692    i.USART_GetITStatus  stm32f4xx_usart.o
    0x080018bc   0x080018bc   0x0000004a   Code   RO          694    i.USART_ITConfig    stm32f4xx_usart.o
    0x08001906   0x08001906   0x00000002   PAD
    0x08001908   0x08001908   0x000000d4   Code   RO          695    i.USART_Init        stm32f4xx_usart.o
    0x080019dc   0x080019dc   0x0000000a   Code   RO          702    i.USART_ReceiveData  stm32f4xx_usart.o
    0x080019e6   0x080019e6   0x00000004   Code   RO          362    i.UsageFault_Handler  stm32f4xx_it.o
    0x080019ea   0x080019ea   0x00000004   Code   RO          302    i._sys_exit         uart.o
    0x080019ee   0x080019ee   0x00000002   PAD
    0x080019f0   0x080019f0   0x0000001c   Code   RO         4188    i.arp_timer         timers.o
    0x08001a0c   0x08001a0c   0x00000040   Code   RO          257    i.delay_init        delay.o
    0x08001a4c   0x08001a4c   0x00000038   Code   RO          258    i.delay_ms          delay.o
    0x08001a84   0x08001a84   0x0000003c   Code   RO          260    i.delay_xms         delay.o
    0x08001ac0   0x08001ac0   0x000000b4   Code   RO         3160    i.dhcp_arp_reply    dhcp.o
    0x08001b74   0x08001b74   0x000001a0   Code   RO         3161    i.dhcp_bind         dhcp.o
    0x08001d14   0x08001d14   0x00000038   Code   RO         3162    i.dhcp_check        dhcp.o
    0x08001d4c   0x08001d4c   0x00000044   Code   RO         3164    i.dhcp_coarse_tmr   dhcp.o
    0x08001d90   0x08001d90   0x000002e8   Code   RO         3165    i.dhcp_create_msg   dhcp.o
    0x08002078   0x08002078   0x00000084   Code   RO         3166    i.dhcp_decline      dhcp.o
    0x080020fc   0x080020fc   0x0000013c   Code   RO         3167    i.dhcp_delete_msg   dhcp.o
    0x08002238   0x08002238   0x000000c4   Code   RO         3168    i.dhcp_discover     dhcp.o
    0x080022fc   0x080022fc   0x00000044   Code   RO         3169    i.dhcp_fine_tmr     dhcp.o
    0x08002340   0x08002340   0x00000078   Code   RO         3170    i.dhcp_handle_ack   dhcp.o
    0x080023b8   0x080023b8   0x00000038   Code   RO         3171    i.dhcp_handle_nak   dhcp.o
    0x080023f0   0x080023f0   0x0000002c   Code   RO         3172    i.dhcp_handle_offer  dhcp.o
    0x0800241c   0x0800241c   0x000000a8   Code   RO         3175    i.dhcp_option       dhcp.o
    0x080024c4   0x080024c4   0x000000cc   Code   RO         3176    i.dhcp_option_byte  dhcp.o
    0x08002590   0x08002590   0x00000100   Code   RO         3177    i.dhcp_option_long  dhcp.o
    0x08002690   0x08002690   0x000000a4   Code   RO         3178    i.dhcp_option_short  dhcp.o
    0x08002734   0x08002734   0x00000180   Code   RO         3179    i.dhcp_option_trailer  dhcp.o
    0x080028b4   0x080028b4   0x00000516   Code   RO         3180    i.dhcp_parse_reply  dhcp.o
    0x08002dca   0x08002dca   0x00000002   PAD
    0x08002dcc   0x08002dcc   0x00000088   Code   RO         3181    i.dhcp_rebind       dhcp.o
    0x08002e54   0x08002e54   0x000000a8   Code   RO         3182    i.dhcp_reboot       dhcp.o
    0x08002efc   0x08002efc   0x0000018c   Code   RO         3183    i.dhcp_recv         dhcp.o
    0x08003088   0x08003088   0x000000a8   Code   RO         3184    i.dhcp_release      dhcp.o
    0x08003130   0x08003130   0x00000086   Code   RO         3185    i.dhcp_renew        dhcp.o
    0x080031b6   0x080031b6   0x00000002   PAD
    0x080031b8   0x080031b8   0x000000f4   Code   RO         3186    i.dhcp_select       dhcp.o
    0x080032ac   0x080032ac   0x00000010   Code   RO         3187    i.dhcp_set_state    dhcp.o
    0x080032bc   0x080032bc   0x000001b0   Code   RO         3189    i.dhcp_start        dhcp.o
    0x0800346c   0x0800346c   0x000000f8   Code   RO         3190    i.dhcp_stop         dhcp.o
    0x08003564   0x08003564   0x00000020   Code   RO         3191    i.dhcp_t1_timeout   dhcp.o
    0x08003584   0x08003584   0x00000020   Code   RO         3192    i.dhcp_t2_timeout   dhcp.o
    0x080035a4   0x080035a4   0x000000a4   Code   RO         3193    i.dhcp_timeout      dhcp.o
    0x08003648   0x08003648   0x0000001c   Code   RO         4189    i.dhcp_timer_coarse  timers.o
    0x08003664   0x08003664   0x0000001c   Code   RO         4190    i.dhcp_timer_fine   timers.o
    0x08003680   0x08003680   0x000001b0   Code   RO         2608    i.etharp_arp_input  etharp.o
    0x08003830   0x08003830   0x00000038   Code   RO         2609    i.etharp_cleanup_netif  etharp.o
    0x08003868   0x08003868   0x000002e0   Code   RO         2611    i.etharp_find_entry  etharp.o
    0x08003b48   0x08003b48   0x00000040   Code   RO         2612    i.etharp_free_entry  etharp.o
    0x08003b88   0x08003b88   0x00000210   Code   RO         2613    i.etharp_output     etharp.o
    0x08003d98   0x08003d98   0x00000120   Code   RO         2614    i.etharp_output_to_arp_index  etharp.o
    0x08003eb8   0x08003eb8   0x0000026c   Code   RO         2615    i.etharp_query      etharp.o
    0x08004124   0x08004124   0x000001a4   Code   RO         2616    i.etharp_raw        etharp.o
    0x080042c8   0x080042c8   0x0000002c   Code   RO         2617    i.etharp_request    etharp.o
    0x080042f4   0x080042f4   0x000000b8   Code   RO         2618    i.etharp_send_ip    etharp.o
    0x080043ac   0x080043ac   0x0000008c   Code   RO         2619    i.etharp_tmr        etharp.o
    0x08004438   0x08004438   0x00000158   Code   RO         2620    i.etharp_update_arp_entry  etharp.o
    0x08004590   0x08004590   0x00000150   Code   RO         2621    i.ethernet_input    etharp.o
    0x080046e0   0x080046e0   0x000000b4   Code   RO         2740    i.ethernetif_init   ethernetif.o
    0x08004794   0x08004794   0x0000002c   Code   RO         2741    i.ethernetif_input  ethernetif.o
    0x080047c0   0x080047c0   0x0000001c   Code   RO          303    i.fputc             uart.o
    0x080047dc   0x080047dc   0x00000012   Code   RO         2818    i.icmp_dest_unreach  icmp.o
    0x080047ee   0x080047ee   0x00000002   PAD
    0x080047f0   0x080047f0   0x00000320   Code   RO         2819    i.icmp_input        icmp.o
    0x08004b10   0x08004b10   0x00000118   Code   RO         2820    i.icmp_send_response  icmp.o
    0x08004c28   0x08004c28   0x00000012   Code   RO         2821    i.icmp_time_exceeded  icmp.o
    0x08004c3a   0x08004c3a   0x00000014   Code   RO         2895    i.inet_chksum       inet_chksum.o
    0x08004c4e   0x08004c4e   0x00000056   Code   RO         2896    i.inet_chksum_pbuf  inet_chksum.o
    0x08004ca4   0x08004ca4   0x0000004e   Code   RO         2996    i.ip4_addr_isbroadcast  ip_addr.o
    0x08004cf2   0x08004cf2   0x00000002   PAD
    0x08004cf4   0x08004cf4   0x0000024c   Code   RO         3053    i.ip_frag           ip_frag.o
    0x08004f40   0x08004f40   0x0000000a   Code   RO         3054    i.ip_frag_alloc_pbuf_custom_ref  ip_frag.o
    0x08004f4a   0x08004f4a   0x00000002   PAD
    0x08004f4c   0x08004f4c   0x0000009c   Code   RO         3055    i.ip_frag_free_pbuf_custom_ref  ip_frag.o
    0x08004fe8   0x08004fe8   0x000001b8   Code   RO         2937    i.ip_input          ip.o
    0x080051a0   0x080051a0   0x000000bc   Code   RO         2938    i.ip_output         ip.o
    0x0800525c   0x0800525c   0x00000190   Code   RO         2939    i.ip_output_if      ip.o
    0x080053ec   0x080053ec   0x0000018c   Code   RO         3056    i.ip_reass          ip_frag.o
    0x08005578   0x08005578   0x00000320   Code   RO         3057    i.ip_reass_chain_frag_into_datagram_and_validate  ip_frag.o
    0x08005898   0x08005898   0x000000c8   Code   RO         3058    i.ip_reass_dequeue_datagram  ip_frag.o
    0x08005960   0x08005960   0x00000054   Code   RO         3059    i.ip_reass_enqueue_new_datagram  ip_frag.o
    0x080059b4   0x080059b4   0x000001dc   Code   RO         3060    i.ip_reass_free_complete_datagram  ip_frag.o
    0x08005b90   0x08005b90   0x0000007c   Code   RO         3061    i.ip_reass_remove_oldest_datagram  ip_frag.o
    0x08005c0c   0x08005c0c   0x0000001c   Code   RO         4191    i.ip_reass_timer    timers.o
    0x08005c28   0x08005c28   0x00000034   Code   RO         3062    i.ip_reass_tmr      ip_frag.o
    0x08005c5c   0x08005c5c   0x00000054   Code   RO         2940    i.ip_route          ip.o
    0x08005cb0   0x08005cb0   0x000000cc   Code   RO         3063    i.ipfrag_free_pbuf_custom  ip_frag.o
    0x08005d7c   0x08005d7c   0x000000a4   Code   RO         2742    i.low_level_init    ethernetif.o
    0x08005e20   0x08005e20   0x00000074   Code   RO         2743    i.low_level_input   ethernetif.o
    0x08005e94   0x08005e94   0x0000003e   Code   RO         2744    i.low_level_output  ethernetif.o
    0x08005ed2   0x08005ed2   0x00000002   PAD
    0x08005ed4   0x08005ed4   0x00000060   Code   RO         4483    i.lwip_comm_default_ip_set  lwip_comm.o
    0x08005f34   0x08005f34   0x00000084   Code   RO         4484    i.lwip_comm_init    lwip_comm.o
    0x08005fb8   0x08005fb8   0x00000020   Code   RO         4485    i.lwip_comm_mem_free  lwip_comm.o
    0x08005fd8   0x08005fd8   0x00000044   Code   RO         4486    i.lwip_comm_mem_malloc  lwip_comm.o
    0x0800601c   0x0800601c   0x0000034c   Code   RO         4487    i.lwip_dhcp_process_handle  lwip_comm.o
    0x08006368   0x08006368   0x0000001a   Code   RO         3126    i.lwip_htonl        def.o
    0x08006382   0x08006382   0x0000000c   Code   RO         3127    i.lwip_htons        def.o
    0x0800638e   0x0800638e   0x0000001c   Code   RO         3369    i.lwip_init         init.o
    0x080063aa   0x080063aa   0x0000000c   Code   RO         3128    i.lwip_ntohl        def.o
    0x080063b6   0x080063b6   0x0000000c   Code   RO         3129    i.lwip_ntohs        def.o
    0x080063c2   0x080063c2   0x00000002   PAD
    0x080063c4   0x080063c4   0x000000a4   Code   RO         4488    i.lwip_periodic_handle  lwip_comm.o
    0x08006468   0x08006468   0x00000010   Code   RO         4489    i.lwip_pkt_handle   lwip_comm.o
    0x08006478   0x08006478   0x0000005e   Code   RO         2899    i.lwip_standard_chksum  inet_chksum.o
    0x080064d6   0x080064d6   0x00000002   PAD
    0x080064d8   0x080064d8   0x00000060   Code   RO          155    i.main              main.o
    0x08006538   0x08006538   0x00000150   Code   RO         3407    i.mem_free          mem.o
    0x08006688   0x08006688   0x00000060   Code   RO         3408    i.mem_init          mem.o
    0x080066e8   0x080066e8   0x00000278   Code   RO         3409    i.mem_malloc        mem.o
    0x08006960   0x08006960   0x000001d4   Code   RO         3410    i.mem_trim          mem.o
    0x08006b34   0x08006b34   0x000000c0   Code   RO         3454    i.memp_free         memp.o
    0x08006bf4   0x08006bf4   0x00000008   Code   RO         3455    i.memp_get_memorysize  memp.o
    0x08006bfc   0x08006bfc   0x00000068   Code   RO         3456    i.memp_init         memp.o
    0x08006c64   0x08006c64   0x00000100   Code   RO         3457    i.memp_malloc       memp.o
    0x08006d64   0x08006d64   0x0000006c   Code   RO          464    i.my_mem_free       malloc.o
    0x08006dd0   0x08006dd0   0x00000044   Code   RO          465    i.my_mem_init       malloc.o
    0x08006e14   0x08006e14   0x000000a8   Code   RO          466    i.my_mem_malloc     malloc.o
    0x08006ebc   0x08006ebc   0x00000040   Code   RO          467    i.my_mem_perused    malloc.o
    0x08006efc   0x08006efc   0x00000024   Code   RO          468    i.myfree            malloc.o
    0x08006f20   0x08006f20   0x00000028   Code   RO          469    i.mymalloc          malloc.o
    0x08006f48   0x08006f48   0x00000014   Code   RO          471    i.mymemset          malloc.o
    0x08006f5c   0x08006f5c   0x000000fc   Code   RO         3505    i.netif_add         netif.o
    0x08007058   0x08007058   0x00000002   Code   RO         3507    i.netif_init        netif.o
    0x0800705a   0x0800705a   0x00000028   Code   RO         3509    i.netif_set_addr    netif.o
    0x08007082   0x08007082   0x00000002   PAD
    0x08007084   0x08007084   0x0000000c   Code   RO         3510    i.netif_set_default  netif.o
    0x08007090   0x08007090   0x0000002a   Code   RO         3511    i.netif_set_down    netif.o
    0x080070ba   0x080070ba   0x0000000c   Code   RO         3512    i.netif_set_gw      netif.o
    0x080070c6   0x080070c6   0x00000002   PAD
    0x080070c8   0x080070c8   0x00000078   Code   RO         3513    i.netif_set_ipaddr  netif.o
    0x08007140   0x08007140   0x0000000c   Code   RO         3516    i.netif_set_netmask  netif.o
    0x0800714c   0x0800714c   0x00000036   Code   RO         3517    i.netif_set_up      netif.o
    0x08007182   0x08007182   0x00000002   PAD
    0x08007184   0x08007184   0x00000420   Code   RO         3603    i.pbuf_alloc        pbuf.o
    0x080075a4   0x080075a4   0x00000110   Code   RO         3604    i.pbuf_alloced_custom  pbuf.o
    0x080076b4   0x080076b4   0x00000158   Code   RO         3605    i.pbuf_cat          pbuf.o
    0x0800780c   0x0800780c   0x00000016   Code   RO         3606    i.pbuf_chain        pbuf.o
    0x08007822   0x08007822   0x00000012   Code   RO         3607    i.pbuf_clen         pbuf.o
    0x08007834   0x08007834   0x00000240   Code   RO         3609    i.pbuf_copy         pbuf.o
    0x08007a74   0x08007a74   0x0000015c   Code   RO         3610    i.pbuf_copy_partial  pbuf.o
    0x08007bd0   0x08007bd0   0x000001b8   Code   RO         3612    i.pbuf_free         pbuf.o
    0x08007d88   0x08007d88   0x0000015c   Code   RO         3614    i.pbuf_header       pbuf.o
    0x08007ee4   0x08007ee4   0x000001d8   Code   RO         3617    i.pbuf_realloc      pbuf.o
    0x080080bc   0x080080bc   0x0000000a   Code   RO         3618    i.pbuf_ref          pbuf.o
    0x080080c6   0x080080c6   0x00000002   PAD
    0x080080c8   0x080080c8   0x000001c0   Code   RO         3411    i.plug_holes        mem.o
    0x08008288   0x08008288   0x00000074   Code   RO         3723    i.raw_input         raw.o
    0x080082fc   0x080082fc   0x0000000c   Code   RO         4448    i.sys_now           sys_arch.o
    0x08008308   0x08008308   0x00000154   Code   RO         4194    i.sys_timeout       timers.o
    0x0800845c   0x0800845c   0x00000050   Code   RO         4195    i.sys_timeouts_init  timers.o
    0x080084ac   0x080084ac   0x0000013c   Code   RO         3801    i.tcp_abandon       tcp.o
    0x080085e8   0x080085e8   0x0000000e   Code   RO         3802    i.tcp_abort         tcp.o
    0x080085f6   0x080085f6   0x00000002   PAD
    0x080085f8   0x080085f8   0x000000bc   Code   RO         3805    i.tcp_alloc         tcp.o
    0x080086b4   0x080086b4   0x0000001c   Code   RO         3808    i.tcp_close         tcp.o
    0x080086d0   0x080086d0   0x00000258   Code   RO         3809    i.tcp_close_shutdown  tcp.o
    0x08008928   0x08008928   0x000000ac   Code   RO         4086    i.tcp_create_segment  tcp_out.o
    0x080089d4   0x080089d4   0x0000002e   Code   RO         3812    i.tcp_eff_send_mss  tcp.o
    0x08008a02   0x08008a02   0x00000002   PAD
    0x08008a04   0x08008a04   0x00000298   Code   RO         4087    i.tcp_enqueue_flags  tcp_out.o
    0x08008c9c   0x08008c9c   0x0000007c   Code   RO         3814    i.tcp_fasttmr       tcp.o
    0x08008d18   0x08008d18   0x00000002   Code   RO         3815    i.tcp_init          tcp.o
    0x08008d1a   0x08008d1a   0x00000002   PAD
    0x08008d1c   0x08008d1c   0x000006b0   Code   RO         4034    i.tcp_input         tcp_in.o
    0x080093cc   0x080093cc   0x00000044   Code   RO         4088    i.tcp_keepalive     tcp_out.o
    0x08009410   0x08009410   0x00000054   Code   RO         3816    i.tcp_kill_prio     tcp.o
    0x08009464   0x08009464   0x0000003c   Code   RO         3817    i.tcp_kill_timewait  tcp.o
    0x080094a0   0x080094a0   0x00000130   Code   RO         4035    i.tcp_listen_input  tcp_in.o
    0x080095d0   0x080095d0   0x0000001c   Code   RO         3821    i.tcp_next_iss      tcp.o
    0x080095ec   0x080095ec   0x00000290   Code   RO         4089    i.tcp_output        tcp_out.o
    0x0800987c   0x0800987c   0x00000124   Code   RO         4090    i.tcp_output_alloc_header  tcp_out.o
    0x080099a0   0x080099a0   0x000000d0   Code   RO         4091    i.tcp_output_segment  tcp_out.o
    0x08009a70   0x08009a70   0x000000b8   Code   RO         4036    i.tcp_parseopt      tcp_in.o
    0x08009b28   0x08009b28   0x00000040   Code   RO         3822    i.tcp_pcb_purge     tcp.o
    0x08009b68   0x08009b68   0x0000014c   Code   RO         3823    i.tcp_pcb_remove    tcp.o
    0x08009cb4   0x08009cb4   0x0000067c   Code   RO         4037    i.tcp_process       tcp_in.o
    0x0800a330   0x0800a330   0x0000008c   Code   RO         3825    i.tcp_process_refused_data  tcp.o
    0x0800a3bc   0x0800a3bc   0x000008f4   Code   RO         4038    i.tcp_receive       tcp_in.o
    0x0800acb0   0x0800acb0   0x0000002e   Code   RO         3827    i.tcp_recv_null     tcp.o
    0x0800acde   0x0800acde   0x00000002   PAD
    0x0800ace0   0x0800ace0   0x00000124   Code   RO         3828    i.tcp_recved        tcp.o
    0x0800ae04   0x0800ae04   0x0000005a   Code   RO         4093    i.tcp_rexmit        tcp_out.o
    0x0800ae5e   0x0800ae5e   0x00000070   Code   RO         4094    i.tcp_rexmit_fast   tcp_out.o
    0x0800aece   0x0800aece   0x0000003a   Code   RO         4095    i.tcp_rexmit_rto    tcp_out.o
    0x0800af08   0x0800af08   0x00000124   Code   RO         4096    i.tcp_rst           tcp_out.o
    0x0800b02c   0x0800b02c   0x0000001a   Code   RO         3829    i.tcp_seg_free      tcp.o
    0x0800b046   0x0800b046   0x00000018   Code   RO         3830    i.tcp_segs_free     tcp.o
    0x0800b05e   0x0800b05e   0x0000004e   Code   RO         4097    i.tcp_send_empty_ack  tcp_out.o
    0x0800b0ac   0x0800b0ac   0x0000004a   Code   RO         4098    i.tcp_send_fin      tcp_out.o
    0x0800b0f6   0x0800b0f6   0x00000002   PAD
    0x0800b0f8   0x0800b0f8   0x000005c8   Code   RO         3834    i.tcp_slowtmr       tcp.o
    0x0800b6c0   0x0800b6c0   0x00000038   Code   RO         4197    i.tcp_timer_needed  timers.o
    0x0800b6f8   0x0800b6f8   0x000000ac   Code   RO         4039    i.tcp_timewait_input  tcp_in.o
    0x0800b7a4   0x0800b7a4   0x00000024   Code   RO         3835    i.tcp_tmr           tcp.o
    0x0800b7c8   0x0800b7c8   0x000000e0   Code   RO         3836    i.tcp_update_rcv_ann_wnd  tcp.o
    0x0800b8a8   0x0800b8a8   0x000000a4   Code   RO         4101    i.tcp_zero_window_probe  tcp_out.o
    0x0800b94c   0x0800b94c   0x00000038   Code   RO         4198    i.tcpip_tcp_timer   timers.o
    0x0800b984   0x0800b984   0x000000ac   Code   RO          304    i.uart_init         uart.o
    0x0800ba30   0x0800ba30   0x00000100   Code   RO         4264    i.udp_bind          udp.o
    0x0800bb30   0x0800bb30   0x00000064   Code   RO         4265    i.udp_connect       udp.o
    0x0800bb94   0x0800bb94   0x00000002   Code   RO         4267    i.udp_init          udp.o
    0x0800bb96   0x0800bb96   0x00000002   PAD
    0x0800bb98   0x0800bb98   0x0000027c   Code   RO         4268    i.udp_input         udp.o
    0x0800be14   0x0800be14   0x0000001c   Code   RO         4269    i.udp_new           udp.o
    0x0800be30   0x0800be30   0x00000058   Code   RO         4270    i.udp_new_port      udp.o
    0x0800be88   0x0800be88   0x00000006   Code   RO         4271    i.udp_recv          udp.o
    0x0800be8e   0x0800be8e   0x00000002   PAD
    0x0800be90   0x0800be90   0x00000040   Code   RO         4272    i.udp_remove        udp.o
    0x0800bed0   0x0800bed0   0x00000174   Code   RO         4275    i.udp_sendto_if     udp.o
    0x0800c044   0x0800c044   0x0000000a   Code   RO         4714    x$fpl$fpinit        fz_wm.l(fpinit.o)
    0x0800c04e   0x0800c04e   0x00000002   PAD
    0x0800c050   0x0800c050   0x00000024   Data   RO          478    .constdata          malloc.o
    0x0800c074   0x0800c074   0x0000000c   Data   RO         2623    .constdata          etharp.o
    0x0800c080   0x0800c080   0x00000008   Data   RO         3003    .constdata          ip_addr.o
    0x0800c088   0x0800c088   0x00000028   Data   RO         3459    .constdata          memp.o
    0x0800c0b0   0x0800c0b0   0x00000050   Data   RO         3837    .constdata          tcp.o
    0x0800c100   0x0800c100   0x00000044   Data   RO         2624    .conststring        etharp.o
    0x0800c144   0x0800c144   0x0000008c   Data   RO         3195    .conststring        dhcp.o
    0x0800c1d0   0x0800c1d0   0x00000075   Data   RO         3838    .conststring        tcp.o
    0x0800c245   0x0800c245   0x00000003   PAD
    0x0800c248   0x0800c248   0x00000055   Data   RO         4102    .conststring        tcp_out.o
    0x0800c29d   0x0800c29d   0x00000003   PAD
    0x0800c2a0   0x0800c2a0   0x00000020   Data   RO         4778    Region$$Table       anon$$obj.o


    Execution Region RW_IRAM1 (Exec base: 0x20000000, Load base: 0x0800c2c0, Size: 0x0001b2d0, Max: 0x00020000, ABSOLUTE)

    Exec Addr    Load Addr    Size         Type   Attr      Idx    E Section Name        Object

    0x20000000   0x0800c2c0   0x00000004   Data   RW          261    .data               delay.o
    0x20000004   0x0800c2c4   0x00000008   Data   RW          306    .data               uart.o
    0x2000000c   0x0800c2cc   0x00000024   Data   RW          479    .data               malloc.o
    0x20000030   0x0800c2f0   0x00000010   Data   RW          558    .data               lan8720.o
    0x20000040   0x0800c300   0x00000010   Data   RW         1031    .data               stm32f4xx_rcc.o
    0x20000050   0x0800c310   0x00000010   Data   RW         2163    .data               stm32f4x7_eth.o
    0x20000060   0x0800c320   0x00000001   Data   RW         2625    .data               etharp.o
    0x20000061   0x0800c321   0x00000003   PAD
    0x20000064   0x0800c324   0x00000012   Data   RW         2941    .data               ip.o
    0x20000076   0x0800c336   0x00000002   PAD
    0x20000078   0x0800c338   0x00000006   Data   RW         3064    .data               ip_frag.o
    0x2000007e   0x0800c33e   0x00000002   PAD
    0x20000080   0x0800c340   0x00000004   Data   RW         3196    .data               dhcp.o
    0x20000084   0x0800c344   0x00000010   Data   RW         3412    .data               mem.o
    0x20000094   0x0800c354   0x00000004   Data   RW         3460    .data               memp.o
    0x20000098   0x0800c358   0x00000009   Data   RW         3518    .data               netif.o
    0x200000a1   0x0800c361   0x00000003   PAD
    0x200000a4   0x0800c364   0x00000004   Data   RW         3729    .data               raw.o
    0x200000a8   0x0800c368   0x00000024   Data   RW         3839    .data               tcp.o
    0x200000cc   0x0800c38c   0x00000020   Data   RW         4041    .data               tcp_in.o
    0x200000ec   0x0800c3ac   0x0000000c   Data   RW         4199    .data               timers.o
    0x200000f8   0x0800c3b8   0x00000008   Data   RW         4276    .data               udp.o
    0x20000100   0x0800c3c0   0x00000014   Data   RW         4491    .data               lwip_comm.o
    0x20000114        -       0x000000c8   Zero   RW          305    .bss                uart.o
    0x200001dc   0x0800c3d4   0x00000004   PAD
    0x200001e0        -       0x0001a900   Zero   RW          477    .bss                malloc.o
    0x2001aae0        -       0x0000000c   Zero   RW         2162    .bss                stm32f4x7_eth.o
    0x2001aaec        -       0x000000c8   Zero   RW         2622    .bss                etharp.o
    0x2001abb4        -       0x00000032   Zero   RW         3194    .bss                dhcp.o
    0x2001abe6   0x0800c3d4   0x00000002   PAD
    0x2001abe8        -       0x00000028   Zero   RW         3458    .bss                memp.o
    0x2001ac10        -       0x00000010   Zero   RW         4040    .bss                tcp_in.o
    0x2001ac20        -       0x0000004c   Zero   RW         4490    .bss                lwip_comm.o
    0x2001ac6c        -       0x00000060   Zero   RW         4656    .bss                c_w.l(libspace.o)
    0x2001accc   0x0800c3d4   0x00000004   PAD
    0x2001acd0        -       0x00000200   Zero   RW            2    HEAP                startup_stm32f40_41xxx.o
    0x2001aed0        -       0x00000400   Zero   RW            1    STACK               startup_stm32f40_41xxx.o



  Load Region LR$$.ARM.__AT_0x10000000 (Base: 0x10000000, Size: 0x00000000, Max: 0x0000f000, ABSOLUTE)

    Execution Region ER$$.ARM.__AT_0x10000000 (Exec base: 0x10000000, Load base: 0x10000000, Size: 0x0000f000, Max: 0x0000f000, ABSOLUTE, UNINIT)

    Exec Addr    Load Addr    Size         Type   Attr      Idx    E Section Name        Object

    0x10000000        -       0x0000f000   Zero   RW          473    .ARM.__AT_0x10000000  malloc.o



  Load Region LR$$.ARM.__AT_0x1000F000 (Base: 0x1000f000, Size: 0x00000000, Max: 0x00000f00, ABSOLUTE)

    Execution Region ER$$.ARM.__AT_0x1000F000 (Exec base: 0x1000f000, Load base: 0x1000f000, Size: 0x00000f00, Max: 0x00000f00, ABSOLUTE, UNINIT)

    Exec Addr    Load Addr    Size         Type   Attr      Idx    E Section Name        Object

    0x1000f000        -       0x00000f00   Zero   RW          474    .ARM.__AT_0x1000F000  malloc.o



  Load Region LR$$.ARM.__AT_0x68000000 (Base: 0x68000000, Size: 0x00000000, Max: 0x000f0000, ABSOLUTE)

    Execution Region ER$$.ARM.__AT_0x68000000 (Exec base: 0x68000000, Load base: 0x68000000, Size: 0x000f0000, Max: 0x000f0000, ABSOLUTE, UNINIT)

    Exec Addr    Load Addr    Size         Type   Attr      Idx    E Section Name        Object

    0x68000000        -       0x000f0000   Zero   RW          475    .ARM.__AT_0x68000000  malloc.o



  Load Region LR$$.ARM.__AT_0x680F0000 (Base: 0x680f0000, Size: 0x00000000, Max: 0x0000f000, ABSOLUTE)

    Execution Region ER$$.ARM.__AT_0x680F0000 (Exec base: 0x680f0000, Load base: 0x680f0000, Size: 0x0000f000, Max: 0x0000f000, ABSOLUTE, UNINIT)

    Exec Addr    Load Addr    Size         Type   Attr      Idx    E Section Name        Object

    0x680f0000        -       0x0000f000   Zero   RW          476    .ARM.__AT_0x680F0000  malloc.o


==============================================================================

Image component sizes


      Code (inc. data)   RO Data    RW Data    ZI Data      Debug   Object Name

        62          0          0          0          0       2492   def.o
       180         12          0          4          0       1976   delay.o
      7044       2282        140          4         50      25404   dhcp.o
      4192       1428         80          1        200      22994   etharp.o
       566        150          0          0          0       7120   ethernetif.o
      1116        490          0          0          0       9685   icmp.o
         0          0          0          0          0       3900   inet.o
       200          0          0          0          0       3153   inet_chksum.o
        28          0          0          0          0       1232   init.o
      1112        296          0         18          0      18022   ip.o
        78          0          8          0          0       7694   ip_addr.o
      3090       1044          0          6          0      12452   ip_frag.o
       924         80          0         16          0       6493   lan8720.o
      1352        498          0         20         76       6967   lwip_comm.o
        96          4          0          0          0      43643   main.o
       504         60         36         36    1218560       6930   malloc.o
      1980        858          0         16          0       5813   mem.o
       560        318         40          4         40       4450   memp.o
       140         24          0          0          0       1979   misc.o
       546        146          0          9          0       9167   netif.o
      3906       1758          0          0          0      10959   pbuf.o
       116         14          0          4          0       1868   raw.o
        64         26        392          0       1536       1016   startup_stm32f40_41xxx.o
      1904        148          0         16         12      17241   stm32f4x7_eth.o
       224          0          0          0          0       2907   stm32f4xx_gpio.o
        26          0          0          0          0       4466   stm32f4xx_it.o
       360         42          0         16          0       6036   stm32f4xx_rcc.o
        12          6          0          0          0        674   stm32f4xx_syscfg.o
       214         28          0          0          0       4398   stm32f4xx_tim.o
       404          8          0          0          0       4986   stm32f4xx_usart.o
        12          6          0          0          0        514   sys_arch.o
       340         32          0          0          0     293593   system_stm32f4xx.o
      4154       1290        197         36          0      26897   tcp.o
      6324       1214          0         32         16      17755   tcp_in.o
      2928        726         85          0          0      12607   tcp_out.o
       136         14          0          0          0       1234   timer.o
       644        244          0         12          0       5485   timers.o
       340         28          0          8        200       4444   uart.o
      1552        414          0          8          0      17584   udp.o

    ----------------------------------------------------------------------
     47488      13688       1016        276    1220696     636230   Object Totals
         0          0         32          0          0          0   (incl. Generated)
        58          0          6         10          6          0   (incl. Padding)

    ----------------------------------------------------------------------

      Code (inc. data)   RO Data    RW Data    ZI Data      Debug   Library Member Name

         8          0          0          0          0         68   __main.o
       104          0          0          0          0         84   __printf.o
         0          0          0          0          0          0   __rtentry.o
        12          0          0          0          0          0   __rtentry2.o
         6          0          0          0          0          0   __rtentry4.o
        52          8          0          0          0          0   __scatter.o
        26          0          0          0          0          0   __scatter_copy.o
        28          0          0          0          0          0   __scatter_zi.o
        44          0          0          0          0        108   _printf_char.o
        48          6          0          0          0         96   _printf_char_common.o
        36          4          0          0          0         80   _printf_char_file.o
         6          0          0          0          0          0   _printf_d.o
       120         16          0          0          0         92   _printf_dec.o
       178          0          0          0          0         88   _printf_intcommon.o
         0          0          0          0          0          0   _printf_percent.o
         4          0          0          0          0          0   _printf_percent_end.o
         6          0          0          0          0          0   _printf_s.o
        82          0          0          0          0         80   _printf_str.o
        18          0          0          0          0         80   exit.o
         8          0          0          0          0         68   ferror.o
         6          0          0          0          0        152   heapauxi.o
         2          0          0          0          0          0   libinit.o
         6          0          0          0          0          0   libinit2.o
         2          0          0          0          0          0   libshutdown.o
         2          0          0          0          0          0   libshutdown2.o
         8          4          0          0         96         68   libspace.o
        88          0          0          0          0         76   memcmp.o
        24          4          0          0          0         84   noretval__2printf.o
        78          0          0          0          0         80   rt_memclr_w.o
       138          0          0          0          0         68   rt_memcpy_v6.o
       100          0          0          0          0         80   rt_memcpy_w.o
         2          0          0          0          0          0   rtexit.o
        10          0          0          0          0          0   rtexit2.o
        74          0          0          0          0         80   sys_stackheap_outer.o
         2          0          0          0          0         68   use_no_semi.o
         2          0          0          0          0         68   use_no_semi_2.o
        10          0          0          0          0        116   fpinit.o

    ----------------------------------------------------------------------
      1352         42          0          0        100       1784   Library Totals
        12          0          0          0          4          0   (incl. Padding)

    ----------------------------------------------------------------------

      Code (inc. data)   RO Data    RW Data    ZI Data      Debug   Library Name

      1330         42          0          0         96       1668   c_w.l
        10          0          0          0          0        116   fz_wm.l

    ----------------------------------------------------------------------
      1352         42          0          0        100       1784   Library Totals

    ----------------------------------------------------------------------

==============================================================================


      Code (inc. data)   RO Data    RW Data    ZI Data      Debug   

     48840      13730       1016        276    1220796     612682   Grand Totals
     48840      13730       1016        276    1220796     612682   ELF Image Totals
     48840      13730       1016        276          0          0   ROM Totals

==============================================================================

    Total RO  Size (Code + RO Data)                49856 (  48.69kB)
    Total RW  Size (RW Data + ZI Data)           1221072 (1192.45kB)
    Total ROM Size (Code + RO Data + RW Data)      50132 (  48.96kB)

==============================================================================

