Component: ARM Compiler 5.06 update 6 (build 750) Tool: armlink [4d35ed]

==============================================================================

Section Cross References

    startup_stm32f40_41xxx.o(STACK) refers (Special) to heapauxi.o(.text) for __use_two_region_memory
    startup_stm32f40_41xxx.o(HEAP) refers (Special) to heapauxi.o(.text) for __use_two_region_memory
    startup_stm32f40_41xxx.o(RESET) refers (Special) to heapauxi.o(.text) for __use_two_region_memory
    startup_stm32f40_41xxx.o(RESET) refers to startup_stm32f40_41xxx.o(STACK) for __initial_sp
    startup_stm32f40_41xxx.o(RESET) refers to startup_stm32f40_41xxx.o(.text) for Reset_Handler
    startup_stm32f40_41xxx.o(RESET) refers to stm32f4xx_it.o(i.NMI_Handler) for NMI_Handler
    startup_stm32f40_41xxx.o(RESET) refers to stm32f4xx_it.o(i.HardFault_Handler) for HardFault_Handler
    startup_stm32f40_41xxx.o(RESET) refers to stm32f4xx_it.o(i.MemManage_Handler) for MemManage_Handler
    startup_stm32f40_41xxx.o(RESET) refers to stm32f4xx_it.o(i.BusFault_Handler) for BusFault_Handler
    startup_stm32f40_41xxx.o(RESET) refers to stm32f4xx_it.o(i.UsageFault_Handler) for UsageFault_Handler
    startup_stm32f40_41xxx.o(RESET) refers to stm32f4xx_it.o(i.SVC_Handler) for SVC_Handler
    startup_stm32f40_41xxx.o(RESET) refers to stm32f4xx_it.o(i.DebugMon_Handler) for DebugMon_Handler
    startup_stm32f40_41xxx.o(RESET) refers to stm32f4xx_it.o(i.PendSV_Handler) for PendSV_Handler
    startup_stm32f40_41xxx.o(RESET) refers to stm32f4xx_it.o(i.SysTick_Handler) for SysTick_Handler
    startup_stm32f40_41xxx.o(RESET) refers to timer.o(i.TIM3_IRQHandler) for TIM3_IRQHandler
    startup_stm32f40_41xxx.o(RESET) refers to uart.o(i.USART1_IRQHandler) for USART1_IRQHandler
    startup_stm32f40_41xxx.o(RESET) refers to lan8720.o(i.ETH_IRQHandler) for ETH_IRQHandler
    startup_stm32f40_41xxx.o(.text) refers (Special) to heapauxi.o(.text) for __use_two_region_memory
    startup_stm32f40_41xxx.o(.text) refers to system_stm32f4xx.o(i.SystemInit) for SystemInit
    startup_stm32f40_41xxx.o(.text) refers to __main.o(!!!main) for __main
    startup_stm32f40_41xxx.o(.text) refers to startup_stm32f40_41xxx.o(HEAP) for Heap_Mem
    startup_stm32f40_41xxx.o(.text) refers to startup_stm32f40_41xxx.o(STACK) for Stack_Mem
    system_stm32f4xx.o(i.SystemCoreClockUpdate) refers to system_stm32f4xx.o(.data) for SystemCoreClock
    system_stm32f4xx.o(i.SystemInit) refers to system_stm32f4xx.o(i.SetSysClock) for SetSysClock
    main.o(i.main) refers to delay.o(i.delay_init) for delay_init
    main.o(i.main) refers to misc.o(i.NVIC_PriorityGroupConfig) for NVIC_PriorityGroupConfig
    main.o(i.main) refers to uart.o(i.uart_init) for uart_init
    main.o(i.main) refers to malloc.o(i.my_mem_init) for my_mem_init
    main.o(i.main) refers to timer.o(i.TIM3_Int_Init) for TIM3_Int_Init
    main.o(i.main) refers to lwip_comm.o(i.lwip_comm_init) for lwip_comm_init
    main.o(i.main) refers to lwip_comm.o(i.lwip_periodic_handle) for lwip_periodic_handle
    main.o(i.main) refers to udp_demo.o(i.udp_demo_test) for udp_demo_test
    main.o(i.main) refers to udp_demo.o(i.udp_demo_senddata) for udp_demo_senddata
    main.o(i.main) refers to lwip_comm.o(.bss) for lwipdev
    main.o(i.main) refers to udp_demo.o(.data) for udp_demo_flag
    delay.o(i.delay_init) refers to delay.o(.data) for fac_us
    delay.o(i.delay_ms) refers to delay.o(i.delay_xms) for delay_xms
    delay.o(i.delay_us) refers to delay.o(.data) for fac_us
    delay.o(i.delay_xms) refers to delay.o(.data) for fac_ms
    uart.o(.rev16_text) refers (Special) to use_no_semi_2.o(.text) for __use_no_semihosting
    uart.o(.revsh_text) refers (Special) to use_no_semi_2.o(.text) for __use_no_semihosting
    uart.o(.rrx_text) refers (Special) to use_no_semi_2.o(.text) for __use_no_semihosting
    uart.o(i.USART1_IRQHandler) refers (Special) to use_no_semi_2.o(.text) for __use_no_semihosting
    uart.o(i.USART1_IRQHandler) refers to stm32f4xx_usart.o(i.USART_GetITStatus) for USART_GetITStatus
    uart.o(i.USART1_IRQHandler) refers to stm32f4xx_usart.o(i.USART_ReceiveData) for USART_ReceiveData
    uart.o(i.USART1_IRQHandler) refers to uart.o(.data) for USART_RX_STA
    uart.o(i.USART1_IRQHandler) refers to uart.o(.bss) for USART_RX_BUF
    uart.o(i._sys_exit) refers (Special) to use_no_semi_2.o(.text) for __use_no_semihosting
    uart.o(i.fputc) refers (Special) to use_no_semi_2.o(.text) for __use_no_semihosting
    uart.o(i.uart_init) refers (Special) to use_no_semi_2.o(.text) for __use_no_semihosting
    uart.o(i.uart_init) refers to stm32f4xx_rcc.o(i.RCC_AHB1PeriphClockCmd) for RCC_AHB1PeriphClockCmd
    uart.o(i.uart_init) refers to stm32f4xx_rcc.o(i.RCC_APB2PeriphClockCmd) for RCC_APB2PeriphClockCmd
    uart.o(i.uart_init) refers to stm32f4xx_gpio.o(i.GPIO_PinAFConfig) for GPIO_PinAFConfig
    uart.o(i.uart_init) refers to stm32f4xx_gpio.o(i.GPIO_Init) for GPIO_Init
[...]
    __rt_lib_init_clock_1                    0x08000213   Thumb Code     0  libinit2.o(.ARM.Collect$$libinit$$00000021)
    __rt_lib_init_cpp_1                      0x08000213   Thumb Code     0  libinit2.o(.ARM.Collect$$libinit$$00000032)
    __rt_lib_init_exceptions_1               0x08000213   Thumb Code     0  libinit2.o(.ARM.Collect$$libinit$$00000030)
    __rt_lib_init_fp_trap_1                  0x08000213   Thumb Code     0  libinit2.o(.ARM.Collect$$libinit$$0000001F)
    __rt_lib_init_getenv_1                   0x08000213   Thumb Code     0  libinit2.o(.ARM.Collect$$libinit$$00000023)
    __rt_lib_init_heap_1                     0x08000213   Thumb Code     0  libinit2.o(.ARM.Collect$$libinit$$0000000A)
    __rt_lib_init_lc_collate_1               0x08000213   Thumb Code     0  libinit2.o(.ARM.Collect$$libinit$$00000011)
    __rt_lib_init_lc_ctype_1                 0x08000213   Thumb Code     0  libinit2.o(.ARM.Collect$$libinit$$00000013)
    __rt_lib_init_lc_monetary_1              0x08000213   Thumb Code     0  libinit2.o(.ARM.Collect$$libinit$$00000015)
    __rt_lib_init_lc_numeric_1               0x08000213   Thumb Code     0  libinit2.o(.ARM.Collect$$libinit$$00000017)
    __rt_lib_init_lc_time_1                  0x08000213   Thumb Code     0  libinit2.o(.ARM.Collect$$libinit$$00000019)
    __rt_lib_init_preinit_1                  0x08000213   Thumb Code     0  libinit2.o(.ARM.Collect$$libinit$$00000004)
    __rt_lib_init_rand_1                     0x08000213   Thumb Code     0  libinit2.o(.ARM.Collect$$libinit$$0000000E)
    __rt_lib_init_return                     0x08000213   Thumb Code     0  libinit2.o(.ARM.Collect$$libinit$$00000033)
    __rt_lib_init_signal_1                   0x08000213   Thumb Code     0  libinit2.o(.ARM.Collect$$libinit$$0000001D)
    __rt_lib_init_stdio_1                    0x08000213   Thumb Code     0  libinit2.o(.ARM.Collect$$libinit$$00000025)
    __rt_lib_init_user_alloc_1               0x08000213   Thumb Code     0  libinit2.o(.ARM.Collect$$libinit$$0000000C)
    __rt_lib_shutdown                        0x08000215   Thumb Code     0  libshutdown.o(.ARM.Collect$$libshutdown$$00000000)
    __rt_lib_shutdown_cpp_1                  0x08000217   Thumb Code     0  libshutdown2.o(.ARM.Collect$$libshutdown$$00000002)
    __rt_lib_shutdown_fp_trap_1              0x08000217   Thumb Code     0  libshutdown2.o(.ARM.Collect$$libshutdown$$00000007)
    __rt_lib_shutdown_heap_1                 0x08000217   Thumb Code     0  libshutdown2.o(.ARM.Collect$$libshutdown$$0000000F)
    __rt_lib_shutdown_return                 0x08000217   Thumb Code     0  libshutdown2.o(.ARM.Collect$$libshutdown$$00000010)
    __rt_lib_shutdown_signal_1               0x08000217   Thumb Code     0  libshutdown2.o(.ARM.Collect$$libshutdown$$0000000A)
    __rt_lib_shutdown_stdio_1                0x08000217   Thumb Code     0  libshutdown2.o(.ARM.Collect$$libshutdown$$00000004)
    __rt_lib_shutdown_user_alloc_1           0x08000217   Thumb Code     0  libshutdown2.o(.ARM.Collect$$libshutdown$$0000000C)
    __rt_entry                               0x08000219   Thumb Code     0  __rtentry.o(.ARM.Collect$$rtentry$$00000000)
    __rt_entry_presh_1                       0x08000219   Thumb Code     0  __rtentry2.o(.ARM.Collect$$rtentry$$00000002)
    __rt_entry_sh                            0x08000219   Thumb Code     0  __rtentry4.o(.ARM.Collect$$rtentry$$00000004)
    __rt_entry_li                            0x0800021f   Thumb Code     0  __rtentry2.o(.ARM.Collect$$rtentry$$0000000A)
    __rt_entry_postsh_1                      0x0800021f   Thumb Code     0  __rtentry2.o(.ARM.Collect$$rtentry$$00000009)
    __rt_entry_main                          0x08000223   Thumb Code     0  __rtentry2.o(.ARM.Collect$$rtentry$$0000000D)
    __rt_entry_postli_1                      0x08000223   Thumb Code     0  __rtentry2.o(.ARM.Collect$$rtentry$$0000000C)
    __rt_exit                                0x0800022b   Thumb Code     0  rtexit.o(.ARM.Collect$$rtexit$$00000000)
    __rt_exit_ls                             0x0800022d   Thumb Code     0  rtexit2.o(.ARM.Collect$$rtexit$$00000003)
    __rt_exit_prels_1                        0x0800022d   Thumb Code     0  rtexit2.o(.ARM.Collect$$rtexit$$00000002)
    __rt_exit_exit                           0x08000231   Thumb Code     0  rtexit2.o(.ARM.Collect$$rtexit$$00000004)
    Reset_Handler                            0x08000239   Thumb Code     8  startup_stm32f40_41xxx.o(.text)
    ADC_IRQHandler                           0x08000253   Thumb Code     0  startup_stm32f40_41xxx.o(.text)
    CAN1_RX0_IRQHandler                      0x08000253   Thumb Code     0  startup_stm32f40_41xxx.o(.text)
    CAN1_RX1_IRQHandler                      0x08000253   Thumb Code     0  startup_stm32f40_41xxx.o(.text)
    CAN1_SCE_IRQHandler                      0x08000253   Thumb Code     0  startup_stm32f40_41xxx.o(.text)
    CAN1_TX_IRQHandler                       0x08000253   Thumb Code     0  startup_stm32f40_41xxx.o(.text)
    CAN2_RX0_IRQHandler                      0x08000253   Thumb Code     0  startup_stm32f40_41xxx.o(.text)
    CAN2_RX1_IRQHandler                      0x08000253   Thumb Code     0  startup_stm32f40_41xxx.o(.text)
    CAN2_SCE_IRQHandler                      0x08000253   Thumb Code     0  startup_stm32f40_41xxx.o(.text)
    CAN2_TX_IRQHandler                       0x08000253   Thumb Code     0  startup_stm32f40_41xxx.o(.text)
    CRYP_IRQHandler                          0x08000253   Thumb Code     0  startup_stm32f40_41xxx.o(.text)
    DCMI_IRQHandler                          0x08000253   Thumb Code     0  startup_stm32f40_41xxx.o(.text)
    DMA1_Stream0_IRQHandler                  0x08000253   Thumb Code     0  startup_stm32f40_41xxx.o(.text)
    DMA1_Stream1_IRQHandler                  0x08000253   Thumb Code     0  startup_stm32f40_41xxx.o(.text)
    DMA1_Stream2_IRQHandler                  0x08000253   Thumb Code     0  startup_stm32f40_41xxx.o(.text)
    DMA1_Stream3_IRQHandler                  0x08000253   Thumb Code     0  startup_stm32f40_41xxx.o(.text)
    DMA1_Stream4_IRQHandler                  0x08000253   Thumb Code     0  startup_stm32f40_41xxx.o(.text)
    DMA1_Stream5_IRQHandler                  0x08000253   Thumb Code     0  startup_stm32f40_41xxx.o(.text)
    DMA1_Stream6_IRQHandler                  0x08000253   Thumb Code     0  startup_stm32f40_41xxx.o(.text)
    DMA1_Stream7_IRQHandler                  0x08000253   Thumb Code     0  startup_stm32f40_41xxx.o(.text)
    DMA2_Stream0_IRQHandler                  0x08000253   Thumb Code     0  startup_stm32f40_41xxx.o(.text)
    DMA2_Stream1_IRQHandler                  0x08000253   Thumb Code     0  startup_stm32f40_41xxx.o(.text)
    DMA2_Stream2_IRQHandler                  0x08000253   Thumb Code     0  startup_stm32f40_41xxx.o(.text)
    DMA2_Stream3_IRQHandler                  0x08000253   Thumb Code     0  startup_stm32f40_41xxx.o(.text)
    DMA2_Stream4_IRQHandler                  0x08000253   Thumb Code     0  startup_stm32f40_41xxx.o(.text)
    DMA2_Stream5_IRQHandler                  0x08000253   Thumb Code     0  startup_stm32f40_41xxx.o(.text)
    DMA2_Stream6_IRQHandler                  0x08000253   Thumb Code     0  startup_stm32f40_41xxx.o(.text)
    DMA2_Stream7_IRQHandler                  0x08000253   Thumb Code     0  startup_stm32f40_41xxx.o(.text)
    ETH_WKUP_IRQHandler                      0x08000253   Thumb Code     0  startup_stm32f40_41xxx.o(.text)
    EXTI0_IRQHandler                         0x08000253   Thumb Code     0  startup_stm32f40_41xxx.o(.text)
    EXTI15_10_IRQHandler                     0x08000253   Thumb Code     0  startup_stm32f40_41xxx.o(.text)
    EXTI1_IRQHandler                         0x08000253   Thumb Code     0  startup_stm32f40_41xxx.o(.text)
    EXTI2_IRQHandler                         0x08000253   Thumb Code     0  startup_stm32f40_41xxx.o(.text)
    EXTI3_IRQHandler                         0x08000253   Thumb Code     0  startup_stm32f40_41xxx.o(.text)
    EXTI4_IRQHandler                         0x08000253   Thumb Code     0  startup_stm32f40_41xxx.o(.text)
    EXTI9_5_IRQHandler                       0x08000253   Thumb Code     0  startup_stm32f40_41xxx.o(.text)
    FLASH_IRQHandler                         0x08000253   Thumb Code     0  startup_stm32f40_41xxx.o(.text)
    FPU_IRQHandler                           0x08000253   Thumb Code     0  startup_stm32f40_41xxx.o(.text)
    FSMC_IRQHandler                          0x08000253   Thumb Code     0  startup_stm32f40_41xxx.o(.text)
    HASH_RNG_IRQHandler                      0x08000253   Thumb Code     0  startup_stm32f40_41xxx.o(.text)
    I2C1_ER_IRQHandler                       0x08000253   Thumb Code     0  startup_stm32f40_41xxx.o(.text)
    I2C1_EV_IRQHandler                       0x08000253   Thumb Code     0  startup_stm32f40_41xxx.o(.text)
    I2C2_ER_IRQHandler                       0x08000253   Thumb Code     0  startup_stm32f40_41xxx.o(.text)
    I2C2_EV_IRQHandler                       0x08000253   Thumb Code     0  startup_stm32f40_41xxx.o(.text)
    I2C3_ER_IRQHandler                       0x08000253   Thumb Code     0  startup_stm32f40_41xxx.o(.text)
    I2C3_EV_IRQHandler                       0x08000253   Thumb Code     0  startup_stm32f40_41xxx.o(.text)
    OTG_FS_IRQHandler                        0x08000253   Thumb Code     0  startup_stm32f40_41xxx.o(.text)
    OTG_FS_WKUP_IRQHandler                   0x08000253   Thumb Code     0  startup_stm32f40_41xxx.o(.text)
    OTG_HS_EP1_IN_IRQHandler                 0x08000253   Thumb Code     0  startup_stm32f40_41xxx.o(.text)
    OTG_HS_EP1_OUT_IRQHandler                0x08000253   Thumb Code     0  startup_stm32f40_41xxx.o(.text)
    OTG_HS_IRQHandler                        0x08000253   Thumb Code     0  startup_stm32f40_41xxx.o(.text)
    OTG_HS_WKUP_IRQHandler                   0x08000253   Thumb Code     0  startup_stm32f40_41xxx.o(.text)
    PVD_IRQHandler                           0x08000253   Thumb Code     0  startup_stm32f40_41xxx.o(.text)
    RCC_IRQHandler                           0x08000253   Thumb Code     0  startup_stm32f40_41xxx.o(.text)
    RTC_Alarm_IRQHandler                     0x08000253   Thumb Code     0  startup_stm32f40_41xxx.o(.text)
    RTC_WKUP_IRQHandler                      0x08000253   Thumb Code     0  startup_stm32f40_41xxx.o(.text)
    SDIO_IRQHandler                          0x08000253   Thumb Code     0  startup_stm32f40_41xxx.o(.text)
    SPI1_IRQHandler                          0x08000253   Thumb Code     0  startup_stm32f40_41xxx.o(.text)
    SPI2_IRQHandler                          0x08000253   Thumb Code     0  startup_stm32f40_41xxx.o(.text)
    SPI3_IRQHandler                          0x08000253   Thumb Code     0  startup_stm32f40_41xxx.o(.text)
    TAMP_STAMP_IRQHandler                    0x08000253   Thumb Code     0  startup_stm32f40_41xxx.o(.text)
    TIM1_BRK_TIM9_IRQHandler                 0x08000253   Thumb Code     0  startup_stm32f40_41xxx.o(.text)
    TIM1_CC_IRQHandler                       0x08000253   Thumb Code     0  startup_stm32f40_41xxx.o(.text)
    TIM1_TRG_COM_TIM11_IRQHandler            0x08000253   Thumb Code     0  startup_stm32f40_41xxx.o(.text)
    TIM1_UP_TIM10_IRQHandler                 0x08000253   Thumb Code     0  startup_stm32f40_41xxx.o(.text)
    TIM2_IRQHandler                          0x08000253   Thumb Code     0  startup_stm32f40_41xxx.o(.text)
    TIM4_IRQHandler                          0x08000253   Thumb Code     0  startup_stm32f40_41xxx.o(.text)
    TIM5_IRQHandler                          0x08000253   Thumb Code     0  startup_stm32f40_41xxx.o(.text)
    TIM6_DAC_IRQHandler                      0x08000253   Thumb Code     0  startup_stm32f40_41xxx.o(.text)
    TIM7_IRQHandler                          0x08000253   Thumb Code     0  startup_stm32f40_41xxx.o(.text)
    TIM8_BRK_TIM12_IRQHandler                0x08000253   Thumb Code     0  startup_stm32f40_41xxx.o(.text)
    TIM8_CC_IRQHandler                       0x08000253   Thumb Code     0  startup_stm32f40_41xxx.o(.text)
    TIM8_TRG_COM_TIM14_IRQHandler            0x08000253   Thumb Code     0  startup_stm32f40_41xxx.o(.text)
    TIM8_UP_TIM13_IRQHandler                 0x08000253   Thumb Code     0  startup_stm32f40_41xxx.o(.text)
    UART4_IRQHandler                         0x08000253   Thumb Code     0  startup_stm32f40_41xxx.o(.text)
    UART5_IRQHandler                         0x08000253   Thumb Code     0  startup_stm32f40_41xxx.o(.text)
    USART2_IRQHandler                        0x08000253   Thumb Code     0  startup_stm32f40_41xxx.o(.text)
    USART3_IRQHandler                        0x08000253   Thumb Code     0  startup_stm32f40_41xxx.o(.text)
    USART6_IRQHandler                        0x08000253   Thumb Code     0  startup_stm32f40_41xxx.o(.text)
    WWDG_IRQHandler                          0x08000253   Thumb Code     0  startup_stm32f40_41xxx.o(.text)
    __user_initial_stackheap                 0x08000255   Thumb Code     0  startup_stm32f40_41xxx.o(.text)
    __use_no_semihosting                     0x08000279   Thumb Code     2  use_no_semi_2.o(.text)
    __2printf                                0x0800027d   Thumb Code    20  noretval__2printf.o(.text)
    __printf                                 0x08000295   Thumb Code   104  __printf.o(.text)
    _printf_str                              0x080002fd   Thumb Code    82  _printf_str.o(.text)
    _printf_int_dec                          0x08000351   Thumb Code   104  _printf_dec.o(.text)
    memcmp                                   0x080003c9   Thumb Code    88  memcmp.o(.text)
    strlen                                   0x08000421   Thumb Code    62  strlen.o(.text)
    __aeabi_memcpy                           0x0800045f   Thumb Code     0  rt_memcpy_v6.o(.text)
    __rt_memcpy                              0x0800045f   Thumb Code   138  rt_memcpy_v6.o(.text)
    _memcpy_lastbytes                        0x080004c5   Thumb Code     0  rt_memcpy_v6.o(.text)
    __aeabi_memclr                           0x080004e9   Thumb Code     0  rt_memclr.o(.text)
    __rt_memclr                              0x080004e9   Thumb Code    68  rt_memclr.o(.text)
    _memset                                  0x080004ed   Thumb Code     0  rt_memclr.o(.text)
    __aeabi_memclr4                          0x0800052d   Thumb Code     0  rt_memclr_w.o(.text)
    __aeabi_memclr8                          0x0800052d   Thumb Code     0  rt_memclr_w.o(.text)
    __rt_memclr_w                            0x0800052d   Thumb Code    78  rt_memclr_w.o(.text)
    _memset_w                                0x08000531   Thumb Code     0  rt_memclr_w.o(.text)
    __use_two_region_memory                  0x0800057b   Thumb Code     2  heapauxi.o(.text)
    __rt_heap_escrow$2region                 0x0800057d   Thumb Code     2  heapauxi.o(.text)
    __rt_heap_expand$2region                 0x0800057f   Thumb Code     2  heapauxi.o(.text)
    __I$use$semihosting                      0x08000581   Thumb Code     0  use_no_semi.o(.text)
    __use_no_semihosting_swi                 0x08000581   Thumb Code     2  use_no_semi.o(.text)
    _printf_int_common                       0x08000583   Thumb Code   178  _printf_intcommon.o(.text)
    _printf_cs_common                        0x08000635   Thumb Code    20  _printf_char.o(.text)
    _printf_char                             0x08000649   Thumb Code    16  _printf_char.o(.text)
    _printf_string                           0x08000659   Thumb Code     8  _printf_char.o(.text)
    _printf_char_file                        0x08000661   Thumb Code    32  _printf_char_file.o(.text)
    __aeabi_memcpy4                          0x08000685   Thumb Code     0  rt_memcpy_w.o(.text)
    __aeabi_memcpy8                          0x08000685   Thumb Code     0  rt_memcpy_w.o(.text)
    __rt_memcpy_w                            0x08000685   Thumb Code   100  rt_memcpy_w.o(.text)
    _memcpy_lastbytes_aligned                0x080006cd   Thumb Code     0  rt_memcpy_w.o(.text)
    _printf_char_common                      0x080006f3   Thumb Code    32  _printf_char_common.o(.text)
    ferror                                   0x08000719   Thumb Code     8  ferror.o(.text)
    __user_setup_stackheap                   0x08000721   Thumb Code    74  sys_stackheap_outer.o(.text)
    exit                                     0x0800076b   Thumb Code    18  exit.o(.text)
    __user_libspace                          0x0800077d   Thumb Code     8  libspace.o(.text)
    __user_perproc_libspace                  0x0800077d   Thumb Code     0  libspace.o(.text)
    __user_perthread_libspace                0x0800077d   Thumb Code     0  libspace.o(.text)
    BusFault_Handler                         0x08000785   Thumb Code     4  stm32f4xx_it.o(i.BusFault_Handler)
    DebugMon_Handler                         0x08000789   Thumb Code     2  stm32f4xx_it.o(i.DebugMon_Handler)
    ETH_DMAClearITPendingBit                 0x080007ad   Thumb Code     6  stm32f4x7_eth.o(i.ETH_DMAClearITPendingBit)
    ETH_DMAITConfig                          0x080007b9   Thumb Code    26  stm32f4x7_eth.o(i.ETH_DMAITConfig)
    ETH_DMAReceptionCmd                      0x080007d9   Thumb Code    30  stm32f4x7_eth.o(i.ETH_DMAReceptionCmd)
    ETH_DMARxDescChainInit                   0x080007fd   Thumb Code    82  stm32f4x7_eth.o(i.ETH_DMARxDescChainInit)
    ETH_DMATransmissionCmd                   0x08000861   Thumb Code    30  stm32f4x7_eth.o(i.ETH_DMATransmissionCmd)
    ETH_DMATxDescChainInit                   0x08000885   Thumb Code    70  stm32f4x7_eth.o(i.ETH_DMATxDescChainInit)
    ETH_DMATxDescChecksumInsertionConfig     0x080008d5   Thumb Code     8  stm32f4x7_eth.o(i.ETH_DMATxDescChecksumInsertionConfig)
    ETH_DeInit                               0x080008dd   Thumb Code    22  stm32f4x7_eth.o(i.ETH_DeInit)
    ETH_FlushTransmitFIFO                    0x08000911   Thumb Code    40  stm32f4x7_eth.o(i.ETH_FlushTransmitFIFO)
    ETH_GetCurrentTxBuffer                   0x0800093d   Thumb Code     8  lan8720.o(i.ETH_GetCurrentTxBuffer)
    ETH_GetDMARxDescFrameLength              0x08000949   Thumb Code    10  stm32f4x7_eth.o(i.ETH_GetDMARxDescFrameLength)
    ETH_GetRxPktSize                         0x08000953   Thumb Code    42  stm32f4x7_eth.o(i.ETH_GetRxPktSize)
    ETH_GetSoftwareResetStatus               0x0800097d   Thumb Code    20  stm32f4x7_eth.o(i.ETH_GetSoftwareResetStatus)
    ETH_IRQHandler                           0x08000995   Thumb Code    36  lan8720.o(i.ETH_IRQHandler)
    ETH_Init                                 0x080009bd   Thumb Code   762  stm32f4x7_eth.o(i.ETH_Init)
    ETH_MACAddressConfig                     0x08000ce5   Thumb Code    46  stm32f4x7_eth.o(i.ETH_MACAddressConfig)
    ETH_MACDMA_Config                        0x08000d19   Thumb Code   136  lan8720.o(i.ETH_MACDMA_Config)
    ETH_MACReceptionCmd                      0x08000da5   Thumb Code    58  stm32f4x7_eth.o(i.ETH_MACReceptionCmd)
    ETH_MACTransmissionCmd                   0x08000de5   Thumb Code    58  stm32f4x7_eth.o(i.ETH_MACTransmissionCmd)
    ETH_Mem_Free                             0x08000e25   Thumb Code    44  lan8720.o(i.ETH_Mem_Free)
    ETH_Mem_Malloc                           0x08000e61   Thumb Code    90  lan8720.o(i.ETH_Mem_Malloc)
    ETH_ReadPHYRegister                      0x08000ecd   Thumb Code    98  stm32f4x7_eth.o(i.ETH_ReadPHYRegister)
    ETH_Rx_Packet                            0x08000f39   Thumb Code   148  lan8720.o(i.ETH_Rx_Packet)
    ETH_SoftwareReset                        0x08000fd5   Thumb Code    14  stm32f4x7_eth.o(i.ETH_SoftwareReset)
    ETH_Start                                0x08000fe9   Thumb Code    32  stm32f4x7_eth.o(i.ETH_Start)
    ETH_StructInit                           0x08001009   Thumb Code   178  stm32f4x7_eth.o(i.ETH_StructInit)
    ETH_Tx_Packet                            0x080010bd   Thumb Code    94  lan8720.o(i.ETH_Tx_Packet)
    ETH_WritePHYRegister                     0x08001125   Thumb Code    96  stm32f4x7_eth.o(i.ETH_WritePHYRegister)
    GPIO_Init                                0x0800118d   Thumb Code   144  stm32f4xx_gpio.o(i.GPIO_Init)
    GPIO_PinAFConfig                         0x0800121d   Thumb Code    70  stm32f4xx_gpio.o(i.GPIO_PinAFConfig)
    GPIO_WriteBit                            0x08001263   Thumb Code    10  stm32f4xx_gpio.o(i.GPIO_WriteBit)
    HardFault_Handler                        0x0800126d   Thumb Code     4  stm32f4xx_it.o(i.HardFault_Handler)
    LAN8720_Init                             0x08001271   Thumb Code   256  lan8720.o(i.LAN8720_Init)
    MemManage_Handler                        0x08001381   Thumb Code     4  stm32f4xx_it.o(i.MemManage_Handler)
    NMI_Handler                              0x08001385   Thumb Code     2  stm32f4xx_it.o(i.NMI_Handler)
    NVIC_Init                                0x08001389   Thumb Code   106  misc.o(i.NVIC_Init)
    NVIC_PriorityGroupConfig                 0x08001401   Thumb Code    10  misc.o(i.NVIC_PriorityGroupConfig)
    PendSV_Handler                           0x08001415   Thumb Code     2  stm32f4xx_it.o(i.PendSV_Handler)
    RCC_AHB1PeriphClockCmd                   0x08001419   Thumb Code    26  stm32f4xx_rcc.o(i.RCC_AHB1PeriphClockCmd)
    RCC_AHB1PeriphResetCmd                   0x08001439   Thumb Code    26  stm32f4xx_rcc.o(i.RCC_AHB1PeriphResetCmd)
    RCC_APB1PeriphClockCmd                   0x08001459   Thumb Code    26  stm32f4xx_rcc.o(i.RCC_APB1PeriphClockCmd)
    RCC_APB2PeriphClockCmd                   0x08001479   Thumb Code    26  stm32f4xx_rcc.o(i.RCC_APB2PeriphClockCmd)
    RCC_GetClocksFreq                        0x08001499   Thumb Code   214  stm32f4xx_rcc.o(i.RCC_GetClocksFreq)
    SVC_Handler                              0x08001581   Thumb Code     2  stm32f4xx_it.o(i.SVC_Handler)
    SYSCFG_ETH_MediaInterfaceConfig          0x08001585   Thumb Code     6  stm32f4xx_syscfg.o(i.SYSCFG_ETH_MediaInterfaceConfig)
    SysTick_Handler                          0x0800167d   Thumb Code     2  stm32f4xx_it.o(i.SysTick_Handler)
    SystemInit                               0x08001681   Thumb Code    88  system_stm32f4xx.o(i.SystemInit)
    TIM3_IRQHandler                          0x080016e9   Thumb Code    34  timer.o(i.TIM3_IRQHandler)
    TIM3_Int_Init                            0x08001715   Thumb Code    88  timer.o(i.TIM3_Int_Init)
    TIM_ClearITPendingBit                    0x08001771   Thumb Code     6  stm32f4xx_tim.o(i.TIM_ClearITPendingBit)
    TIM_Cmd                                  0x08001777   Thumb Code    24  stm32f4xx_tim.o(i.TIM_Cmd)
    TIM_GetITStatus                          0x0800178f   Thumb Code    34  stm32f4xx_tim.o(i.TIM_GetITStatus)
    TIM_ITConfig                             0x080017b1   Thumb Code    18  stm32f4xx_tim.o(i.TIM_ITConfig)
    TIM_TimeBaseInit                         0x080017c5   Thumb Code   104  stm32f4xx_tim.o(i.TIM_TimeBaseInit)
    USART1_IRQHandler                        0x08001849   Thumb Code   122  uart.o(i.USART1_IRQHandler)
    USART_Cmd                                0x080018d1   Thumb Code    24  stm32f4xx_usart.o(i.USART_Cmd)
    USART_GetITStatus                        0x080018e9   Thumb Code    84  stm32f4xx_usart.o(i.USART_GetITStatus)
    USART_ITConfig                           0x0800193d   Thumb Code    74  stm32f4xx_usart.o(i.USART_ITConfig)
    USART_Init                               0x08001989   Thumb Code   204  stm32f4xx_usart.o(i.USART_Init)
    USART_ReceiveData                        0x08001a5d   Thumb Code    10  stm32f4xx_usart.o(i.USART_ReceiveData)
    UsageFault_Handler                       0x08001a67   Thumb Code     4  stm32f4xx_it.o(i.UsageFault_Handler)
    _sys_exit                                0x08001a6b   Thumb Code     4  uart.o(i._sys_exit)
    delay_init                               0x08001a8d   Thumb Code    56  delay.o(i.delay_init)
    delay_ms                                 0x08001acd   Thumb Code    56  delay.o(i.delay_ms)
    delay_xms                                0x08001b05   Thumb Code    56  delay.o(i.delay_xms)
    dhcp_arp_reply                           0x08001b41   Thumb Code    66  dhcp.o(i.dhcp_arp_reply)
    dhcp_coarse_tmr                          0x08001dcd   Thumb Code    62  dhcp.o(i.dhcp_coarse_tmr)
    dhcp_fine_tmr                            0x0800237d   Thumb Code    64  dhcp.o(i.dhcp_fine_tmr)
    dhcp_release                             0x08003109   Thumb Code   162  dhcp.o(i.dhcp_release)
    dhcp_renew                               0x080031b1   Thumb Code   134  dhcp.o(i.dhcp_renew)
    dhcp_start                               0x0800333d   Thumb Code   268  dhcp.o(i.dhcp_start)
    dhcp_stop                                0x080034ed   Thumb Code   102  dhcp.o(i.dhcp_stop)
    etharp_cleanup_netif                     0x080038b1   Thumb Code    52  etharp.o(i.etharp_cleanup_netif)
    etharp_output                            0x08003c09   Thumb Code   376  etharp.o(i.etharp_output)
    etharp_query                             0x08003f39   Thumb Code   436  etharp.o(i.etharp_query)
    etharp_request                           0x08004349   Thumb Code    36  etharp.o(i.etharp_request)
    etharp_tmr                               0x0800442d   Thumb Code   136  etharp.o(i.etharp_tmr)
    ethernet_input                           0x08004611   Thumb Code   198  etharp.o(i.ethernet_input)
    ethernetif_init                          0x08004761   Thumb Code    58  ethernetif.o(i.ethernetif_init)
    ethernetif_input                         0x08004815   Thumb Code    44  ethernetif.o(i.ethernetif_input)
    fputc                                    0x08004841   Thumb Code    22  uart.o(i.fputc)
    icmp_dest_unreach                        0x0800485d   Thumb Code    18  icmp.o(i.icmp_dest_unreach)
    icmp_input                               0x08004871   Thumb Code   454  icmp.o(i.icmp_input)
    icmp_time_exceeded                       0x08004ca9   Thumb Code    18  icmp.o(i.icmp_time_exceeded)
    inet_chksum                              0x08004cbb   Thumb Code    20  inet_chksum.o(i.inet_chksum)
    inet_chksum_pbuf                         0x08004ccf   Thumb Code    86  inet_chksum.o(i.inet_chksum_pbuf)
    ip4_addr_isbroadcast                     0x08004d25   Thumb Code    78  ip_addr.o(i.ip4_addr_isbroadcast)
    ip_frag                                  0x08004d75   Thumb Code   448  ip_frag.o(i.ip_frag)
    ip_input                                 0x08005069   Thumb Code   420  ip.o(i.ip_input)
    ip_output                                0x08005221   Thumb Code    80  ip.o(i.ip_output)
    ip_output_if                             0x080052dd   Thumb Code   240  ip.o(i.ip_output_if)
    ip_reass                                 0x0800546d   Thumb Code   386  ip_frag.o(i.ip_reass)
    ip_reass_tmr                             0x08005ca9   Thumb Code    48  ip_frag.o(i.ip_reass_tmr)
    ip_route                                 0x08005cdd   Thumb Code    76  ip.o(i.ip_route)
    lwip_comm_default_ip_set                 0x08005f55   Thumb Code    90  lwip_comm.o(i.lwip_comm_default_ip_set)
    lwip_comm_init                           0x08005fb5   Thumb Code   114  lwip_comm.o(i.lwip_comm_init)
    lwip_comm_mem_free                       0x08006039   Thumb Code    24  lwip_comm.o(i.lwip_comm_mem_free)
    lwip_comm_mem_malloc                     0x08006059   Thumb Code    60  lwip_comm.o(i.lwip_comm_mem_malloc)
    lwip_dhcp_process_handle                 0x0800609d   Thumb Code   418  lwip_comm.o(i.lwip_dhcp_process_handle)
    lwip_htonl                               0x080063e9   Thumb Code    26  def.o(i.lwip_htonl)
    lwip_htons                               0x08006403   Thumb Code    12  def.o(i.lwip_htons)
    lwip_init                                0x0800640f   Thumb Code    28  init.o(i.lwip_init)
    lwip_ntohl                               0x0800642b   Thumb Code    12  def.o(i.lwip_ntohl)
    lwip_ntohs                               0x08006437   Thumb Code    12  def.o(i.lwip_ntohs)
    lwip_periodic_handle                     0x08006445   Thumb Code   138  lwip_comm.o(i.lwip_periodic_handle)
    lwip_pkt_handle                          0x080064e9   Thumb Code    10  lwip_comm.o(i.lwip_pkt_handle)
    main                                     0x08006559   Thumb Code   126  main.o(i.main)
    mem_free                                 0x080065e5   Thumb Code   150  mem.o(i.mem_free)
    mem_init                                 0x08006735   Thumb Code    78  mem.o(i.mem_init)
    mem_malloc                               0x08006795   Thumb Code   366  mem.o(i.mem_malloc)
    mem_trim                                 0x08006a0d   Thumb Code   308  mem.o(i.mem_trim)
    memp_free                                0x08006be1   Thumb Code    60  memp.o(i.memp_free)
    memp_get_memorysize                      0x08006ca1   Thumb Code     8  memp.o(i.memp_get_memorysize)
    memp_init                                0x08006ca9   Thumb Code    86  memp.o(i.memp_init)
    memp_malloc                              0x08006d11   Thumb Code    88  memp.o(i.memp_malloc)
    my_mem_free                              0x08006e11   Thumb Code    96  malloc.o(i.my_mem_free)
    my_mem_init                              0x08006e7d   Thumb Code    54  malloc.o(i.my_mem_init)
    my_mem_malloc                            0x08006ec1   Thumb Code   156  malloc.o(i.my_mem_malloc)
    my_mem_perused                           0x08006f69   Thumb Code    54  malloc.o(i.my_mem_perused)
    myfree                                   0x08006fa9   Thumb Code    30  malloc.o(i.myfree)
    mymalloc                                 0x08006fcd   Thumb Code    34  malloc.o(i.mymalloc)
    mymemset                                 0x08006ff5   Thumb Code    20  malloc.o(i.mymemset)
    netif_add                                0x08007009   Thumb Code   122  netif.o(i.netif_add)
    netif_init                               0x08007105   Thumb Code     2  netif.o(i.netif_init)
    netif_set_addr                           0x08007107   Thumb Code    40  netif.o(i.netif_set_addr)
    netif_set_default                        0x08007131   Thumb Code     6  netif.o(i.netif_set_default)
    netif_set_down                           0x0800713d   Thumb Code    42  netif.o(i.netif_set_down)
    netif_set_gw                             0x08007167   Thumb Code    12  netif.o(i.netif_set_gw)
    netif_set_ipaddr                         0x08007175   Thumb Code   110  netif.o(i.netif_set_ipaddr)
    netif_set_netmask                        0x080071ed   Thumb Code    12  netif.o(i.netif_set_netmask)
    netif_set_up                             0x080071f9   Thumb Code    54  netif.o(i.netif_set_up)
    pbuf_alloc                               0x08007231   Thumb Code   638  pbuf.o(i.pbuf_alloc)
    pbuf_alloced_custom                      0x08007651   Thumb Code   140  pbuf.o(i.pbuf_alloced_custom)
    pbuf_cat                                 0x08007761   Thumb Code   126  pbuf.o(i.pbuf_cat)
    pbuf_chain                               0x080078b9   Thumb Code    22  pbuf.o(i.pbuf_chain)
    pbuf_clen                                0x080078cf   Thumb Code    18  pbuf.o(i.pbuf_clen)
    pbuf_copy                                0x080078e1   Thumb Code   320  pbuf.o(i.pbuf_copy)
    pbuf_copy_partial                        0x08007b21   Thumb Code   182  pbuf.o(i.pbuf_copy_partial)
    pbuf_free                                0x08007c7d   Thumb Code   248  pbuf.o(i.pbuf_free)
    pbuf_header                              0x08007e35   Thumb Code   192  pbuf.o(i.pbuf_header)
    pbuf_realloc                             0x08007f91   Thumb Code   252  pbuf.o(i.pbuf_realloc)
    pbuf_ref                                 0x08008169   Thumb Code    10  pbuf.o(i.pbuf_ref)
    pbuf_take                                0x08008175   Thumb Code   198  pbuf.o(i.pbuf_take)
    raw_input                                0x080084c1   Thumb Code   102  raw.o(i.raw_input)
    sys_now                                  0x08008535   Thumb Code     6  sys_arch.o(i.sys_now)
    sys_timeout                              0x08008541   Thumb Code   174  timers.o(i.sys_timeout)
    sys_timeouts_init                        0x08008695   Thumb Code    60  timers.o(i.sys_timeouts_init)
    tcp_abandon                              0x080086e5   Thumb Code   160  tcp.o(i.tcp_abandon)
    tcp_abort                                0x08008821   Thumb Code    14  tcp.o(i.tcp_abort)
    tcp_alloc                                0x08008831   Thumb Code   172  tcp.o(i.tcp_alloc)
    tcp_close                                0x080088ed   Thumb Code    28  tcp.o(i.tcp_close)
    tcp_eff_send_mss                         0x08008c0d   Thumb Code    46  tcp.o(i.tcp_eff_send_mss)
    tcp_enqueue_flags                        0x08008c3d   Thumb Code   396  tcp_out.o(i.tcp_enqueue_flags)
    tcp_fasttmr                              0x08008ed5   Thumb Code   110  tcp.o(i.tcp_fasttmr)
    tcp_init                                 0x08008f51   Thumb Code     2  tcp.o(i.tcp_init)
    tcp_input                                0x08008f55   Thumb Code  1672  tcp_in.o(i.tcp_input)
    tcp_keepalive                            0x08009605   Thumb Code    68  tcp_out.o(i.tcp_keepalive)
    tcp_next_iss                             0x08009809   Thumb Code    20  tcp.o(i.tcp_next_iss)
    tcp_output                               0x08009825   Thumb Code   492  tcp_out.o(i.tcp_output)
    tcp_pcb_purge                            0x08009d61   Thumb Code    64  tcp.o(i.tcp_pcb_purge)
    tcp_pcb_remove                           0x08009da1   Thumb Code   184  tcp.o(i.tcp_pcb_remove)
    tcp_process_refused_data                 0x0800a569   Thumb Code   140  tcp.o(i.tcp_process_refused_data)
    tcp_recv_null                            0x0800aee9   Thumb Code    46  tcp.o(i.tcp_recv_null)
    tcp_recved                               0x0800af19   Thumb Code   124  tcp.o(i.tcp_recved)
    tcp_rexmit                               0x0800b03d   Thumb Code    90  tcp_out.o(i.tcp_rexmit)
    tcp_rexmit_fast                          0x0800b097   Thumb Code   112  tcp_out.o(i.tcp_rexmit_fast)
    tcp_rexmit_rto                           0x0800b107   Thumb Code    58  tcp_out.o(i.tcp_rexmit_rto)
    tcp_rst                                  0x0800b141   Thumb Code   148  tcp_out.o(i.tcp_rst)
    tcp_seg_free                             0x0800b265   Thumb Code    26  tcp.o(i.tcp_seg_free)
    tcp_segs_free                            0x0800b27f   Thumb Code    24  tcp.o(i.tcp_segs_free)
    tcp_send_empty_ack                       0x0800b297   Thumb Code    78  tcp_out.o(i.tcp_send_empty_ack)
    tcp_send_fin                             0x0800b2e5   Thumb Code    74  tcp_out.o(i.tcp_send_fin)
    tcp_slowtmr                              0x0800b331   Thumb Code  1436  tcp.o(i.tcp_slowtmr)
    tcp_timer_needed                         0x0800b8f9   Thumb Code    38  timers.o(i.tcp_timer_needed)
    tcp_tmr                                  0x0800b9dd   Thumb Code    30  tcp.o(i.tcp_tmr)
    tcp_update_rcv_ann_wnd                   0x0800ba01   Thumb Code   102  tcp.o(i.tcp_update_rcv_ann_wnd)
    tcp_zero_window_probe                    0x0800bae1   Thumb Code   164  tcp_out.o(i.tcp_zero_window_probe)
    uart_init                                0x0800bbbd   Thumb Code   164  uart.o(i.uart_init)
    udp_bind                                 0x0800bc69   Thumb Code   146  udp.o(i.udp_bind)
    udp_connect                              0x0800bd69   Thumb Code    94  udp.o(i.udp_connect)
    udp_demo_recv                            0x0800bdcd   Thumb Code   176  udp_demo.o(i.udp_demo_recv)
    udp_demo_senddata                        0x0800be89   Thumb Code    60  udp_demo.o(i.udp_demo_senddata)
    udp_demo_test                            0x0800bec9   Thumb Code   108  udp_demo.o(i.udp_demo_test)
    udp_disconnect                           0x0800bf49   Thumb Code    16  udp.o(i.udp_disconnect)
    udp_init                                 0x0800bf59   Thumb Code     2  udp.o(i.udp_init)
    udp_input                                0x0800bf5d   Thumb Code   492  udp.o(i.udp_input)
    udp_new                                  0x0800c1d9   Thumb Code    28  udp.o(i.udp_new)
    udp_recv                                 0x0800c24d   Thumb Code     6  udp.o(i.udp_recv)
    udp_remove                               0x0800c255   Thumb Code    60  udp.o(i.udp_remove)
    udp_send                                 0x0800c295   Thumb Code    20  udp.o(i.udp_send)
    udp_sendto                               0x0800c2a9   Thumb Code    46  udp.o(i.udp_sendto)
    udp_sendto_if                            0x0800c2d9   Thumb Code   230  udp.o(i.udp_sendto_if)
    _fp_init                                 0x0800c44d   Thumb Code    10  fpinit.o(x$fpl$fpinit)
    __fplib_config_fpu_vfp                   0x0800c455   Thumb Code     0  fpinit.o(x$fpl$fpinit)
    __fplib_config_pureend_doubles           0x0800c455   Thumb Code     0  fpinit.o(x$fpl$fpinit)
    memtblsize                               0x0800c458   Data          12  malloc.o(.constdata)
    memblksize                               0x0800c464   Data          12  malloc.o(.constdata)
    memsize                                  0x0800c470   Data          12  malloc.o(.constdata)
    ethbroadcast                             0x0800c47c   Data           6  etharp.o(.constdata)
    ethzero                                  0x0800c482   Data           6  etharp.o(.constdata)
    ip_addr_any                              0x0800c488   Data           4  ip_addr.o(.constdata)
    ip_addr_broadcast                        0x0800c48c   Data           4  ip_addr.o(.constdata)
    tcp_state_str                            0x0800c4b8   Data          44  tcp.o(.constdata)
    tcp_backoff                              0x0800c4e4   Data          13  tcp.o(.constdata)
    tcp_persist_backoff                      0x0800c4f1   Data           7  tcp.o(.constdata)
    tcp_pcb_lists                            0x0800c4f8   Data          16  tcp.o(.constdata)
    Region$$Table$$Base                      0x0800c6a8   Number         0  anon$$obj.o(Region$$Table)
    Region$$Table$$Limit                     0x0800c6c8   Number         0  anon$$obj.o(Region$$Table)
    mem3base                                 0x10000000   Data       61440  malloc.o(.ARM.__AT_0x10000000)
    mem3mapbase                              0x1000f000   Data        3840  malloc.o(.ARM.__AT_0x1000F000)
    USART_RX_STA                             0x20000004   Data           2  uart.o(.data)
    __stdout                                 0x20000008   Data           4  uart.o(.data)
    DMARxDscrTab                             0x2000000c   Data           4  lan8720.o(.data)
    DMATxDscrTab                             0x20000010   Data           4  lan8720.o(.data)
    Rx_Buff                                  0x20000014   Data           4  lan8720.o(.data)
    Tx_Buff                                  0x20000018   Data           4  lan8720.o(.data)
    mallco_dev                               0x2000001c   Data          36  malloc.o(.data)
    DMATxDescToSet                           0x20000050   Data           4  stm32f4x7_eth.o(.data)
    DMARxDescToGet                           0x20000054   Data           4  stm32f4x7_eth.o(.data)
    DMA_RX_FRAME_infos                       0x20000058   Data           4  stm32f4x7_eth.o(.data)
    Frame_Rx_index                           0x2000005c   Data           4  stm32f4x7_eth.o(.data)
    current_netif                            0x20000064   Data           4  ip.o(.data)
    current_header                           0x20000068   Data           4  ip.o(.data)
    current_iphdr_src                        0x2000006c   Data           4  ip.o(.data)
    current_iphdr_dest                       0x20000070   Data           4  ip.o(.data)
    ram_heap                                 0x20000084   Data           4  mem.o(.data)
    memp_memory                              0x20000094   Data           4  memp.o(.data)
    netif_list                               0x20000098   Data           4  netif.o(.data)
    netif_default                            0x2000009c   Data           4  netif.o(.data)
    tcp_ticks                                0x200000ac   Data           4  tcp.o(.data)
    tcp_bound_pcbs                           0x200000b0   Data           4  tcp.o(.data)
    tcp_listen_pcbs                          0x200000b4   Data           4  tcp.o(.data)
    tcp_active_pcbs                          0x200000b8   Data           4  tcp.o(.data)
    tcp_tw_pcbs                              0x200000bc   Data           4  tcp.o(.data)
    tcp_tmp_pcb                              0x200000c0   Data           4  tcp.o(.data)
    tcp_active_pcbs_changed                  0x200000c4   Data           1  tcp.o(.data)
    tcp_input_pcb                            0x200000e8   Data           4  tcp_in.o(.data)
    udp_pcbs                                 0x200000fc   Data           4  udp.o(.data)
    TCPTimer                                 0x20000100   Data           4  lwip_comm.o(.data)
    ARPTimer                                 0x20000104   Data           4  lwip_comm.o(.data)
    lwip_localtime                           0x20000108   Data           4  lwip_comm.o(.data)
    DHCPfineTimer                            0x2000010c   Data           4  lwip_comm.o(.data)
    DHCPcoarseTimer                          0x20000110   Data           4  lwip_comm.o(.data)
    udp_demo_flag                            0x20000114   Data           1  udp_demo.o(.data)
    udppcb                                   0x20000118   Data           4  udp_demo.o(.data)
    USART_RX_BUF                             0x2000011c   Data         200  uart.o(.bss)
    mem1base                                 0x20000200   Data       102400  malloc.o(.bss)
    mem1mapbase                              0x20019200   Data        6400  malloc.o(.bss)
    RX_Frame_Descriptor                      0x2001ab00   Data          12  stm32f4x7_eth.o(.bss)
    dhcp_rx_options_val                      0x2001abd4   Data          40  dhcp.o(.bss)
    dhcp_rx_options_given                    0x2001abfc   Data          10  dhcp.o(.bss)
    lwipdev                                  0x2001ac40   Data          23  lwip_comm.o(.bss)
    lwip_netif                               0x2001ac58   Data          52  lwip_comm.o(.bss)
    udp_demo_recvbuf                         0x2001ac8c   Data        2000  udp_demo.o(.bss)
    __libspace_start                         0x2001b45c   Data          96  libspace.o(.bss)
    __temporary_stack_top$libspace           0x2001b4bc   Data           0  libspace.o(.bss)
    mem2base                                 0x68000000   Data       983040  malloc.o(.ARM.__AT_0x68000000)
    mem2mapbase                              0x680f0000   Data       61440  malloc.o(.ARM.__AT_0x680F0000)



==============================================================================

Memory Map of the image

  Image Entry point : 0x08000189

  Load Region LR_IROM1 (Base: 0x08000000, Size: 0x0000c7e4, Max: 0x00100000, ABSOLUTE)

    Execution Region ER_IROM1 (Exec base: 0x08000000, Load base: 0x08000000, Size: 0x0000c6c8, Max: 0x00100000, ABSOLUTE)

    Exec Addr    Load Addr    Size         Type   Attr      Idx    E Section Name        Object

    0x08000000   0x08000000   0x00000188   Data   RO            3    RESET               startup_stm32f40_41xxx.o
    0x08000188   0x08000188   0x00000008   Code   RO         4555  * !!!main             c_w.l(__main.o)
    0x08000190   0x08000190   0x00000034   Code   RO         4727    !!!scatter          c_w.l(__scatter.o)
    0x080001c4   0x080001c4   0x0000001a   Code   RO         4729    !!handler_copy      c_w.l(__scatter_copy.o)
    0x080001de   0x080001de   0x00000002   PAD
    0x080001e0   0x080001e0   0x0000001c   Code   RO         4731    !!handler_zi        c_w.l(__scatter_zi.o)
    0x080001fc   0x080001fc   0x00000000   Code   RO         4542    .ARM.Collect$$_printf_percent$$00000000  c_w.l(_printf_percent.o)
    0x080001fc   0x080001fc   0x00000006   Code   RO         4541    .ARM.Collect$$_printf_percent$$00000009  c_w.l(_printf_d.o)
    0x08000202   0x08000202   0x00000006   Code   RO         4540    .ARM.Collect$$_printf_percent$$00000014  c_w.l(_printf_s.o)
    0x08000208   0x08000208   0x00000004   Code   RO         4566    .ARM.Collect$$_printf_percent$$00000017  c_w.l(_printf_percent_end.o)
    0x0800020c   0x0800020c   0x00000002   Code   RO         4601    .ARM.Collect$$libinit$$00000000  c_w.l(libinit.o)
    0x0800020e   0x0800020e   0x00000004   Code   RO         4607    .ARM.Collect$$libinit$$00000001  c_w.l(libinit2.o)
    0x08000212   0x08000212   0x00000000   Code   RO         4610    .ARM.Collect$$libinit$$00000004  c_w.l(libinit2.o)
    0x08000212   0x08000212   0x00000000   Code   RO         4613    .ARM.Collect$$libinit$$0000000A  c_w.l(libinit2.o)
    0x08000212   0x08000212   0x00000000   Code   RO         4615    .ARM.Collect$$libinit$$0000000C  c_w.l(libinit2.o)
    0x08000212   0x08000212   0x00000000   Code   RO         4617    .ARM.Collect$$libinit$$0000000E  c_w.l(libinit2.o)
    0x08000212   0x08000212   0x00000000   Code   RO         4620    .ARM.Collect$$libinit$$00000011  c_w.l(libinit2.o)
    0x08000212   0x08000212   0x00000000   Code   RO         4622    .ARM.Collect$$libinit$$00000013  c_w.l(libinit2.o)
    0x08000212   0x08000212   0x00000000   Code   RO         4624    .ARM.Collect$$libinit$$00000015  c_w.l(libinit2.o)
    0x08000212   0x08000212   0x00000000   Code   RO         4626    .ARM.Collect$$libinit$$00000017  c_w.l(libinit2.o)
    0x08000212   0x08000212   0x00000000   Code   RO         4628    .ARM.Collect$$libinit$$00000019  c_w.l(libinit2.o)
    0x08000212   0x08000212   0x00000000   Code   RO         4630    .ARM.Collect$$libinit$$0000001B  c_w.l(libinit2.o)
    0x08000212   0x08000212   0x00000000   Code   RO         4632    .ARM.Collect$$libinit$$0000001D  c_w.l(libinit2.o)
    0x08000212   0x08000212   0x00000000   Code   RO         4634    .ARM.Collect$$libinit$$0000001F  c_w.l(libinit2.o)
    0x08000212   0x08000212   0x00000000   Code   RO         4636    .ARM.Collect$$libinit$$00000021  c_w.l(libinit2.o)
    0x08000212   0x08000212   0x00000000   Code   RO         4638    .ARM.Collect$$libinit$$00000023  c_w.l(libinit2.o)
    0x08000212   0x08000212   0x00000000   Code   RO         4640    .ARM.Collect$$libinit$$00000025  c_w.l(libinit2.o)
    0x08000212   0x08000212   0x00000000   Code   RO         4644    .ARM.Collect$$libinit$$0000002C  c_w.l(libinit2.o)
    0x08000212   0x08000212   0x00000000   Code   RO         4646    .ARM.Collect$$libinit$$0000002E  c_w.l(libinit2.o)
    0x08000212   0x08000212   0x00000000   Code   RO         4648    .ARM.Collect$$libinit$$00000030  c_w.l(libinit2.o)
    0x08000212   0x08000212   0x00000000   Code   RO         4650    .ARM.Collect$$libinit$$00000032  c_w.l(libinit2.o)
    0x08000212   0x08000212   0x00000002   Code   RO         4651    .ARM.Collect$$libinit$$00000033  c_w.l(libinit2.o)
    0x08000214   0x08000214   0x00000002   Code   RO         4669    .ARM.Collect$$libshutdown$$00000000  c_w.l(libshutdown.o)
    0x08000216   0x08000216   0x00000000   Code   RO         4679    .ARM.Collect$$libshutdown$$00000002  c_w.l(libshutdown2.o)
    0x08000216   0x08000216   0x00000000   Code   RO         4681    .ARM.Collect$$libshutdown$$00000004  c_w.l(libshutdown2.o)
    0x08000216   0x08000216   0x00000000   Code   RO         4684    .ARM.Collect$$libshutdown$$00000007  c_w.l(libshutdown2.o)
    0x08000216   0x08000216   0x00000000   Code   RO         4687    .ARM.Collect$$libshutdown$$0000000A  c_w.l(libshutdown2.o)
    0x08000216   0x08000216   0x00000000   Code   RO         4689    .ARM.Collect$$libshutdown$$0000000C  c_w.l(libshutdown2.o)
    0x08000216   0x08000216   0x00000000   Code   RO         4692    .ARM.Collect$$libshutdown$$0000000F  c_w.l(libshutdown2.o)
    0x08000216   0x08000216   0x00000002   Code   RO         4693    .ARM.Collect$$libshutdown$$00000010  c_w.l(libshutdown2.o)
    0x08000218   0x08000218   0x00000000   Code   RO         4559    .ARM.Collect$$rtentry$$00000000  c_w.l(__rtentry.o)
    0x08000218   0x08000218   0x00000000   Code   RO         4570    .ARM.Collect$$rtentry$$00000002  c_w.l(__rtentry2.o)
    0x08000218   0x08000218   0x00000006   Code   RO         4582    .ARM.Collect$$rtentry$$00000004  c_w.l(__rtentry4.o)
    0x0800021e   0x0800021e   0x00000000   Code   RO         4572    .ARM.Collect$$rtentry$$00000009  c_w.l(__rtentry2.o)
    0x0800021e   0x0800021e   0x00000004   Code   RO         4573    .ARM.Collect$$rtentry$$0000000A  c_w.l(__rtentry2.o)
    0x08000222   0x08000222   0x00000000   Code   RO         4575    .ARM.Collect$$rtentry$$0000000C  c_w.l(__rtentry2.o)
    0x08000222   0x08000222   0x00000008   Code   RO         4576    .ARM.Collect$$rtentry$$0000000D  c_w.l(__rtentry2.o)
    0x0800022a   0x0800022a   0x00000002   Code   RO         4605    .ARM.Collect$$rtexit$$00000000  c_w.l(rtexit.o)
    0x0800022c   0x0800022c   0x00000000   Code   RO         4653    .ARM.Collect$$rtexit$$00000002  c_w.l(rtexit2.o)
    0x0800022c   0x0800022c   0x00000004   Code   RO         4654    .ARM.Collect$$rtexit$$00000003  c_w.l(rtexit2.o)
    0x08000230   0x08000230   0x00000006   Code   RO         4655    .ARM.Collect$$rtexit$$00000004  c_w.l(rtexit2.o)
    0x08000236   0x08000236   0x00000002   PAD
    0x08000238   0x08000238   0x00000040   Code   RO            4    .text               startup_stm32f40_41xxx.o
    0x08000278   0x08000278   0x00000002   Code   RO         4508    .text               c_w.l(use_no_semi_2.o)
    0x0800027a   0x0800027a   0x00000002   PAD
    0x0800027c   0x0800027c   0x00000018   Code   RO         4512    .text               c_w.l(noretval__2printf.o)
    0x08000294   0x08000294   0x00000068   Code   RO         4514    .text               c_w.l(__printf.o)
    0x080002fc   0x080002fc   0x00000052   Code   RO         4516    .text               c_w.l(_printf_str.o)
    0x0800034e   0x0800034e   0x00000002   PAD
    0x08000350   0x08000350   0x00000078   Code   RO         4518    .text               c_w.l(_printf_dec.o)
    0x080003c8   0x080003c8   0x00000058   Code   RO         4543    .text               c_w.l(memcmp.o)
    0x08000420   0x08000420   0x0000003e   Code   RO         4545    .text               c_w.l(strlen.o)
    0x0800045e   0x0800045e   0x0000008a   Code   RO         4547    .text               c_w.l(rt_memcpy_v6.o)
    0x080004e8   0x080004e8   0x00000044   Code   RO         4549    .text               c_w.l(rt_memclr.o)
    0x0800052c   0x0800052c   0x0000004e   Code   RO         4551    .text               c_w.l(rt_memclr_w.o)
    0x0800057a   0x0800057a   0x00000006   Code   RO         4553    .text               c_w.l(heapauxi.o)
    0x08000580   0x08000580   0x00000002   Code   RO         4557    .text               c_w.l(use_no_semi.o)
    0x08000582   0x08000582   0x000000b2   Code   RO         4560    .text               c_w.l(_printf_intcommon.o)
    0x08000634   0x08000634   0x0000002c   Code   RO         4562    .text               c_w.l(_printf_char.o)
    0x08000660   0x08000660   0x00000024   Code   RO         4564    .text               c_w.l(_printf_char_file.o)
    0x08000684   0x08000684   0x00000064   Code   RO         4567    .text               c_w.l(rt_memcpy_w.o)
    0x080006e8   0x080006e8   0x00000030   Code   RO         4584    .text               c_w.l(_printf_char_common.o)
    0x08000718   0x08000718   0x00000008   Code   RO         4586    .text               c_w.l(ferror.o)
    0x08000720   0x08000720   0x0000004a   Code   RO         4590    .text               c_w.l(sys_stackheap_outer.o)
    0x0800076a   0x0800076a   0x00000012   Code   RO         4594    .text               c_w.l(exit.o)
    0x0800077c   0x0800077c   0x00000008   Code   RO         4602    .text               c_w.l(libspace.o)
    0x08000784   0x08000784   0x00000004   Code   RO          395    i.BusFault_Handler  stm32f4xx_it.o
    0x08000788   0x08000788   0x00000002   Code   RO          396    i.DebugMon_Handler  stm32f4xx_it.o
    0x0800078a   0x0800078a   0x00000020   Code   RO          505    i.ETHERNET_NVICConfiguration  lan8720.o
    0x080007aa   0x080007aa   0x00000002   PAD
    0x080007ac   0x080007ac   0x0000000c   Code   RO         2117    i.ETH_DMAClearITPendingBit  stm32f4x7_eth.o
    0x080007b8   0x080007b8   0x00000020   Code   RO         2118    i.ETH_DMAITConfig   stm32f4x7_eth.o
    0x080007d8   0x080007d8   0x00000024   Code   RO         2119    i.ETH_DMAReceptionCmd  stm32f4x7_eth.o
    0x080007fc   0x080007fc   0x00000064   Code   RO         2120    i.ETH_DMARxDescChainInit  stm32f4x7_eth.o
    0x08000860   0x08000860   0x00000024   Code   RO         2122    i.ETH_DMATransmissionCmd  stm32f4x7_eth.o
    0x08000884   0x08000884   0x00000050   Code   RO         2125    i.ETH_DMATxDescChainInit  stm32f4x7_eth.o
    0x080008d4   0x080008d4   0x00000008   Code   RO         2126    i.ETH_DMATxDescChecksumInsertionConfig  stm32f4x7_eth.o
    0x080008dc   0x080008dc   0x00000016   Code   RO         2131    i.ETH_DeInit        stm32f4x7_eth.o
    0x080008f2   0x080008f2   0x0000001c   Code   RO         2132    i.ETH_Delay         stm32f4x7_eth.o
    0x0800090e   0x0800090e   0x00000002   PAD
    0x08000910   0x08000910   0x0000002c   Code   RO         2134    i.ETH_FlushTransmitFIFO  stm32f4x7_eth.o
    0x0800093c   0x0800093c   0x0000000c   Code   RO          506    i.ETH_GetCurrentTxBuffer  lan8720.o
    0x08000948   0x08000948   0x0000000a   Code   RO         2146    i.ETH_GetDMARxDescFrameLength  stm32f4x7_eth.o
    0x08000952   0x08000952   0x0000002a   Code   RO         2159    i.ETH_GetRxPktSize  stm32f4x7_eth.o
    0x0800097c   0x0800097c   0x00000018   Code   RO         2160    i.ETH_GetSoftwareResetStatus  stm32f4x7_eth.o
    0x08000994   0x08000994   0x00000028   Code   RO          507    i.ETH_IRQHandler    lan8720.o
    0x080009bc   0x080009bc   0x00000328   Code   RO         2165    i.ETH_Init          stm32f4x7_eth.o
    0x08000ce4   0x08000ce4   0x00000034   Code   RO         2167    i.ETH_MACAddressConfig  stm32f4x7_eth.o
    0x08000d18   0x08000d18   0x0000008c   Code   RO          508    i.ETH_MACDMA_Config  lan8720.o
    0x08000da4   0x08000da4   0x00000040   Code   RO         2172    i.ETH_MACReceptionCmd  stm32f4x7_eth.o
    0x08000de4   0x08000de4   0x00000040   Code   RO         2173    i.ETH_MACTransmissionCmd  stm32f4x7_eth.o
    0x08000e24   0x08000e24   0x0000003c   Code   RO          509    i.ETH_Mem_Free      lan8720.o
    0x08000e60   0x08000e60   0x0000006c   Code   RO          510    i.ETH_Mem_Malloc    lan8720.o
    0x08000ecc   0x08000ecc   0x0000006c   Code   RO         2185    i.ETH_ReadPHYRegister  stm32f4x7_eth.o
    0x08000f38   0x08000f38   0x0000009c   Code   RO          511    i.ETH_Rx_Packet     lan8720.o
    0x08000fd4   0x08000fd4   0x00000014   Code   RO         2193    i.ETH_SoftwareReset  stm32f4x7_eth.o
    0x08000fe8   0x08000fe8   0x00000020   Code   RO         2194    i.ETH_Start         stm32f4x7_eth.o
    0x08001008   0x08001008   0x000000b2   Code   RO         2196    i.ETH_StructInit    stm32f4x7_eth.o
    0x080010ba   0x080010ba   0x00000002   PAD
    0x080010bc   0x080010bc   0x00000068   Code   RO          512    i.ETH_Tx_Packet     lan8720.o
    0x08001124   0x08001124   0x00000068   Code   RO         2198    i.ETH_WritePHYRegister  stm32f4x7_eth.o
    0x0800118c   0x0800118c   0x00000090   Code   RO          914    i.GPIO_Init         stm32f4xx_gpio.o
    0x0800121c   0x0800121c   0x00000046   Code   RO          915    i.GPIO_PinAFConfig  stm32f4xx_gpio.o
    0x08001262   0x08001262   0x0000000a   Code   RO          926    i.GPIO_WriteBit     stm32f4xx_gpio.o
    0x0800126c   0x0800126c   0x00000004   Code   RO          397    i.HardFault_Handler  stm32f4xx_it.o
    0x08001270   0x08001270   0x00000110   Code   RO          514    i.LAN8720_Init      lan8720.o
    0x08001380   0x08001380   0x00000004   Code   RO          398    i.MemManage_Handler  stm32f4xx_it.o
    0x08001384   0x08001384   0x00000002   Code   RO          399    i.NMI_Handler       stm32f4xx_it.o
    0x08001386   0x08001386   0x00000002   PAD
    0x08001388   0x08001388   0x00000078   Code   RO          673    i.NVIC_Init         misc.o
    0x08001400   0x08001400   0x00000014   Code   RO          674    i.NVIC_PriorityGroupConfig  misc.o
    0x08001414   0x08001414   0x00000002   Code   RO          400    i.PendSV_Handler    stm32f4xx_it.o
    0x08001416   0x08001416   0x00000002   PAD
    0x08001418   0x08001418   0x00000020   Code   RO         1015    i.RCC_AHB1PeriphClockCmd  stm32f4xx_rcc.o
    0x08001438   0x08001438   0x00000020   Code   RO         1017    i.RCC_AHB1PeriphResetCmd  stm32f4xx_rcc.o
    0x08001458   0x08001458   0x00000020   Code   RO         1024    i.RCC_APB1PeriphClockCmd  stm32f4xx_rcc.o
    0x08001478   0x08001478   0x00000020   Code   RO         1027    i.RCC_APB2PeriphClockCmd  stm32f4xx_rcc.o
    0x08001498   0x08001498   0x000000e8   Code   RO         1036    i.RCC_GetClocksFreq  stm32f4xx_rcc.o
    0x08001580   0x08001580   0x00000002   Code   RO          401    i.SVC_Handler       stm32f4xx_it.o
    0x08001582   0x08001582   0x00000002   PAD
    0x08001584   0x08001584   0x0000000c   Code   RO         1490    i.SYSCFG_ETH_MediaInterfaceConfig  stm32f4xx_syscfg.o
    0x08001590   0x08001590   0x000000ec   Code   RO           13    i.SetSysClock       system_stm32f4xx.o
    0x0800167c   0x0800167c   0x00000002   Code   RO          402    i.SysTick_Handler   stm32f4xx_it.o
    0x0800167e   0x0800167e   0x00000002   PAD
    0x08001680   0x08001680   0x00000068   Code   RO           15    i.SystemInit        system_stm32f4xx.o
    0x080016e8   0x080016e8   0x0000002c   Code   RO          470    i.TIM3_IRQHandler   timer.o
    0x08001714   0x08001714   0x0000005c   Code   RO          471    i.TIM3_Int_Init     timer.o
    0x08001770   0x08001770   0x00000006   Code   RO         1559    i.TIM_ClearITPendingBit  stm32f4xx_tim.o
    0x08001776   0x08001776   0x00000018   Code   RO         1564    i.TIM_Cmd           stm32f4xx_tim.o
    0x0800178e   0x0800178e   0x00000022   Code   RO         1585    i.TIM_GetITStatus   stm32f4xx_tim.o
    0x080017b0   0x080017b0   0x00000012   Code   RO         1589    i.TIM_ITConfig      stm32f4xx_tim.o
    0x080017c2   0x080017c2   0x00000002   PAD
    0x080017c4   0x080017c4   0x00000084   Code   RO         1636    i.TIM_TimeBaseInit  stm32f4xx_tim.o
    0x08001848   0x08001848   0x00000088   Code   RO          342    i.USART1_IRQHandler  uart.o
    0x080018d0   0x080018d0   0x00000018   Code   RO          725    i.USART_Cmd         stm32f4xx_usart.o
    0x080018e8   0x080018e8   0x00000054   Code   RO          729    i.USART_GetITStatus  stm32f4xx_usart.o
    0x0800193c   0x0800193c   0x0000004a   Code   RO          731    i.USART_ITConfig    stm32f4xx_usart.o
    0x08001986   0x08001986   0x00000002   PAD
    0x08001988   0x08001988   0x000000d4   Code   RO          732    i.USART_Init        stm32f4xx_usart.o
    0x08001a5c   0x08001a5c   0x0000000a   Code   RO          739    i.USART_ReceiveData  stm32f4xx_usart.o
    0x08001a66   0x08001a66   0x00000004   Code   RO          403    i.UsageFault_Handler  stm32f4xx_it.o
    0x08001a6a   0x08001a6a   0x00000004   Code   RO          343    i._sys_exit         uart.o
    0x08001a6e   0x08001a6e   0x00000002   PAD
    0x08001a70   0x08001a70   0x0000001c   Code   RO         4119    i.arp_timer         timers.o
    0x08001a8c   0x08001a8c   0x00000040   Code   RO          298    i.delay_init        delay.o
    0x08001acc   0x08001acc   0x00000038   Code   RO          299    i.delay_ms          delay.o
    0x08001b04   0x08001b04   0x0000003c   Code   RO          301    i.delay_xms         delay.o
    0x08001b40   0x08001b40   0x000000b4   Code   RO         3143    i.dhcp_arp_reply    dhcp.o
    0x08001bf4   0x08001bf4   0x000001a0   Code   RO         3144    i.dhcp_bind         dhcp.o
    0x08001d94   0x08001d94   0x00000038   Code   RO         3145    i.dhcp_check        dhcp.o
    0x08001dcc   0x08001dcc   0x00000044   Code   RO         3147    i.dhcp_coarse_tmr   dhcp.o
    0x08001e10   0x08001e10   0x000002e8   Code   RO         3148    i.dhcp_create_msg   dhcp.o
    0x080020f8   0x080020f8   0x00000084   Code   RO         3149    i.dhcp_decline      dhcp.o
    0x0800217c   0x0800217c   0x0000013c   Code   RO         3150    i.dhcp_delete_msg   dhcp.o
    0x080022b8   0x080022b8   0x000000c4   Code   RO         3151    i.dhcp_discover     dhcp.o
    0x0800237c   0x0800237c   0x00000044   Code   RO         3152    i.dhcp_fine_tmr     dhcp.o
    0x080023c0   0x080023c0   0x00000078   Code   RO         3153    i.dhcp_handle_ack   dhcp.o
    0x08002438   0x08002438   0x00000038   Code   RO         3154    i.dhcp_handle_nak   dhcp.o
    0x08002470   0x08002470   0x0000002c   Code   RO         3155    i.dhcp_handle_offer  dhcp.o
    0x0800249c   0x0800249c   0x000000a8   Code   RO         3158    i.dhcp_option       dhcp.o
    0x08002544   0x08002544   0x000000cc   Code   RO         3159    i.dhcp_option_byte  dhcp.o
    0x08002610   0x08002610   0x00000100   Code   RO         3160    i.dhcp_option_long  dhcp.o
    0x08002710   0x08002710   0x000000a4   Code   RO         3161    i.dhcp_option_short  dhcp.o
    0x080027b4   0x080027b4   0x00000180   Code   RO         3162    i.dhcp_option_trailer  dhcp.o
    0x08002934   0x08002934   0x00000516   Code   RO         3163    i.dhcp_parse_reply  dhcp.o
    0x08002e4a   0x08002e4a   0x00000002   PAD
    0x08002e4c   0x08002e4c   0x00000088   Code   RO         3164    i.dhcp_rebind       dhcp.o
    0x08002ed4   0x08002ed4   0x000000a8   Code   RO         3165    i.dhcp_reboot       dhcp.o
    0x08002f7c   0x08002f7c   0x0000018c   Code   RO         3166    i.dhcp_recv         dhcp.o
    0x08003108   0x08003108   0x000000a8   Code   RO         3167    i.dhcp_release      dhcp.o
    0x080031b0   0x080031b0   0x00000086   Code   RO         3168    i.dhcp_renew        dhcp.o
    0x08003236   0x08003236   0x00000002   PAD
    0x08003238   0x08003238   0x000000f4   Code   RO         3169    i.dhcp_select       dhcp.o
    0x0800332c   0x0800332c   0x00000010   Code   RO         3170    i.dhcp_set_state    dhcp.o
    0x0800333c   0x0800333c   0x000001b0   Code   RO         3172    i.dhcp_start        dhcp.o
    0x080034ec   0x080034ec   0x000000f8   Code   RO         3173    i.dhcp_stop         dhcp.o
    0x080035e4   0x080035e4   0x00000020   Code   RO         3174    i.dhcp_t1_timeout   dhcp.o
    0x08003604   0x08003604   0x00000020   Code   RO         3175    i.dhcp_t2_timeout   dhcp.o
    0x08003624   0x08003624   0x000000a4   Code   RO         3176    i.dhcp_timeout      dhcp.o
    0x080036c8   0x080036c8   0x0000001c   Code   RO         4120    i.dhcp_timer_coarse  timers.o
    0x080036e4   0x080036e4   0x0000001c   Code   RO         4121    i.dhcp_timer_fine   timers.o
    0x08003700   0x08003700   0x000001b0   Code   RO         2645    i.etharp_arp_input  etharp.o
    0x080038b0   0x080038b0   0x00000038   Code   RO         2646    i.etharp_cleanup_netif  etharp.o
    0x080038e8   0x080038e8   0x000002e0   Code   RO         2648    i.etharp_find_entry  etharp.o
    0x08003bc8   0x08003bc8   0x00000040   Code   RO         2649    i.etharp_free_entry  etharp.o
    0x08003c08   0x08003c08   0x00000210   Code   RO         2650    i.etharp_output     etharp.o
    0x08003e18   0x08003e18   0x00000120   Code   RO         2651    i.etharp_output_to_arp_index  etharp.o
    0x08003f38   0x08003f38   0x0000026c   Code   RO         2652    i.etharp_query      etharp.o
    0x080041a4   0x080041a4   0x000001a4   Code   RO         2653    i.etharp_raw        etharp.o
    0x08004348   0x08004348   0x0000002c   Code   RO         2654    i.etharp_request    etharp.o
    0x08004374   0x08004374   0x000000b8   Code   RO         2655    i.etharp_send_ip    etharp.o
    0x0800442c   0x0800442c   0x0000008c   Code   RO         2656    i.etharp_tmr        etharp.o
    0x080044b8   0x080044b8   0x00000158   Code   RO         2657    i.etharp_update_arp_entry  etharp.o
    0x08004610   0x08004610   0x00000150   Code   RO         2658    i.ethernet_input    etharp.o
    0x08004760   0x08004760   0x000000b4   Code   RO         2766    i.ethernetif_init   ethernetif.o
    0x08004814   0x08004814   0x0000002c   Code   RO         2767    i.ethernetif_input  ethernetif.o
    0x08004840   0x08004840   0x0000001c   Code   RO          344    i.fputc             uart.o
    0x0800485c   0x0800485c   0x00000012   Code   RO         2836    i.icmp_dest_unreach  icmp.o
    0x0800486e   0x0800486e   0x00000002   PAD
    0x08004870   0x08004870   0x00000320   Code   RO         2837    i.icmp_input        icmp.o
    0x08004b90   0x08004b90   0x00000118   Code   RO         2838    i.icmp_send_response  icmp.o
    0x08004ca8   0x08004ca8   0x00000012   Code   RO         2839    i.icmp_time_exceeded  icmp.o
    0x08004cba   0x08004cba   0x00000014   Code   RO         2898    i.inet_chksum       inet_chksum.o
    0x08004cce   0x08004cce   0x00000056   Code   RO         2899    i.inet_chksum_pbuf  inet_chksum.o
    0x08004d24   0x08004d24   0x0000004e   Code   RO         2991    i.ip4_addr_isbroadcast  ip_addr.o
    0x08004d72   0x08004d72   0x00000002   PAD
    0x08004d74   0x08004d74   0x0000024c   Code   RO         3044    i.ip_frag           ip_frag.o
    0x08004fc0   0x08004fc0   0x0000000a   Code   RO         3045    i.ip_frag_alloc_pbuf_custom_ref  ip_frag.o
    0x08004fca   0x08004fca   0x00000002   PAD
    0x08004fcc   0x08004fcc   0x0000009c   Code   RO         3046    i.ip_frag_free_pbuf_custom_ref  ip_frag.o
    0x08005068   0x08005068   0x000001b8   Code   RO         2936    i.ip_input          ip.o
    0x08005220   0x08005220   0x000000bc   Code   RO         2937    i.ip_output         ip.o
    0x080052dc   0x080052dc   0x00000190   Code   RO         2938    i.ip_output_if      ip.o
    0x0800546c   0x0800546c   0x0000018c   Code   RO         3047    i.ip_reass          ip_frag.o
    0x080055f8   0x080055f8   0x00000320   Code   RO         3048    i.ip_reass_chain_frag_into_datagram_and_validate  ip_frag.o
    0x08005918   0x08005918   0x000000c8   Code   RO         3049    i.ip_reass_dequeue_datagram  ip_frag.o
    0x080059e0   0x080059e0   0x00000054   Code   RO         3050    i.ip_reass_enqueue_new_datagram  ip_frag.o
    0x08005a34   0x08005a34   0x000001dc   Code   RO         3051    i.ip_reass_free_complete_datagram  ip_frag.o
    0x08005c10   0x08005c10   0x0000007c   Code   RO         3052    i.ip_reass_remove_oldest_datagram  ip_frag.o
    0x08005c8c   0x08005c8c   0x0000001c   Code   RO         4122    i.ip_reass_timer    timers.o
    0x08005ca8   0x08005ca8   0x00000034   Code   RO         3053    i.ip_reass_tmr      ip_frag.o
    0x08005cdc   0x08005cdc   0x00000054   Code   RO         2939    i.ip_route          ip.o
    0x08005d30   0x08005d30   0x000000cc   Code   RO         3054    i.ipfrag_free_pbuf_custom  ip_frag.o
    0x08005dfc   0x08005dfc   0x000000a4   Code   RO         2768    i.low_level_init    ethernetif.o
    0x08005ea0   0x08005ea0   0x00000074   Code   RO         2769    i.low_level_input   ethernetif.o
    0x08005f14   0x08005f14   0x0000003e   Code   RO         2770    i.low_level_output  ethernetif.o
    0x08005f52   0x08005f52   0x00000002   PAD
    0x08005f54   0x08005f54   0x00000060   Code   RO         4370    i.lwip_comm_default_ip_set  lwip_comm.o
    0x08005fb4   0x08005fb4   0x00000084   Code   RO         4371    i.lwip_comm_init    lwip_comm.o
    0x08006038   0x08006038   0x00000020   Code   RO         4372    i.lwip_comm_mem_free  lwip_comm.o
    0x08006058   0x08006058   0x00000044   Code   RO         4373    i.lwip_comm_mem_malloc  lwip_comm.o
    0x0800609c   0x0800609c   0x0000034c   Code   RO         4374    i.lwip_dhcp_process_handle  lwip_comm.o
    0x080063e8   0x080063e8   0x0000001a   Code   RO         3113    i.lwip_htonl        def.o
    0x08006402   0x08006402   0x0000000c   Code   RO         3114    i.lwip_htons        def.o
    0x0800640e   0x0800640e   0x0000001c   Code   RO         3344    i.lwip_init         init.o
    0x0800642a   0x0800642a   0x0000000c   Code   RO         3115    i.lwip_ntohl        def.o
    0x08006436   0x08006436   0x0000000c   Code   RO         3116    i.lwip_ntohs        def.o
    0x08006442   0x08006442   0x00000002   PAD
    0x08006444   0x08006444   0x000000a4   Code   RO         4375    i.lwip_periodic_handle  lwip_comm.o
    0x080064e8   0x080064e8   0x00000010   Code   RO         4376    i.lwip_pkt_handle   lwip_comm.o
    0x080064f8   0x080064f8   0x0000005e   Code   RO         2902    i.lwip_standard_chksum  inet_chksum.o
    0x08006556   0x08006556   0x00000002   PAD
    0x08006558   0x08006558   0x0000008c   Code   RO          155    i.main              main.o
    0x080065e4   0x080065e4   0x00000150   Code   RO         3378    i.mem_free          mem.o
    0x08006734   0x08006734   0x00000060   Code   RO         3379    i.mem_init          mem.o
    0x08006794   0x08006794   0x00000278   Code   RO         3380    i.mem_malloc        mem.o
    0x08006a0c   0x08006a0c   0x000001d4   Code   RO         3381    i.mem_trim          mem.o
    0x08006be0   0x08006be0   0x000000c0   Code   RO         3421    i.memp_free         memp.o
    0x08006ca0   0x08006ca0   0x00000008   Code   RO         3422    i.memp_get_memorysize  memp.o
    0x08006ca8   0x08006ca8   0x00000068   Code   RO         3423    i.memp_init         memp.o
    0x08006d10   0x08006d10   0x00000100   Code   RO         3424    i.memp_malloc       memp.o
    0x08006e10   0x08006e10   0x0000006c   Code   RO          589    i.my_mem_free       malloc.o
    0x08006e7c   0x08006e7c   0x00000044   Code   RO          590    i.my_mem_init       malloc.o
    0x08006ec0   0x08006ec0   0x000000a8   Code   RO          591    i.my_mem_malloc     malloc.o
    0x08006f68   0x08006f68   0x00000040   Code   RO          592    i.my_mem_perused    malloc.o
    0x08006fa8   0x08006fa8   0x00000024   Code   RO          593    i.myfree            malloc.o
    0x08006fcc   0x08006fcc   0x00000028   Code   RO          594    i.mymalloc          malloc.o
    0x08006ff4   0x08006ff4   0x00000014   Code   RO          596    i.mymemset          malloc.o
    0x08007008   0x08007008   0x000000fc   Code   RO         3468    i.netif_add         netif.o
    0x08007104   0x08007104   0x00000002   Code   RO         3470    i.netif_init        netif.o
    0x08007106   0x08007106   0x00000028   Code   RO         3472    i.netif_set_addr    netif.o
    0x0800712e   0x0800712e   0x00000002   PAD
    0x08007130   0x08007130   0x0000000c   Code   RO         3473    i.netif_set_default  netif.o
    0x0800713c   0x0800713c   0x0000002a   Code   RO         3474    i.netif_set_down    netif.o
    0x08007166   0x08007166   0x0000000c   Code   RO         3475    i.netif_set_gw      netif.o
    0x08007172   0x08007172   0x00000002   PAD
    0x08007174   0x08007174   0x00000078   Code   RO         3476    i.netif_set_ipaddr  netif.o
    0x080071ec   0x080071ec   0x0000000c   Code   RO         3479    i.netif_set_netmask  netif.o
    0x080071f8   0x080071f8   0x00000036   Code   RO         3480    i.netif_set_up      netif.o
    0x0800722e   0x0800722e   0x00000002   PAD
    0x08007230   0x08007230   0x00000420   Code   RO         3562    i.pbuf_alloc        pbuf.o
    0x08007650   0x08007650   0x00000110   Code   RO         3563    i.pbuf_alloced_custom  pbuf.o
    0x08007760   0x08007760   0x00000158   Code   RO         3564    i.pbuf_cat          pbuf.o
    0x080078b8   0x080078b8   0x00000016   Code   RO         3565    i.pbuf_chain        pbuf.o
    0x080078ce   0x080078ce   0x00000012   Code   RO         3566    i.pbuf_clen         pbuf.o
    0x080078e0   0x080078e0   0x00000240   Code   RO         3568    i.pbuf_copy         pbuf.o
    0x08007b20   0x08007b20   0x0000015c   Code   RO         3569    i.pbuf_copy_partial  pbuf.o
    0x08007c7c   0x08007c7c   0x000001b8   Code   RO         3571    i.pbuf_free         pbuf.o
    0x08007e34   0x08007e34   0x0000015c   Code   RO         3573    i.pbuf_header       pbuf.o
    0x08007f90   0x08007f90   0x000001d8   Code   RO         3576    i.pbuf_realloc      pbuf.o
    0x08008168   0x08008168   0x0000000a   Code   RO         3577    i.pbuf_ref          pbuf.o
    0x08008172   0x08008172   0x00000002   PAD
    0x08008174   0x08008174   0x0000018c   Code   RO         3579    i.pbuf_take         pbuf.o
    0x08008300   0x08008300   0x000001c0   Code   RO         3382    i.plug_holes        mem.o
    0x080084c0   0x080084c0   0x00000074   Code   RO         3678    i.raw_input         raw.o
    0x08008534   0x08008534   0x0000000c   Code   RO         4339    i.sys_now           sys_arch.o
    0x08008540   0x08008540   0x00000154   Code   RO         4125    i.sys_timeout       timers.o
    0x08008694   0x08008694   0x00000050   Code   RO         4126    i.sys_timeouts_init  timers.o
    0x080086e4   0x080086e4   0x0000013c   Code   RO         3744    i.tcp_abandon       tcp.o
    0x08008820   0x08008820   0x0000000e   Code   RO         3745    i.tcp_abort         tcp.o
    0x0800882e   0x0800882e   0x00000002   PAD
    0x08008830   0x08008830   0x000000bc   Code   RO         3748    i.tcp_alloc         tcp.o
    0x080088ec   0x080088ec   0x0000001c   Code   RO         3751    i.tcp_close         tcp.o
    0x08008908   0x08008908   0x00000258   Code   RO         3752    i.tcp_close_shutdown  tcp.o
    0x08008b60   0x08008b60   0x000000ac   Code   RO         4021    i.tcp_create_segment  tcp_out.o
    0x08008c0c   0x08008c0c   0x0000002e   Code   RO         3755    i.tcp_eff_send_mss  tcp.o
    0x08008c3a   0x08008c3a   0x00000002   PAD
    0x08008c3c   0x08008c3c   0x00000298   Code   RO         4022    i.tcp_enqueue_flags  tcp_out.o
    0x08008ed4   0x08008ed4   0x0000007c   Code   RO         3757    i.tcp_fasttmr       tcp.o
    0x08008f50   0x08008f50   0x00000002   Code   RO         3758    i.tcp_init          tcp.o
    0x08008f52   0x08008f52   0x00000002   PAD
    0x08008f54   0x08008f54   0x000006b0   Code   RO         3973    i.tcp_input         tcp_in.o
    0x08009604   0x08009604   0x00000044   Code   RO         4023    i.tcp_keepalive     tcp_out.o
    0x08009648   0x08009648   0x00000054   Code   RO         3759    i.tcp_kill_prio     tcp.o
    0x0800969c   0x0800969c   0x0000003c   Code   RO         3760    i.tcp_kill_timewait  tcp.o
    0x080096d8   0x080096d8   0x00000130   Code   RO         3974    i.tcp_listen_input  tcp_in.o
    0x08009808   0x08009808   0x0000001c   Code   RO         3764    i.tcp_next_iss      tcp.o
    0x08009824   0x08009824   0x00000290   Code   RO         4024    i.tcp_output        tcp_out.o
    0x08009ab4   0x08009ab4   0x00000124   Code   RO         4025    i.tcp_output_alloc_header  tcp_out.o
    0x08009bd8   0x08009bd8   0x000000d0   Code   RO         4026    i.tcp_output_segment  tcp_out.o
    0x08009ca8   0x08009ca8   0x000000b8   Code   RO         3975    i.tcp_parseopt      tcp_in.o
    0x08009d60   0x08009d60   0x00000040   Code   RO         3765    i.tcp_pcb_purge     tcp.o
    0x08009da0   0x08009da0   0x0000014c   Code   RO         3766    i.tcp_pcb_remove    tcp.o
    0x08009eec   0x08009eec   0x0000067c   Code   RO         3976    i.tcp_process       tcp_in.o
    0x0800a568   0x0800a568   0x0000008c   Code   RO         3768    i.tcp_process_refused_data  tcp.o
    0x0800a5f4   0x0800a5f4   0x000008f4   Code   RO         3977    i.tcp_receive       tcp_in.o
    0x0800aee8   0x0800aee8   0x0000002e   Code   RO         3770    i.tcp_recv_null     tcp.o
    0x0800af16   0x0800af16   0x00000002   PAD
    0x0800af18   0x0800af18   0x00000124   Code   RO         3771    i.tcp_recved        tcp.o
    0x0800b03c   0x0800b03c   0x0000005a   Code   RO         4028    i.tcp_rexmit        tcp_out.o
    0x0800b096   0x0800b096   0x00000070   Code   RO         4029    i.tcp_rexmit_fast   tcp_out.o
    0x0800b106   0x0800b106   0x0000003a   Code   RO         4030    i.tcp_rexmit_rto    tcp_out.o
    0x0800b140   0x0800b140   0x00000124   Code   RO         4031    i.tcp_rst           tcp_out.o
    0x0800b264   0x0800b264   0x0000001a   Code   RO         3772    i.tcp_seg_free      tcp.o
    0x0800b27e   0x0800b27e   0x00000018   Code   RO         3773    i.tcp_segs_free     tcp.o
    0x0800b296   0x0800b296   0x0000004e   Code   RO         4032    i.tcp_send_empty_ack  tcp_out.o
    0x0800b2e4   0x0800b2e4   0x0000004a   Code   RO         4033    i.tcp_send_fin      tcp_out.o
    0x0800b32e   0x0800b32e   0x00000002   PAD
    0x0800b330   0x0800b330   0x000005c8   Code   RO         3777    i.tcp_slowtmr       tcp.o
    0x0800b8f8   0x0800b8f8   0x00000038   Code   RO         4128    i.tcp_timer_needed  timers.o
    0x0800b930   0x0800b930   0x000000ac   Code   RO         3978    i.tcp_timewait_input  tcp_in.o
    0x0800b9dc   0x0800b9dc   0x00000024   Code   RO         3778    i.tcp_tmr           tcp.o
    0x0800ba00   0x0800ba00   0x000000e0   Code   RO         3779    i.tcp_update_rcv_ann_wnd  tcp.o
    0x0800bae0   0x0800bae0   0x000000a4   Code   RO         4036    i.tcp_zero_window_probe  tcp_out.o
    0x0800bb84   0x0800bb84   0x00000038   Code   RO         4129    i.tcpip_tcp_timer   timers.o
    0x0800bbbc   0x0800bbbc   0x000000ac   Code   RO          345    i.uart_init         uart.o
    0x0800bc68   0x0800bc68   0x00000100   Code   RO         4191    i.udp_bind          udp.o
    0x0800bd68   0x0800bd68   0x00000064   Code   RO         4192    i.udp_connect       udp.o
    0x0800bdcc   0x0800bdcc   0x000000bc   Code   RO         4446    i.udp_demo_recv     udp_demo.o
    0x0800be88   0x0800be88   0x00000040   Code   RO         4447    i.udp_demo_senddata  udp_demo.o
    0x0800bec8   0x0800bec8   0x00000080   Code   RO         4448    i.udp_demo_test     udp_demo.o
    0x0800bf48   0x0800bf48   0x00000010   Code   RO         4193    i.udp_disconnect    udp.o
    0x0800bf58   0x0800bf58   0x00000002   Code   RO         4194    i.udp_init          udp.o
    0x0800bf5a   0x0800bf5a   0x00000002   PAD
    0x0800bf5c   0x0800bf5c   0x0000027c   Code   RO         4195    i.udp_input         udp.o
    0x0800c1d8   0x0800c1d8   0x0000001c   Code   RO         4196    i.udp_new           udp.o
    0x0800c1f4   0x0800c1f4   0x00000058   Code   RO         4197    i.udp_new_port      udp.o
    0x0800c24c   0x0800c24c   0x00000006   Code   RO         4198    i.udp_recv          udp.o
    0x0800c252   0x0800c252   0x00000002   PAD
    0x0800c254   0x0800c254   0x00000040   Code   RO         4199    i.udp_remove        udp.o
    0x0800c294   0x0800c294   0x00000014   Code   RO         4200    i.udp_send          udp.o
    0x0800c2a8   0x0800c2a8   0x0000002e   Code   RO         4201    i.udp_sendto        udp.o
    0x0800c2d6   0x0800c2d6   0x00000002   PAD
    0x0800c2d8   0x0800c2d8   0x00000174   Code   RO         4202    i.udp_sendto_if     udp.o
    0x0800c44c   0x0800c44c   0x0000000a   Code   RO         4661    x$fpl$fpinit        fz_wm.l(fpinit.o)
    0x0800c456   0x0800c456   0x00000002   PAD
    0x0800c458   0x0800c458   0x00000024   Data   RO          603    .constdata          malloc.o
    0x0800c47c   0x0800c47c   0x0000000c   Data   RO         2660    .constdata          etharp.o
    0x0800c488   0x0800c488   0x00000008   Data   RO         2998    .constdata          ip_addr.o
    0x0800c490   0x0800c490   0x00000028   Data   RO         3426    .constdata          memp.o
    0x0800c4b8   0x0800c4b8   0x00000050   Data   RO         3780    .constdata          tcp.o
    0x0800c508   0x0800c508   0x00000044   Data   RO         2661    .conststring        etharp.o
    0x0800c54c   0x0800c54c   0x0000008c   Data   RO         3178    .conststring        dhcp.o
    0x0800c5d8   0x0800c5d8   0x00000075   Data   RO         3781    .conststring        tcp.o
    0x0800c64d   0x0800c64d   0x00000003   PAD
    0x0800c650   0x0800c650   0x00000055   Data   RO         4037    .conststring        tcp_out.o
    0x0800c6a5   0x0800c6a5   0x00000003   PAD
    0x0800c6a8   0x0800c6a8   0x00000020   Data   RO         4725    Region$$Table       anon$$obj.o


    Execution Region RW_IRAM1 (Exec base: 0x20000000, Load base: 0x0800c6c8, Size: 0x0001bac0, Max: 0x00020000, ABSOLUTE)

    Exec Addr    Load Addr    Size         Type   Attr      Idx    E Section Name        Object

    0x20000000   0x0800c6c8   0x00000004   Data   RW          302    .data               delay.o
    0x20000004   0x0800c6cc   0x00000008   Data   RW          347    .data               uart.o
    0x2000000c   0x0800c6d4   0x00000010   Data   RW          515    .data               lan8720.o
    0x2000001c   0x0800c6e4   0x00000024   Data   RW          604    .data               malloc.o
    0x20000040   0x0800c708   0x00000010   Data   RW         1068    .data               stm32f4xx_rcc.o
    0x20000050   0x0800c718   0x00000010   Data   RW         2200    .data               stm32f4x7_eth.o
    0x20000060   0x0800c728   0x00000001   Data   RW         2662    .data               etharp.o
    0x20000061   0x0800c729   0x00000003   PAD
    0x20000064   0x0800c72c   0x00000012   Data   RW         2940    .data               ip.o
    0x20000076   0x0800c73e   0x00000002   PAD
    0x20000078   0x0800c740   0x00000006   Data   RW         3055    .data               ip_frag.o
    0x2000007e   0x0800c746   0x00000002   PAD
    0x20000080   0x0800c748   0x00000004   Data   RW         3179    .data               dhcp.o
    0x20000084   0x0800c74c   0x00000010   Data   RW         3383    .data               mem.o
    0x20000094   0x0800c75c   0x00000004   Data   RW         3427    .data               memp.o
    0x20000098   0x0800c760   0x00000009   Data   RW         3481    .data               netif.o
    0x200000a1   0x0800c769   0x00000003   PAD
    0x200000a4   0x0800c76c   0x00000004   Data   RW         3684    .data               raw.o
    0x200000a8   0x0800c770   0x00000024   Data   RW         3782    .data               tcp.o
    0x200000cc   0x0800c794   0x00000020   Data   RW         3980    .data               tcp_in.o
    0x200000ec   0x0800c7b4   0x0000000c   Data   RW         4130    .data               timers.o
    0x200000f8   0x0800c7c0   0x00000008   Data   RW         4203    .data               udp.o
    0x20000100   0x0800c7c8   0x00000014   Data   RW         4378    .data               lwip_comm.o
    0x20000114   0x0800c7dc   0x00000008   Data   RW         4450    .data               udp_demo.o
    0x2000011c        -       0x000000c8   Zero   RW          346    .bss                uart.o
    0x200001e4   0x0800c7e4   0x0000001c   PAD
    0x20000200        -       0x0001a900   Zero   RW          602    .bss                malloc.o
    0x2001ab00        -       0x0000000c   Zero   RW         2199    .bss                stm32f4x7_eth.o
    0x2001ab0c        -       0x000000c8   Zero   RW         2659    .bss                etharp.o
    0x2001abd4        -       0x00000032   Zero   RW         3177    .bss                dhcp.o
    0x2001ac06   0x0800c7e4   0x00000002   PAD
    0x2001ac08        -       0x00000028   Zero   RW         3425    .bss                memp.o
    0x2001ac30        -       0x00000010   Zero   RW         3979    .bss                tcp_in.o
    0x2001ac40        -       0x0000004c   Zero   RW         4377    .bss                lwip_comm.o
    0x2001ac8c        -       0x000007d0   Zero   RW         4449    .bss                udp_demo.o
    0x2001b45c        -       0x00000060   Zero   RW         4603    .bss                c_w.l(libspace.o)
    0x2001b4bc   0x0800c7e4   0x00000004   PAD
    0x2001b4c0        -       0x00000200   Zero   RW            2    HEAP                startup_stm32f40_41xxx.o
    0x2001b6c0        -       0x00000400   Zero   RW            1    STACK               startup_stm32f40_41xxx.o



  Load Region LR$$.ARM.__AT_0x10000000 (Base: 0x10000000, Size: 0x00000000, Max: 0x0000f000, ABSOLUTE)

    Execution Region ER$$.ARM.__AT_0x10000000 (Exec base: 0x10000000, Load base: 0x10000000, Size: 0x0000f000, Max: 0x0000f000, ABSOLUTE, UNINIT)

    Exec Addr    Load Addr    Size         Type   Attr      Idx    E Section Name        Object

    0x10000000        -       0x0000f000   Zero   RW          598    .ARM.__AT_0x10000000  malloc.o



  Load Region LR$$.ARM.__AT_0x1000F000 (Base: 0x1000f000, Size: 0x00000000, Max: 0x00000f00, ABSOLUTE)

    Execution Region ER$$.ARM.__AT_0x1000F000 (Exec base: 0x1000f000, Load base: 0x1000f000, Size: 0x00000f00, Max: 0x00000f00, ABSOLUTE, UNINIT)

    Exec Addr    Load Addr    Size         Type   Attr      Idx    E Section Name        Object

    0x1000f000        -       0x00000f00   Zero   RW          599    .ARM.__AT_0x1000F000  malloc.o



  Load Region LR$$.ARM.__AT_0x68000000 (Base: 0x68000000, Size: 0x00000000, Max: 0x000f0000, ABSOLUTE)

    Execution Region ER$$.ARM.__AT_0x68000000 (Exec base: 0x68000000, Load base: 0x68000000, Size: 0x000f0000, Max: 0x000f0000, ABSOLUTE, UNINIT)

    Exec Addr    Load Addr    Size         Type   Attr      Idx    E Section Name        Object

    0x68000000        -       0x000f0000   Zero   RW          600    .ARM.__AT_0x68000000  malloc.o



  Load Region LR$$.ARM.__AT_0x680F0000 (Base: 0x680f0000, Size: 0x00000000, Max: 0x0000f000, ABSOLUTE)

    Execution Region ER$$.ARM.__AT_0x680F0000 (Exec base: 0x680f0000, Load base: 0x680f0000, Size: 0x0000f000, Max: 0x0000f000, ABSOLUTE, UNINIT)

    Exec Addr    Load Addr    Size         Type   Attr      Idx    E Section Name        Object

    0x680f0000        -       0x0000f000   Zero   RW          601    .ARM.__AT_0x680F0000  malloc.o


==============================================================================

Image component sizes


      Code (inc. data)   RO Data    RW Data    ZI Data      Debug   Object Name

        62          0          0          0          0       2476   def.o
       180         12          0          4          0       1964   delay.o
      7044       2282        140          4         50      25332   dhcp.o
      4192       1428         80          1        200      21055   etharp.o
       566        150          0          0          0       7076   ethernetif.o
      1116        490          0          0          0       8605   icmp.o
         0          0          0          0          0       3900   inet.o
       200          0          0          0          0       3121   inet_chksum.o
        28          0          0          0          0       1232   init.o
      1112        296          0         18          0      17982   ip.o
        78          0          8          0          0       7686   ip_addr.o
      3090       1044          0          6          0      12408   ip_frag.o
       924         80          0         16          0       6477   lan8720.o
      1352        498          0         20         76       6923   lwip_comm.o
       140         14          0          0          0      46522   main.o
       504         60         36         36    1218560       6914   malloc.o
      1980        858          0         16          0       5777   mem.o
       560        318         40          4         40       4414   memp.o
       140         24          0          0          0       1971   misc.o
       546        146          0          9          0       9143   netif.o
      4302       1956          0          0          0      11955   pbuf.o
       116         14          0          4          0       1836   raw.o
        64         26        392          0       1536       1016   startup_stm32f40_41xxx.o
      1904        148          0         16         12      17181   stm32f4x7_eth.o
       224          0          0          0          0       2895   stm32f4xx_gpio.o
        26          0          0          0          0       4454   stm32f4xx_it.o
       360         42          0         16          0       6016   stm32f4xx_rcc.o
        12          6          0          0          0        670   stm32f4xx_syscfg.o
       214         28          0          0          0       4386   stm32f4xx_tim.o
       404          8          0          0          0       4982   stm32f4xx_usart.o
        12          6          0          0          0        510   sys_arch.o
       340         32          0          0          0     293005   system_stm32f4xx.o
      4154       1290        197         36          0      26833   tcp.o
      6324       1214          0         32         16      17731   tcp_in.o
      2928        726         85          0          0      12551   tcp_out.o
       136         14          0          0          0       1230   timer.o
       644        244          0         12          0       5469   timers.o
       340         28          0          8        200       4140   uart.o
      1634        414          0          8          0      19641   udp.o
       380         36          0          8       2000       5547   udp_demo.o

    ----------------------------------------------------------------------
     48392      13932       1016        284    1222720     643026   Object Totals
         0          0         32          0          0          0   (incl. Generated)
        60          0          6         10         30          0   (incl. Padding)

    ----------------------------------------------------------------------

      Code (inc. data)   RO Data    RW Data    ZI Data      Debug   Library Member Name

         8          0          0          0          0         68   __main.o
       104          0          0          0          0         84   __printf.o
         0          0          0          0          0          0   __rtentry.o
        12          0          0          0          0          0   __rtentry2.o
         6          0          0          0          0          0   __rtentry4.o
        52          8          0          0          0          0   __scatter.o
        26          0          0          0          0          0   __scatter_copy.o
        28          0          0          0          0          0   __scatter_zi.o
        44          0          0          0          0        108   _printf_char.o
        48          6          0          0          0         96   _printf_char_common.o
        36          4          0          0          0         80   _printf_char_file.o
         6          0          0          0          0          0   _printf_d.o
       120         16          0          0          0         92   _printf_dec.o
       178          0          0          0          0         88   _printf_intcommon.o
         0          0          0          0          0          0   _printf_percent.o
         4          0          0          0          0          0   _printf_percent_end.o
         6          0          0          0          0          0   _printf_s.o
        82          0          0          0          0         80   _printf_str.o
        18          0          0          0          0         80   exit.o
         8          0          0          0          0         68   ferror.o
         6          0          0          0          0        152   heapauxi.o
         2          0          0          0          0          0   libinit.o
         6          0          0          0          0          0   libinit2.o
         2          0          0          0          0          0   libshutdown.o
         2          0          0          0          0          0   libshutdown2.o
         8          4          0          0         96         68   libspace.o
        88          0          0          0          0         76   memcmp.o
        24          4          0          0          0         84   noretval__2printf.o
        68          0          0          0          0         68   rt_memclr.o
        78          0          0          0          0         80   rt_memclr_w.o
       138          0          0          0          0         68   rt_memcpy_v6.o
       100          0          0          0          0         80   rt_memcpy_w.o
         2          0          0          0          0          0   rtexit.o
        10          0          0          0          0          0   rtexit2.o
        62          0          0          0          0         76   strlen.o
        74          0          0          0          0         80   sys_stackheap_outer.o
         2          0          0          0          0         68   use_no_semi.o
         2          0          0          0          0         68   use_no_semi_2.o
        10          0          0          0          0        116   fpinit.o

    ----------------------------------------------------------------------
      1480         42          0          0        100       1928   Library Totals
        10          0          0          0          4          0   (incl. Padding)

    ----------------------------------------------------------------------

      Code (inc. data)   RO Data    RW Data    ZI Data      Debug   Library Name

      1460         42          0          0         96       1812   c_w.l
        10          0          0          0          0        116   fz_wm.l

    ----------------------------------------------------------------------
      1480         42          0          0        100       1928   Library Totals

    ----------------------------------------------------------------------

==============================================================================


      Code (inc. data)   RO Data    RW Data    ZI Data      Debug   

     49872      13974       1016        284    1222820     618818   Grand Totals
     49872      13974       1016        284    1222820     618818   ELF Image Totals
     49872      13974       1016        284          0          0   ROM Totals

==============================================================================

    Total RO  Size (Code + RO Data)                50888 (  49.70kB)
    Total RW  Size (RW Data + ZI Data)           1223104 (1194.44kB)
    Total ROM Size (Code + RO Data + RW Data)      51172 (  49.97kB)

==============================================================================

